---
http_interactions:
- request:
    method: post
    uri: http://11.22.33.44:5000/v2.0/tokens
    body:
      encoding: UTF-8
      string: '{"auth":{"passwordCredentials":{"username":"admin","password":"password_2WpEraURh"},"tenantName":"admin"}}'
    headers:
      User-Agent:
      - fog-core/1.45.0
      Content-Type:
      - application/json
  response:
    status:
      code: 200
      message: OK
    headers:
      Date:
      - Tue, 13 Nov 2018 17:25:32 GMT
      Server:
      - Apache/2.4.6 (Red Hat Enterprise Linux)
      Vary:
      - X-Auth-Token,Accept-Encoding
      X-Openstack-Request-Id:
      - req-c5c7cc11-fe50-4686-8740-1cab9c8c110d
      Content-Length:
      - '4170'
      Connection:
      - close
      Content-Type:
      - application/json
    body:
      encoding: ASCII-8BIT
      string: '{"access": {"token": {"issued_at": "2018-11-13T17:25:32.707644", "expires":
        "2018-11-13T18:25:32Z", "id": "06e2d6f488ea4f7793f553477d9666ef", "tenant":
        {"description": "admin tenant", "enabled": true, "id": "e54e5c3c19e34720b05661f2ea1ea00a",
        "name": "admin"}, "audit_ids": ["tkj_1pHlQem3iA65ROejDw"]}, "serviceCatalog":
        [{"endpoints": [{"adminURL": "http://10.8.99.233:8774/v2/e54e5c3c19e34720b05661f2ea1ea00a",
        "region": "RegionOne", "internalURL": "http://10.8.99.233:8774/v2/e54e5c3c19e34720b05661f2ea1ea00a",
        "id": "33f58c6950134a2381bb3668fae5a325", "publicURL": "http://10.8.99.233:8774/v2/e54e5c3c19e34720b05661f2ea1ea00a"}],
        "endpoints_links": [], "type": "compute", "name": "nova"}, {"endpoints": [{"adminURL":
        "http://10.8.99.233:9696", "region": "RegionOne", "internalURL": "http://10.8.99.233:9696",
        "id": "5b097055aff24a40aa4cd2d7317c9108", "publicURL": "http://10.8.99.233:9696"}],
        "endpoints_links": [], "type": "network", "name": "neutron"}, {"endpoints":
        [{"adminURL": "http://10.8.99.233:8776/v2/e54e5c3c19e34720b05661f2ea1ea00a",
        "region": "RegionOne", "internalURL": "http://10.8.99.233:8776/v2/e54e5c3c19e34720b05661f2ea1ea00a",
        "id": "13c4208d548d4bcdaedfe8296b6559ee", "publicURL": "http://10.8.99.233:8776/v2/e54e5c3c19e34720b05661f2ea1ea00a"}],
        "endpoints_links": [], "type": "volumev2", "name": "cinderv2"}, {"endpoints":
        [{"adminURL": "http://127.0.0.1:8774/v3", "region": "RegionOne", "internalURL":
        "http://127.0.0.1:8774/v3", "id": "3874f107e1a0461596883a12743dbcc0", "publicURL":
        "http://127.0.0.1:8774/v3"}], "endpoints_links": [], "type": "computev3",
        "name": "novav3"}, {"endpoints": [{"adminURL": "http://10.8.99.233:9292",
        "region": "RegionOne", "internalURL": "http://10.8.99.233:9292", "id": "75fcb24891654062ae1703e6b92f6018",
        "publicURL": "http://10.8.99.233:9292"}], "endpoints_links": [], "type": "image",
        "name": "glance"}, {"endpoints": [{"adminURL": "http://10.8.99.233:8777",
        "region": "RegionOne", "internalURL": "http://10.8.99.233:8777", "id": "2c972a2880d1453aad86104dcda88a55",
        "publicURL": "http://10.8.99.233:8777"}], "endpoints_links": [], "type": "metering",
        "name": "ceilometer"}, {"endpoints": [{"adminURL": "http://10.8.99.233:8776/v1/e54e5c3c19e34720b05661f2ea1ea00a",
        "region": "RegionOne", "internalURL": "http://10.8.99.233:8776/v1/e54e5c3c19e34720b05661f2ea1ea00a",
        "id": "410c753013fb430c9998f22f68c4cb18", "publicURL": "http://10.8.99.233:8776/v1/e54e5c3c19e34720b05661f2ea1ea00a"}],
        "endpoints_links": [], "type": "volume", "name": "cinder"}, {"endpoints":
        [{"adminURL": "http://10.8.99.233:8773/services/Admin", "region": "RegionOne",
        "internalURL": "http://10.8.99.233:8773/services/Cloud", "id": "2833b001aa814ddf9216479d379cdac1",
        "publicURL": "http://10.8.99.233:8773/services/Cloud"}], "endpoints_links":
        [], "type": "ec2", "name": "nova_ec2"}, {"endpoints": [{"adminURL": "http://10.8.99.233:8004/v1/e54e5c3c19e34720b05661f2ea1ea00a",
        "region": "RegionOne", "internalURL": "http://10.8.99.233:8004/v1/e54e5c3c19e34720b05661f2ea1ea00a",
        "id": "a29a931a5667478c8b3724506a286144", "publicURL": "http://10.8.99.233:8004/v1/e54e5c3c19e34720b05661f2ea1ea00a"}],
        "endpoints_links": [], "type": "orchestration", "name": "heat"}, {"endpoints":
        [{"adminURL": "http://10.8.99.233:8080", "region": "RegionOne", "internalURL":
        "http://10.8.99.233:8080/v1/AUTH_e54e5c3c19e34720b05661f2ea1ea00a", "id":
        "7a2262abf515414ea08b3beedc87e51e", "publicURL": "http://10.8.99.233:8080/v1/AUTH_e54e5c3c19e34720b05661f2ea1ea00a"}],
        "endpoints_links": [], "type": "object-store", "name": "swift"}, {"endpoints":
        [{"adminURL": "http://10.8.99.233:35357/v2.0", "region": "RegionOne", "internalURL":
        "http://10.8.99.233:5000/v2.0", "id": "5d1b7edf24e14ce29abaeee69e84e529",
        "publicURL": "http://10.8.99.233:5000/v2.0"}], "endpoints_links": [], "type":
        "identity", "name": "keystone"}], "user": {"username": "admin", "roles_links":
        [], "id": "80ea157498b44d08aa6d6f54b8a7c3e7", "roles": [{"name": "admin"},
        {"name": "_member_"}, {"name": "heat_stack_owner"}], "name": "admin"}, "metadata":
        {"is_admin": 0, "roles": ["bafabff3f3174e6ab41388bde984e1e5", "9fe2ff9ee4384b1894a90878d3e92bab",
        "725d26e4ae494cc689c60f857e347267"]}}}'
    http_version: 
  recorded_at: Tue, 13 Nov 2018 17:25:32 GMT
- request:
    method: get
    uri: http://10.8.99.233:8774/
    body:
      encoding: US-ASCII
      string: ''
    headers:
      User-Agent:
      - fog-core/1.45.0
      Content-Type:
      - application/json
      Accept:
      - application/json
      X-Auth-Token:
      - 06e2d6f488ea4f7793f553477d9666ef
  response:
    status:
      code: 200
      message: OK
    headers:
      Content-Type:
      - application/json
      Content-Length:
      - '371'
      Date:
      - Tue, 13 Nov 2018 17:25:32 GMT
    body:
      encoding: ASCII-8BIT
      string: '{"versions": [{"status": "SUPPORTED", "updated": "2011-01-21T11:33:21Z",
        "links": [{"href": "http://10.8.99.233:8774/v2/", "rel": "self"}], "min_version":
        "", "version": "", "id": "v2.0"}, {"status": "CURRENT", "updated": "2013-07-23T11:33:21Z",
        "links": [{"href": "http://10.8.99.233:8774/v2.1/", "rel": "self"}], "min_version":
        "2.1", "version": "2.12", "id": "v2.1"}]}'
    http_version: 
  recorded_at: Tue, 13 Nov 2018 17:25:32 GMT
- request:
    method: post
    uri: http://11.22.33.44:5000/v2.0/tokens
    body:
      encoding: UTF-8
      string: '{"auth":{"passwordCredentials":{"username":"admin","password":"password_2WpEraURh"},"tenantName":"admin"}}'
    headers:
      User-Agent:
      - fog-core/1.45.0
      Content-Type:
      - application/json
  response:
    status:
      code: 200
      message: OK
    headers:
      Date:
      - Tue, 13 Nov 2018 17:25:32 GMT
      Server:
      - Apache/2.4.6 (Red Hat Enterprise Linux)
      Vary:
      - X-Auth-Token,Accept-Encoding
      X-Openstack-Request-Id:
      - req-1799ef07-2ace-4fa7-8324-9be6993a929a
      Content-Length:
      - '4170'
      Connection:
      - close
      Content-Type:
      - application/json
    body:
      encoding: ASCII-8BIT
      string: '{"access": {"token": {"issued_at": "2018-11-13T17:25:32.999961", "expires":
        "2018-11-13T18:25:32Z", "id": "63d31c003df8478d915edc2b919e20f8", "tenant":
        {"description": "admin tenant", "enabled": true, "id": "e54e5c3c19e34720b05661f2ea1ea00a",
        "name": "admin"}, "audit_ids": ["2F0-l_TkTd-bw1-nM1yL9Q"]}, "serviceCatalog":
        [{"endpoints": [{"adminURL": "http://10.8.99.233:8774/v2/e54e5c3c19e34720b05661f2ea1ea00a",
        "region": "RegionOne", "internalURL": "http://10.8.99.233:8774/v2/e54e5c3c19e34720b05661f2ea1ea00a",
        "id": "33f58c6950134a2381bb3668fae5a325", "publicURL": "http://10.8.99.233:8774/v2/e54e5c3c19e34720b05661f2ea1ea00a"}],
        "endpoints_links": [], "type": "compute", "name": "nova"}, {"endpoints": [{"adminURL":
        "http://10.8.99.233:9696", "region": "RegionOne", "internalURL": "http://10.8.99.233:9696",
        "id": "5b097055aff24a40aa4cd2d7317c9108", "publicURL": "http://10.8.99.233:9696"}],
        "endpoints_links": [], "type": "network", "name": "neutron"}, {"endpoints":
        [{"adminURL": "http://10.8.99.233:8776/v2/e54e5c3c19e34720b05661f2ea1ea00a",
        "region": "RegionOne", "internalURL": "http://10.8.99.233:8776/v2/e54e5c3c19e34720b05661f2ea1ea00a",
        "id": "13c4208d548d4bcdaedfe8296b6559ee", "publicURL": "http://10.8.99.233:8776/v2/e54e5c3c19e34720b05661f2ea1ea00a"}],
        "endpoints_links": [], "type": "volumev2", "name": "cinderv2"}, {"endpoints":
        [{"adminURL": "http://127.0.0.1:8774/v3", "region": "RegionOne", "internalURL":
        "http://127.0.0.1:8774/v3", "id": "3874f107e1a0461596883a12743dbcc0", "publicURL":
        "http://127.0.0.1:8774/v3"}], "endpoints_links": [], "type": "computev3",
        "name": "novav3"}, {"endpoints": [{"adminURL": "http://10.8.99.233:9292",
        "region": "RegionOne", "internalURL": "http://10.8.99.233:9292", "id": "75fcb24891654062ae1703e6b92f6018",
        "publicURL": "http://10.8.99.233:9292"}], "endpoints_links": [], "type": "image",
        "name": "glance"}, {"endpoints": [{"adminURL": "http://10.8.99.233:8777",
        "region": "RegionOne", "internalURL": "http://10.8.99.233:8777", "id": "2c972a2880d1453aad86104dcda88a55",
        "publicURL": "http://10.8.99.233:8777"}], "endpoints_links": [], "type": "metering",
        "name": "ceilometer"}, {"endpoints": [{"adminURL": "http://10.8.99.233:8776/v1/e54e5c3c19e34720b05661f2ea1ea00a",
        "region": "RegionOne", "internalURL": "http://10.8.99.233:8776/v1/e54e5c3c19e34720b05661f2ea1ea00a",
        "id": "410c753013fb430c9998f22f68c4cb18", "publicURL": "http://10.8.99.233:8776/v1/e54e5c3c19e34720b05661f2ea1ea00a"}],
        "endpoints_links": [], "type": "volume", "name": "cinder"}, {"endpoints":
        [{"adminURL": "http://10.8.99.233:8773/services/Admin", "region": "RegionOne",
        "internalURL": "http://10.8.99.233:8773/services/Cloud", "id": "2833b001aa814ddf9216479d379cdac1",
        "publicURL": "http://10.8.99.233:8773/services/Cloud"}], "endpoints_links":
        [], "type": "ec2", "name": "nova_ec2"}, {"endpoints": [{"adminURL": "http://10.8.99.233:8004/v1/e54e5c3c19e34720b05661f2ea1ea00a",
        "region": "RegionOne", "internalURL": "http://10.8.99.233:8004/v1/e54e5c3c19e34720b05661f2ea1ea00a",
        "id": "a29a931a5667478c8b3724506a286144", "publicURL": "http://10.8.99.233:8004/v1/e54e5c3c19e34720b05661f2ea1ea00a"}],
        "endpoints_links": [], "type": "orchestration", "name": "heat"}, {"endpoints":
        [{"adminURL": "http://10.8.99.233:8080", "region": "RegionOne", "internalURL":
        "http://10.8.99.233:8080/v1/AUTH_e54e5c3c19e34720b05661f2ea1ea00a", "id":
        "7a2262abf515414ea08b3beedc87e51e", "publicURL": "http://10.8.99.233:8080/v1/AUTH_e54e5c3c19e34720b05661f2ea1ea00a"}],
        "endpoints_links": [], "type": "object-store", "name": "swift"}, {"endpoints":
        [{"adminURL": "http://10.8.99.233:35357/v2.0", "region": "RegionOne", "internalURL":
        "http://10.8.99.233:5000/v2.0", "id": "5d1b7edf24e14ce29abaeee69e84e529",
        "publicURL": "http://10.8.99.233:5000/v2.0"}], "endpoints_links": [], "type":
        "identity", "name": "keystone"}], "user": {"username": "admin", "roles_links":
        [], "id": "80ea157498b44d08aa6d6f54b8a7c3e7", "roles": [{"name": "admin"},
        {"name": "_member_"}, {"name": "heat_stack_owner"}], "name": "admin"}, "metadata":
        {"is_admin": 0, "roles": ["bafabff3f3174e6ab41388bde984e1e5", "9fe2ff9ee4384b1894a90878d3e92bab",
        "725d26e4ae494cc689c60f857e347267"]}}}'
    http_version: 
  recorded_at: Tue, 13 Nov 2018 17:25:33 GMT
- request:
    method: get
    uri: http://11.22.33.44:5000/v2.0/tenants
    body:
      encoding: US-ASCII
      string: ''
    headers:
      User-Agent:
      - fog-core/1.45.0
      Content-Type:
      - application/json
      Accept:
      - application/json
      X-Auth-Token:
      - 63d31c003df8478d915edc2b919e20f8
  response:
    status:
      code: 200
      message: OK
    headers:
      Date:
      - Tue, 13 Nov 2018 17:25:33 GMT
      Server:
      - Apache/2.4.6 (Red Hat Enterprise Linux)
      Vary:
      - X-Auth-Token,Accept-Encoding
      X-Openstack-Request-Id:
      - req-bbe8ecb5-9cc4-4401-bb84-82057071cc17
      Content-Length:
      - '500'
      Connection:
      - close
      Content-Type:
      - application/json
    body:
      encoding: ASCII-8BIT
      string: '{"tenants_links": [], "tenants": [{"description": "", "enabled": true,
        "id": "69f8f7205ade4aa59084c32c83e60b5a", "name": "EmsRefreshSpec-Project"},
        {"description": "", "enabled": true, "id": "b458a5c25c3749758f4c0661940b3ba8",
        "name": "EmsRefreshSpec-Project-No-Admin-Role"}, {"description": "admin tenant",
        "enabled": true, "id": "e54e5c3c19e34720b05661f2ea1ea00a", "name": "admin"},
        {"description": "", "enabled": true, "id": "e8f744b1fc6a487681d35fb275252608",
        "name": "EmsRefreshSpec-Project2"}]}'
    http_version: 
  recorded_at: Tue, 13 Nov 2018 17:25:33 GMT
- request:
    method: post
    uri: http://11.22.33.44:5000/v2.0/tokens
    body:
      encoding: UTF-8
      string: '{"auth":{"passwordCredentials":{"username":"admin","password":"password_2WpEraURh"},"tenantName":"admin"}}'
    headers:
      User-Agent:
      - fog-core/1.45.0
      Content-Type:
      - application/json
  response:
    status:
      code: 200
      message: OK
    headers:
      Date:
      - Tue, 13 Nov 2018 17:25:33 GMT
      Server:
      - Apache/2.4.6 (Red Hat Enterprise Linux)
      Vary:
      - X-Auth-Token,Accept-Encoding
      X-Openstack-Request-Id:
      - req-9816d2af-31e2-4fb9-86f7-28cd81d51cfc
      Content-Length:
      - '4170'
      Connection:
      - close
      Content-Type:
      - application/json
    body:
      encoding: ASCII-8BIT
      string: '{"access": {"token": {"issued_at": "2018-11-13T17:25:33.465601", "expires":
        "2018-11-13T18:25:33Z", "id": "e1a39e1afd9a4569acba5b4f152323de", "tenant":
        {"description": "admin tenant", "enabled": true, "id": "e54e5c3c19e34720b05661f2ea1ea00a",
        "name": "admin"}, "audit_ids": ["3SrvSDvMThmpDGCiemGcDg"]}, "serviceCatalog":
        [{"endpoints": [{"adminURL": "http://10.8.99.233:8774/v2/e54e5c3c19e34720b05661f2ea1ea00a",
        "region": "RegionOne", "internalURL": "http://10.8.99.233:8774/v2/e54e5c3c19e34720b05661f2ea1ea00a",
        "id": "33f58c6950134a2381bb3668fae5a325", "publicURL": "http://10.8.99.233:8774/v2/e54e5c3c19e34720b05661f2ea1ea00a"}],
        "endpoints_links": [], "type": "compute", "name": "nova"}, {"endpoints": [{"adminURL":
        "http://10.8.99.233:9696", "region": "RegionOne", "internalURL": "http://10.8.99.233:9696",
        "id": "5b097055aff24a40aa4cd2d7317c9108", "publicURL": "http://10.8.99.233:9696"}],
        "endpoints_links": [], "type": "network", "name": "neutron"}, {"endpoints":
        [{"adminURL": "http://10.8.99.233:8776/v2/e54e5c3c19e34720b05661f2ea1ea00a",
        "region": "RegionOne", "internalURL": "http://10.8.99.233:8776/v2/e54e5c3c19e34720b05661f2ea1ea00a",
        "id": "13c4208d548d4bcdaedfe8296b6559ee", "publicURL": "http://10.8.99.233:8776/v2/e54e5c3c19e34720b05661f2ea1ea00a"}],
        "endpoints_links": [], "type": "volumev2", "name": "cinderv2"}, {"endpoints":
        [{"adminURL": "http://127.0.0.1:8774/v3", "region": "RegionOne", "internalURL":
        "http://127.0.0.1:8774/v3", "id": "3874f107e1a0461596883a12743dbcc0", "publicURL":
        "http://127.0.0.1:8774/v3"}], "endpoints_links": [], "type": "computev3",
        "name": "novav3"}, {"endpoints": [{"adminURL": "http://10.8.99.233:9292",
        "region": "RegionOne", "internalURL": "http://10.8.99.233:9292", "id": "75fcb24891654062ae1703e6b92f6018",
        "publicURL": "http://10.8.99.233:9292"}], "endpoints_links": [], "type": "image",
        "name": "glance"}, {"endpoints": [{"adminURL": "http://10.8.99.233:8777",
        "region": "RegionOne", "internalURL": "http://10.8.99.233:8777", "id": "2c972a2880d1453aad86104dcda88a55",
        "publicURL": "http://10.8.99.233:8777"}], "endpoints_links": [], "type": "metering",
        "name": "ceilometer"}, {"endpoints": [{"adminURL": "http://10.8.99.233:8776/v1/e54e5c3c19e34720b05661f2ea1ea00a",
        "region": "RegionOne", "internalURL": "http://10.8.99.233:8776/v1/e54e5c3c19e34720b05661f2ea1ea00a",
        "id": "410c753013fb430c9998f22f68c4cb18", "publicURL": "http://10.8.99.233:8776/v1/e54e5c3c19e34720b05661f2ea1ea00a"}],
        "endpoints_links": [], "type": "volume", "name": "cinder"}, {"endpoints":
        [{"adminURL": "http://10.8.99.233:8773/services/Admin", "region": "RegionOne",
        "internalURL": "http://10.8.99.233:8773/services/Cloud", "id": "2833b001aa814ddf9216479d379cdac1",
        "publicURL": "http://10.8.99.233:8773/services/Cloud"}], "endpoints_links":
        [], "type": "ec2", "name": "nova_ec2"}, {"endpoints": [{"adminURL": "http://10.8.99.233:8004/v1/e54e5c3c19e34720b05661f2ea1ea00a",
        "region": "RegionOne", "internalURL": "http://10.8.99.233:8004/v1/e54e5c3c19e34720b05661f2ea1ea00a",
        "id": "a29a931a5667478c8b3724506a286144", "publicURL": "http://10.8.99.233:8004/v1/e54e5c3c19e34720b05661f2ea1ea00a"}],
        "endpoints_links": [], "type": "orchestration", "name": "heat"}, {"endpoints":
        [{"adminURL": "http://10.8.99.233:8080", "region": "RegionOne", "internalURL":
        "http://10.8.99.233:8080/v1/AUTH_e54e5c3c19e34720b05661f2ea1ea00a", "id":
        "7a2262abf515414ea08b3beedc87e51e", "publicURL": "http://10.8.99.233:8080/v1/AUTH_e54e5c3c19e34720b05661f2ea1ea00a"}],
        "endpoints_links": [], "type": "object-store", "name": "swift"}, {"endpoints":
        [{"adminURL": "http://10.8.99.233:35357/v2.0", "region": "RegionOne", "internalURL":
        "http://10.8.99.233:5000/v2.0", "id": "5d1b7edf24e14ce29abaeee69e84e529",
        "publicURL": "http://10.8.99.233:5000/v2.0"}], "endpoints_links": [], "type":
        "identity", "name": "keystone"}], "user": {"username": "admin", "roles_links":
        [], "id": "80ea157498b44d08aa6d6f54b8a7c3e7", "roles": [{"name": "admin"},
        {"name": "_member_"}, {"name": "heat_stack_owner"}], "name": "admin"}, "metadata":
        {"is_admin": 0, "roles": ["bafabff3f3174e6ab41388bde984e1e5", "9fe2ff9ee4384b1894a90878d3e92bab",
        "725d26e4ae494cc689c60f857e347267"]}}}'
    http_version: 
  recorded_at: Tue, 13 Nov 2018 17:25:33 GMT
- request:
    method: get
    uri: http://10.8.99.233:9696/
    body:
      encoding: US-ASCII
      string: ''
    headers:
      User-Agent:
      - fog-core/1.45.0
      Content-Type:
      - application/json
      Accept:
      - application/json
      X-Auth-Token:
      - e1a39e1afd9a4569acba5b4f152323de
  response:
    status:
      code: 200
      message: OK
    headers:
      Content-Type:
      - application/json; charset=UTF-8
      Content-Length:
      - '119'
      Date:
      - Tue, 13 Nov 2018 17:25:33 GMT
    body:
      encoding: ASCII-8BIT
      string: '{"versions": [{"status": "CURRENT", "id": "v2.0", "links": [{"href":
        "http://10.8.99.233:9696/v2.0", "rel": "self"}]}]}'
    http_version: 
  recorded_at: Tue, 13 Nov 2018 17:25:33 GMT
- request:
    method: post
    uri: http://11.22.33.44:5000/v2.0/tokens
    body:
      encoding: UTF-8
      string: '{"auth":{"passwordCredentials":{"username":"admin","password":"password_2WpEraURh"},"tenantName":""}}'
    headers:
      User-Agent:
      - fog-core/1.45.0
      Content-Type:
      - application/json
  response:
    status:
      code: 200
      message: OK
    headers:
      Date:
      - Tue, 13 Nov 2018 17:25:33 GMT
      Server:
      - Apache/2.4.6 (Red Hat Enterprise Linux)
      Vary:
      - X-Auth-Token,Accept-Encoding
      X-Openstack-Request-Id:
      - req-3816aea8-e5be-4501-84e7-d9f3cea1110b
      Content-Length:
      - '370'
      Connection:
      - close
      Content-Type:
      - application/json
    body:
      encoding: ASCII-8BIT
      string: '{"access": {"token": {"issued_at": "2018-11-13T17:25:33.740334", "expires":
        "2018-11-13T18:25:33Z", "id": "e9f40ed03c4c495ca5fa366177d85d05", "audit_ids":
        ["6sFNuXZLQCmhvorN9ROBYA"]}, "serviceCatalog": [], "user": {"username": "admin",
        "roles_links": [], "id": "80ea157498b44d08aa6d6f54b8a7c3e7", "roles": [],
        "name": "admin"}, "metadata": {"is_admin": 0, "roles": []}}}'
    http_version: 
  recorded_at: Tue, 13 Nov 2018 17:25:33 GMT
- request:
    method: get
    uri: http://11.22.33.44:5000/v2.0/tenants
    body:
      encoding: US-ASCII
      string: ''
    headers:
      User-Agent:
      - fog-core/1.45.0
      Content-Type:
      - application/json
      Accept:
      - application/json
      X-Auth-Token:
      - e9f40ed03c4c495ca5fa366177d85d05
  response:
    status:
      code: 200
      message: OK
    headers:
      Date:
      - Tue, 13 Nov 2018 17:25:38 GMT
      Server:
      - Apache/2.4.6 (Red Hat Enterprise Linux)
      Vary:
      - X-Auth-Token,Accept-Encoding
      X-Openstack-Request-Id:
      - req-ee0144f1-7d38-448a-b9f7-318dc4ed6862
      Content-Length:
      - '500'
      Connection:
      - close
      Content-Type:
      - application/json
    body:
      encoding: ASCII-8BIT
      string: '{"tenants_links": [], "tenants": [{"description": "", "enabled": true,
        "id": "69f8f7205ade4aa59084c32c83e60b5a", "name": "EmsRefreshSpec-Project"},
        {"description": "", "enabled": true, "id": "b458a5c25c3749758f4c0661940b3ba8",
        "name": "EmsRefreshSpec-Project-No-Admin-Role"}, {"description": "admin tenant",
        "enabled": true, "id": "e54e5c3c19e34720b05661f2ea1ea00a", "name": "admin"},
        {"description": "", "enabled": true, "id": "e8f744b1fc6a487681d35fb275252608",
        "name": "EmsRefreshSpec-Project2"}]}'
    http_version: 
  recorded_at: Tue, 13 Nov 2018 17:25:38 GMT
- request:
    method: post
    uri: http://11.22.33.44:5000/v2.0/tokens
    body:
      encoding: UTF-8
      string: '{"auth":{"token":{"id":"e9f40ed03c4c495ca5fa366177d85d05"},"tenantName":"EmsRefreshSpec-Project"}}'
    headers:
      User-Agent:
      - fog-core/1.45.0
      Content-Type:
      - application/json
  response:
    status:
      code: 200
      message: OK
    headers:
      Date:
      - Tue, 13 Nov 2018 17:25:38 GMT
      Server:
      - Apache/2.4.6 (Red Hat Enterprise Linux)
      Vary:
      - X-Auth-Token,Accept-Encoding
      X-Openstack-Request-Id:
      - req-7f0d9cb1-c055-4665-be89-7c4d6a8000a6
      Content-Length:
      - '4143'
      Connection:
      - close
      Content-Type:
      - application/json
    body:
      encoding: ASCII-8BIT
      string: '{"access": {"token": {"issued_at": "2018-11-13T17:25:39.042321", "expires":
        "2018-11-13T18:25:33Z", "id": "6480b873a5bd45c78b82f9d5e20314a1", "tenant":
        {"description": "", "enabled": true, "id": "69f8f7205ade4aa59084c32c83e60b5a",
        "name": "EmsRefreshSpec-Project"}, "audit_ids": ["ckaEF3hQS1aQvG2j9kNXuQ",
        "6sFNuXZLQCmhvorN9ROBYA"]}, "serviceCatalog": [{"endpoints": [{"adminURL":
        "http://10.8.99.233:8774/v2/69f8f7205ade4aa59084c32c83e60b5a", "region": "RegionOne",
        "internalURL": "http://10.8.99.233:8774/v2/69f8f7205ade4aa59084c32c83e60b5a",
        "id": "33f58c6950134a2381bb3668fae5a325", "publicURL": "http://10.8.99.233:8774/v2/69f8f7205ade4aa59084c32c83e60b5a"}],
        "endpoints_links": [], "type": "compute", "name": "nova"}, {"endpoints": [{"adminURL":
        "http://10.8.99.233:9696", "region": "RegionOne", "internalURL": "http://10.8.99.233:9696",
        "id": "5b097055aff24a40aa4cd2d7317c9108", "publicURL": "http://10.8.99.233:9696"}],
        "endpoints_links": [], "type": "network", "name": "neutron"}, {"endpoints":
        [{"adminURL": "http://10.8.99.233:8776/v2/69f8f7205ade4aa59084c32c83e60b5a",
        "region": "RegionOne", "internalURL": "http://10.8.99.233:8776/v2/69f8f7205ade4aa59084c32c83e60b5a",
        "id": "13c4208d548d4bcdaedfe8296b6559ee", "publicURL": "http://10.8.99.233:8776/v2/69f8f7205ade4aa59084c32c83e60b5a"}],
        "endpoints_links": [], "type": "volumev2", "name": "cinderv2"}, {"endpoints":
        [{"adminURL": "http://127.0.0.1:8774/v3", "region": "RegionOne", "internalURL":
        "http://127.0.0.1:8774/v3", "id": "3874f107e1a0461596883a12743dbcc0", "publicURL":
        "http://127.0.0.1:8774/v3"}], "endpoints_links": [], "type": "computev3",
        "name": "novav3"}, {"endpoints": [{"adminURL": "http://10.8.99.233:9292",
        "region": "RegionOne", "internalURL": "http://10.8.99.233:9292", "id": "75fcb24891654062ae1703e6b92f6018",
        "publicURL": "http://10.8.99.233:9292"}], "endpoints_links": [], "type": "image",
        "name": "glance"}, {"endpoints": [{"adminURL": "http://10.8.99.233:8777",
        "region": "RegionOne", "internalURL": "http://10.8.99.233:8777", "id": "2c972a2880d1453aad86104dcda88a55",
        "publicURL": "http://10.8.99.233:8777"}], "endpoints_links": [], "type": "metering",
        "name": "ceilometer"}, {"endpoints": [{"adminURL": "http://10.8.99.233:8776/v1/69f8f7205ade4aa59084c32c83e60b5a",
        "region": "RegionOne", "internalURL": "http://10.8.99.233:8776/v1/69f8f7205ade4aa59084c32c83e60b5a",
        "id": "410c753013fb430c9998f22f68c4cb18", "publicURL": "http://10.8.99.233:8776/v1/69f8f7205ade4aa59084c32c83e60b5a"}],
        "endpoints_links": [], "type": "volume", "name": "cinder"}, {"endpoints":
        [{"adminURL": "http://10.8.99.233:8773/services/Admin", "region": "RegionOne",
        "internalURL": "http://10.8.99.233:8773/services/Cloud", "id": "2833b001aa814ddf9216479d379cdac1",
        "publicURL": "http://10.8.99.233:8773/services/Cloud"}], "endpoints_links":
        [], "type": "ec2", "name": "nova_ec2"}, {"endpoints": [{"adminURL": "http://10.8.99.233:8004/v1/69f8f7205ade4aa59084c32c83e60b5a",
        "region": "RegionOne", "internalURL": "http://10.8.99.233:8004/v1/69f8f7205ade4aa59084c32c83e60b5a",
        "id": "a29a931a5667478c8b3724506a286144", "publicURL": "http://10.8.99.233:8004/v1/69f8f7205ade4aa59084c32c83e60b5a"}],
        "endpoints_links": [], "type": "orchestration", "name": "heat"}, {"endpoints":
        [{"adminURL": "http://10.8.99.233:8080", "region": "RegionOne", "internalURL":
        "http://10.8.99.233:8080/v1/AUTH_69f8f7205ade4aa59084c32c83e60b5a", "id":
        "7a2262abf515414ea08b3beedc87e51e", "publicURL": "http://10.8.99.233:8080/v1/AUTH_69f8f7205ade4aa59084c32c83e60b5a"}],
        "endpoints_links": [], "type": "object-store", "name": "swift"}, {"endpoints":
        [{"adminURL": "http://10.8.99.233:35357/v2.0", "region": "RegionOne", "internalURL":
        "http://10.8.99.233:5000/v2.0", "id": "5d1b7edf24e14ce29abaeee69e84e529",
        "publicURL": "http://10.8.99.233:5000/v2.0"}], "endpoints_links": [], "type":
        "identity", "name": "keystone"}], "user": {"username": "admin", "roles_links":
        [], "id": "80ea157498b44d08aa6d6f54b8a7c3e7", "roles": [{"name": "admin"},
        {"name": "heat_stack_owner"}], "name": "admin"}, "metadata": {"is_admin":
        0, "roles": ["bafabff3f3174e6ab41388bde984e1e5", "725d26e4ae494cc689c60f857e347267"]}}}'
    http_version: 
  recorded_at: Tue, 13 Nov 2018 17:25:39 GMT
- request:
    method: get
    uri: http://11.22.33.44:5000/v2.0/tenants
    body:
      encoding: US-ASCII
      string: ''
    headers:
      User-Agent:
      - fog-core/1.45.0
      Content-Type:
      - application/json
      Accept:
      - application/json
      X-Auth-Token:
      - e9f40ed03c4c495ca5fa366177d85d05
  response:
    status:
      code: 200
      message: OK
    headers:
      Date:
      - Tue, 13 Nov 2018 17:25:39 GMT
      Server:
      - Apache/2.4.6 (Red Hat Enterprise Linux)
      Vary:
      - X-Auth-Token,Accept-Encoding
      X-Openstack-Request-Id:
      - req-b57447dd-931c-4949-9d11-1e671db8e049
      Content-Length:
      - '500'
      Connection:
      - close
      Content-Type:
      - application/json
    body:
      encoding: ASCII-8BIT
      string: '{"tenants_links": [], "tenants": [{"description": "", "enabled": true,
        "id": "69f8f7205ade4aa59084c32c83e60b5a", "name": "EmsRefreshSpec-Project"},
        {"description": "", "enabled": true, "id": "b458a5c25c3749758f4c0661940b3ba8",
        "name": "EmsRefreshSpec-Project-No-Admin-Role"}, {"description": "admin tenant",
        "enabled": true, "id": "e54e5c3c19e34720b05661f2ea1ea00a", "name": "admin"},
        {"description": "", "enabled": true, "id": "e8f744b1fc6a487681d35fb275252608",
        "name": "EmsRefreshSpec-Project2"}]}'
    http_version: 
  recorded_at: Tue, 13 Nov 2018 17:25:39 GMT
- request:
    method: post
    uri: http://11.22.33.44:5000/v2.0/tokens
    body:
      encoding: UTF-8
      string: '{"auth":{"passwordCredentials":{"username":"admin","password":"password_2WpEraURh"},"tenantName":"EmsRefreshSpec-Project"}}'
    headers:
      User-Agent:
      - fog-core/1.45.0
      Content-Type:
      - application/json
  response:
    status:
      code: 200
      message: OK
    headers:
      Date:
      - Tue, 13 Nov 2018 17:25:39 GMT
      Server:
      - Apache/2.4.6 (Red Hat Enterprise Linux)
      Vary:
      - X-Auth-Token,Accept-Encoding
      X-Openstack-Request-Id:
      - req-23ffa154-372e-4728-b8d8-45660e51fdae
      Content-Length:
      - '4117'
      Connection:
      - close
      Content-Type:
      - application/json
    body:
      encoding: ASCII-8BIT
      string: '{"access": {"token": {"issued_at": "2018-11-13T17:25:39.426847", "expires":
        "2018-11-13T18:25:39Z", "id": "cd70905af5624f05b03bde0a10be3780", "tenant":
        {"description": "", "enabled": true, "id": "69f8f7205ade4aa59084c32c83e60b5a",
        "name": "EmsRefreshSpec-Project"}, "audit_ids": ["oKOsFbpTTTK7lPCfyTrn8A"]},
        "serviceCatalog": [{"endpoints": [{"adminURL": "http://10.8.99.233:8774/v2/69f8f7205ade4aa59084c32c83e60b5a",
        "region": "RegionOne", "internalURL": "http://10.8.99.233:8774/v2/69f8f7205ade4aa59084c32c83e60b5a",
        "id": "33f58c6950134a2381bb3668fae5a325", "publicURL": "http://10.8.99.233:8774/v2/69f8f7205ade4aa59084c32c83e60b5a"}],
        "endpoints_links": [], "type": "compute", "name": "nova"}, {"endpoints": [{"adminURL":
        "http://10.8.99.233:9696", "region": "RegionOne", "internalURL": "http://10.8.99.233:9696",
        "id": "5b097055aff24a40aa4cd2d7317c9108", "publicURL": "http://10.8.99.233:9696"}],
        "endpoints_links": [], "type": "network", "name": "neutron"}, {"endpoints":
        [{"adminURL": "http://10.8.99.233:8776/v2/69f8f7205ade4aa59084c32c83e60b5a",
        "region": "RegionOne", "internalURL": "http://10.8.99.233:8776/v2/69f8f7205ade4aa59084c32c83e60b5a",
        "id": "13c4208d548d4bcdaedfe8296b6559ee", "publicURL": "http://10.8.99.233:8776/v2/69f8f7205ade4aa59084c32c83e60b5a"}],
        "endpoints_links": [], "type": "volumev2", "name": "cinderv2"}, {"endpoints":
        [{"adminURL": "http://127.0.0.1:8774/v3", "region": "RegionOne", "internalURL":
        "http://127.0.0.1:8774/v3", "id": "3874f107e1a0461596883a12743dbcc0", "publicURL":
        "http://127.0.0.1:8774/v3"}], "endpoints_links": [], "type": "computev3",
        "name": "novav3"}, {"endpoints": [{"adminURL": "http://10.8.99.233:9292",
        "region": "RegionOne", "internalURL": "http://10.8.99.233:9292", "id": "75fcb24891654062ae1703e6b92f6018",
        "publicURL": "http://10.8.99.233:9292"}], "endpoints_links": [], "type": "image",
        "name": "glance"}, {"endpoints": [{"adminURL": "http://10.8.99.233:8777",
        "region": "RegionOne", "internalURL": "http://10.8.99.233:8777", "id": "2c972a2880d1453aad86104dcda88a55",
        "publicURL": "http://10.8.99.233:8777"}], "endpoints_links": [], "type": "metering",
        "name": "ceilometer"}, {"endpoints": [{"adminURL": "http://10.8.99.233:8776/v1/69f8f7205ade4aa59084c32c83e60b5a",
        "region": "RegionOne", "internalURL": "http://10.8.99.233:8776/v1/69f8f7205ade4aa59084c32c83e60b5a",
        "id": "410c753013fb430c9998f22f68c4cb18", "publicURL": "http://10.8.99.233:8776/v1/69f8f7205ade4aa59084c32c83e60b5a"}],
        "endpoints_links": [], "type": "volume", "name": "cinder"}, {"endpoints":
        [{"adminURL": "http://10.8.99.233:8773/services/Admin", "region": "RegionOne",
        "internalURL": "http://10.8.99.233:8773/services/Cloud", "id": "2833b001aa814ddf9216479d379cdac1",
        "publicURL": "http://10.8.99.233:8773/services/Cloud"}], "endpoints_links":
        [], "type": "ec2", "name": "nova_ec2"}, {"endpoints": [{"adminURL": "http://10.8.99.233:8004/v1/69f8f7205ade4aa59084c32c83e60b5a",
        "region": "RegionOne", "internalURL": "http://10.8.99.233:8004/v1/69f8f7205ade4aa59084c32c83e60b5a",
        "id": "a29a931a5667478c8b3724506a286144", "publicURL": "http://10.8.99.233:8004/v1/69f8f7205ade4aa59084c32c83e60b5a"}],
        "endpoints_links": [], "type": "orchestration", "name": "heat"}, {"endpoints":
        [{"adminURL": "http://10.8.99.233:8080", "region": "RegionOne", "internalURL":
        "http://10.8.99.233:8080/v1/AUTH_69f8f7205ade4aa59084c32c83e60b5a", "id":
        "7a2262abf515414ea08b3beedc87e51e", "publicURL": "http://10.8.99.233:8080/v1/AUTH_69f8f7205ade4aa59084c32c83e60b5a"}],
        "endpoints_links": [], "type": "object-store", "name": "swift"}, {"endpoints":
        [{"adminURL": "http://10.8.99.233:35357/v2.0", "region": "RegionOne", "internalURL":
        "http://10.8.99.233:5000/v2.0", "id": "5d1b7edf24e14ce29abaeee69e84e529",
        "publicURL": "http://10.8.99.233:5000/v2.0"}], "endpoints_links": [], "type":
        "identity", "name": "keystone"}], "user": {"username": "admin", "roles_links":
        [], "id": "80ea157498b44d08aa6d6f54b8a7c3e7", "roles": [{"name": "admin"},
        {"name": "heat_stack_owner"}], "name": "admin"}, "metadata": {"is_admin":
        0, "roles": ["bafabff3f3174e6ab41388bde984e1e5", "725d26e4ae494cc689c60f857e347267"]}}}'
    http_version: 
  recorded_at: Tue, 13 Nov 2018 17:25:39 GMT
- request:
    method: post
    uri: http://11.22.33.44:5000/v2.0/tokens
    body:
      encoding: UTF-8
      string: '{"auth":{"passwordCredentials":{"username":"admin","password":"password_2WpEraURh"},"tenantName":"EmsRefreshSpec-Project-No-Admin-Role"}}'
    headers:
      User-Agent:
      - fog-core/1.45.0
      Content-Type:
      - application/json
  response:
    status:
      code: 200
      message: OK
    headers:
      Date:
      - Tue, 13 Nov 2018 17:25:44 GMT
      Server:
      - Apache/2.4.6 (Red Hat Enterprise Linux)
      Vary:
      - X-Auth-Token,Accept-Encoding
      X-Openstack-Request-Id:
      - req-7ecbe2c3-4396-44b4-8ded-d04d52ef68ce
      Content-Length:
      - '4131'
      Connection:
      - close
      Content-Type:
      - application/json
    body:
      encoding: ASCII-8BIT
      string: '{"access": {"token": {"issued_at": "2018-11-13T17:25:44.858521", "expires":
        "2018-11-13T18:25:44Z", "id": "16fe02c2e7d64a1bbc4a6f31ac41ba77", "tenant":
        {"description": "", "enabled": true, "id": "b458a5c25c3749758f4c0661940b3ba8",
        "name": "EmsRefreshSpec-Project-No-Admin-Role"}, "audit_ids": ["PMSj6MPlQsyi21ahcEQwSg"]},
        "serviceCatalog": [{"endpoints": [{"adminURL": "http://10.8.99.233:8774/v2/b458a5c25c3749758f4c0661940b3ba8",
        "region": "RegionOne", "internalURL": "http://10.8.99.233:8774/v2/b458a5c25c3749758f4c0661940b3ba8",
        "id": "33f58c6950134a2381bb3668fae5a325", "publicURL": "http://10.8.99.233:8774/v2/b458a5c25c3749758f4c0661940b3ba8"}],
        "endpoints_links": [], "type": "compute", "name": "nova"}, {"endpoints": [{"adminURL":
        "http://10.8.99.233:9696", "region": "RegionOne", "internalURL": "http://10.8.99.233:9696",
        "id": "5b097055aff24a40aa4cd2d7317c9108", "publicURL": "http://10.8.99.233:9696"}],
        "endpoints_links": [], "type": "network", "name": "neutron"}, {"endpoints":
        [{"adminURL": "http://10.8.99.233:8776/v2/b458a5c25c3749758f4c0661940b3ba8",
        "region": "RegionOne", "internalURL": "http://10.8.99.233:8776/v2/b458a5c25c3749758f4c0661940b3ba8",
        "id": "13c4208d548d4bcdaedfe8296b6559ee", "publicURL": "http://10.8.99.233:8776/v2/b458a5c25c3749758f4c0661940b3ba8"}],
        "endpoints_links": [], "type": "volumev2", "name": "cinderv2"}, {"endpoints":
        [{"adminURL": "http://127.0.0.1:8774/v3", "region": "RegionOne", "internalURL":
        "http://127.0.0.1:8774/v3", "id": "3874f107e1a0461596883a12743dbcc0", "publicURL":
        "http://127.0.0.1:8774/v3"}], "endpoints_links": [], "type": "computev3",
        "name": "novav3"}, {"endpoints": [{"adminURL": "http://10.8.99.233:9292",
        "region": "RegionOne", "internalURL": "http://10.8.99.233:9292", "id": "75fcb24891654062ae1703e6b92f6018",
        "publicURL": "http://10.8.99.233:9292"}], "endpoints_links": [], "type": "image",
        "name": "glance"}, {"endpoints": [{"adminURL": "http://10.8.99.233:8777",
        "region": "RegionOne", "internalURL": "http://10.8.99.233:8777", "id": "2c972a2880d1453aad86104dcda88a55",
        "publicURL": "http://10.8.99.233:8777"}], "endpoints_links": [], "type": "metering",
        "name": "ceilometer"}, {"endpoints": [{"adminURL": "http://10.8.99.233:8776/v1/b458a5c25c3749758f4c0661940b3ba8",
        "region": "RegionOne", "internalURL": "http://10.8.99.233:8776/v1/b458a5c25c3749758f4c0661940b3ba8",
        "id": "410c753013fb430c9998f22f68c4cb18", "publicURL": "http://10.8.99.233:8776/v1/b458a5c25c3749758f4c0661940b3ba8"}],
        "endpoints_links": [], "type": "volume", "name": "cinder"}, {"endpoints":
        [{"adminURL": "http://10.8.99.233:8773/services/Admin", "region": "RegionOne",
        "internalURL": "http://10.8.99.233:8773/services/Cloud", "id": "2833b001aa814ddf9216479d379cdac1",
        "publicURL": "http://10.8.99.233:8773/services/Cloud"}], "endpoints_links":
        [], "type": "ec2", "name": "nova_ec2"}, {"endpoints": [{"adminURL": "http://10.8.99.233:8004/v1/b458a5c25c3749758f4c0661940b3ba8",
        "region": "RegionOne", "internalURL": "http://10.8.99.233:8004/v1/b458a5c25c3749758f4c0661940b3ba8",
        "id": "a29a931a5667478c8b3724506a286144", "publicURL": "http://10.8.99.233:8004/v1/b458a5c25c3749758f4c0661940b3ba8"}],
        "endpoints_links": [], "type": "orchestration", "name": "heat"}, {"endpoints":
        [{"adminURL": "http://10.8.99.233:8080", "region": "RegionOne", "internalURL":
        "http://10.8.99.233:8080/v1/AUTH_b458a5c25c3749758f4c0661940b3ba8", "id":
        "7a2262abf515414ea08b3beedc87e51e", "publicURL": "http://10.8.99.233:8080/v1/AUTH_b458a5c25c3749758f4c0661940b3ba8"}],
        "endpoints_links": [], "type": "object-store", "name": "swift"}, {"endpoints":
        [{"adminURL": "http://10.8.99.233:35357/v2.0", "region": "RegionOne", "internalURL":
        "http://10.8.99.233:5000/v2.0", "id": "5d1b7edf24e14ce29abaeee69e84e529",
        "publicURL": "http://10.8.99.233:5000/v2.0"}], "endpoints_links": [], "type":
        "identity", "name": "keystone"}], "user": {"username": "admin", "roles_links":
        [], "id": "80ea157498b44d08aa6d6f54b8a7c3e7", "roles": [{"name": "admin"},
        {"name": "heat_stack_owner"}], "name": "admin"}, "metadata": {"is_admin":
        0, "roles": ["bafabff3f3174e6ab41388bde984e1e5", "725d26e4ae494cc689c60f857e347267"]}}}'
    http_version: 
  recorded_at: Tue, 13 Nov 2018 17:25:45 GMT
- request:
    method: post
    uri: http://11.22.33.44:5000/v2.0/tokens
    body:
      encoding: UTF-8
      string: '{"auth":{"passwordCredentials":{"username":"admin","password":"password_2WpEraURh"},"tenantName":"EmsRefreshSpec-Project2"}}'
    headers:
      User-Agent:
      - fog-core/1.45.0
      Content-Type:
      - application/json
  response:
    status:
      code: 200
      message: OK
    headers:
      Date:
      - Tue, 13 Nov 2018 17:25:45 GMT
      Server:
      - Apache/2.4.6 (Red Hat Enterprise Linux)
      Vary:
      - X-Auth-Token,Accept-Encoding
      X-Openstack-Request-Id:
      - req-b440c160-4a02-468d-9044-4070d2323d20
      Content-Length:
      - '4118'
      Connection:
      - close
      Content-Type:
      - application/json
    body:
      encoding: ASCII-8BIT
      string: '{"access": {"token": {"issued_at": "2018-11-13T17:25:45.704603", "expires":
        "2018-11-13T18:25:45Z", "id": "d8beb839e31945488aba862fe62ea574", "tenant":
        {"description": "", "enabled": true, "id": "e8f744b1fc6a487681d35fb275252608",
        "name": "EmsRefreshSpec-Project2"}, "audit_ids": ["wzfBrg4jRX-trvU4Q6BJ-w"]},
        "serviceCatalog": [{"endpoints": [{"adminURL": "http://10.8.99.233:8774/v2/e8f744b1fc6a487681d35fb275252608",
        "region": "RegionOne", "internalURL": "http://10.8.99.233:8774/v2/e8f744b1fc6a487681d35fb275252608",
        "id": "33f58c6950134a2381bb3668fae5a325", "publicURL": "http://10.8.99.233:8774/v2/e8f744b1fc6a487681d35fb275252608"}],
        "endpoints_links": [], "type": "compute", "name": "nova"}, {"endpoints": [{"adminURL":
        "http://10.8.99.233:9696", "region": "RegionOne", "internalURL": "http://10.8.99.233:9696",
        "id": "5b097055aff24a40aa4cd2d7317c9108", "publicURL": "http://10.8.99.233:9696"}],
        "endpoints_links": [], "type": "network", "name": "neutron"}, {"endpoints":
        [{"adminURL": "http://10.8.99.233:8776/v2/e8f744b1fc6a487681d35fb275252608",
        "region": "RegionOne", "internalURL": "http://10.8.99.233:8776/v2/e8f744b1fc6a487681d35fb275252608",
        "id": "13c4208d548d4bcdaedfe8296b6559ee", "publicURL": "http://10.8.99.233:8776/v2/e8f744b1fc6a487681d35fb275252608"}],
        "endpoints_links": [], "type": "volumev2", "name": "cinderv2"}, {"endpoints":
        [{"adminURL": "http://127.0.0.1:8774/v3", "region": "RegionOne", "internalURL":
        "http://127.0.0.1:8774/v3", "id": "3874f107e1a0461596883a12743dbcc0", "publicURL":
        "http://127.0.0.1:8774/v3"}], "endpoints_links": [], "type": "computev3",
        "name": "novav3"}, {"endpoints": [{"adminURL": "http://10.8.99.233:9292",
        "region": "RegionOne", "internalURL": "http://10.8.99.233:9292", "id": "75fcb24891654062ae1703e6b92f6018",
        "publicURL": "http://10.8.99.233:9292"}], "endpoints_links": [], "type": "image",
        "name": "glance"}, {"endpoints": [{"adminURL": "http://10.8.99.233:8777",
        "region": "RegionOne", "internalURL": "http://10.8.99.233:8777", "id": "2c972a2880d1453aad86104dcda88a55",
        "publicURL": "http://10.8.99.233:8777"}], "endpoints_links": [], "type": "metering",
        "name": "ceilometer"}, {"endpoints": [{"adminURL": "http://10.8.99.233:8776/v1/e8f744b1fc6a487681d35fb275252608",
        "region": "RegionOne", "internalURL": "http://10.8.99.233:8776/v1/e8f744b1fc6a487681d35fb275252608",
        "id": "410c753013fb430c9998f22f68c4cb18", "publicURL": "http://10.8.99.233:8776/v1/e8f744b1fc6a487681d35fb275252608"}],
        "endpoints_links": [], "type": "volume", "name": "cinder"}, {"endpoints":
        [{"adminURL": "http://10.8.99.233:8773/services/Admin", "region": "RegionOne",
        "internalURL": "http://10.8.99.233:8773/services/Cloud", "id": "2833b001aa814ddf9216479d379cdac1",
        "publicURL": "http://10.8.99.233:8773/services/Cloud"}], "endpoints_links":
        [], "type": "ec2", "name": "nova_ec2"}, {"endpoints": [{"adminURL": "http://10.8.99.233:8004/v1/e8f744b1fc6a487681d35fb275252608",
        "region": "RegionOne", "internalURL": "http://10.8.99.233:8004/v1/e8f744b1fc6a487681d35fb275252608",
        "id": "a29a931a5667478c8b3724506a286144", "publicURL": "http://10.8.99.233:8004/v1/e8f744b1fc6a487681d35fb275252608"}],
        "endpoints_links": [], "type": "orchestration", "name": "heat"}, {"endpoints":
        [{"adminURL": "http://10.8.99.233:8080", "region": "RegionOne", "internalURL":
        "http://10.8.99.233:8080/v1/AUTH_e8f744b1fc6a487681d35fb275252608", "id":
        "7a2262abf515414ea08b3beedc87e51e", "publicURL": "http://10.8.99.233:8080/v1/AUTH_e8f744b1fc6a487681d35fb275252608"}],
        "endpoints_links": [], "type": "object-store", "name": "swift"}, {"endpoints":
        [{"adminURL": "http://10.8.99.233:35357/v2.0", "region": "RegionOne", "internalURL":
        "http://10.8.99.233:5000/v2.0", "id": "5d1b7edf24e14ce29abaeee69e84e529",
        "publicURL": "http://10.8.99.233:5000/v2.0"}], "endpoints_links": [], "type":
        "identity", "name": "keystone"}], "user": {"username": "admin", "roles_links":
        [], "id": "80ea157498b44d08aa6d6f54b8a7c3e7", "roles": [{"name": "admin"},
        {"name": "heat_stack_owner"}], "name": "admin"}, "metadata": {"is_admin":
        0, "roles": ["bafabff3f3174e6ab41388bde984e1e5", "725d26e4ae494cc689c60f857e347267"]}}}'
    http_version: 
  recorded_at: Tue, 13 Nov 2018 17:25:45 GMT
- request:
    method: get
    uri: http://10.8.99.233:9696/v2.0/subnets?limit=1000
    body:
      encoding: US-ASCII
      string: ''
    headers:
      User-Agent:
      - fog-core/1.45.0
      Content-Type:
      - application/json
      Accept:
      - application/json
      X-Auth-Token:
      - cd70905af5624f05b03bde0a10be3780
  response:
    status:
      code: 200
      message: OK
    headers:
      Content-Type:
      - application/json; charset=UTF-8
      Content-Length:
      - '8299'
      X-Openstack-Request-Id:
      - req-a5704481-e856-4166-b00e-aced57635b73
      Date:
      - Tue, 13 Nov 2018 17:25:45 GMT
    body:
      encoding: ASCII-8BIT
      string: '{"subnets": [{"name": "EmsRefreshSpec-IsolatedSubnetPrivate_21", "enable_dhcp":
        true, "network_id": "6ad8942f-11ef-4419-bdf5-9ba3561b6281", "tenant_id": "69f8f7205ade4aa59084c32c83e60b5a",
        "dns_nameservers": [], "gateway_ip": "192.168.51.1", "ipv6_ra_mode": null,
        "allocation_pools": [{"start": "192.168.51.2", "end": "192.168.51.254"}],
        "host_routes": [], "ip_version": 4, "ipv6_address_mode": null, "cidr": "192.168.51.0/24",
        "id": "edfcb49b-e917-4897-b8ae-859ef3dae2de", "subnetpool_id": null}, {"name":
        "EmsRefreshSpec-SubnetPrivate_3", "enable_dhcp": true, "network_id": "1c785619-a768-4788-b3b5-ac39ebc2cea1",
        "tenant_id": "69f8f7205ade4aa59084c32c83e60b5a", "dns_nameservers": [], "gateway_ip":
        "192.168.3.1", "ipv6_ra_mode": null, "allocation_pools": [{"start": "192.168.3.2",
        "end": "192.168.3.6"}, {"start": "192.168.3.8", "end": "192.168.3.10"}], "host_routes":
        [], "ip_version": 4, "ipv6_address_mode": null, "cidr": "192.168.3.0/24",
        "id": "82ca5926-43cb-4312-a23f-727d5c0f5bae", "subnetpool_id": null}, {"name":
        "EmsRefreshSpec-SubnetPrivate_30", "enable_dhcp": true, "network_id": "c82b70e9-0847-43e9-9bde-b98b1ae445e9",
        "tenant_id": "69f8f7205ade4aa59084c32c83e60b5a", "dns_nameservers": [], "gateway_ip":
        "192.168.30.1", "ipv6_ra_mode": null, "allocation_pools": [{"start": "192.168.30.2",
        "end": "192.168.30.254"}], "host_routes": [], "ip_version": 4, "ipv6_address_mode":
        null, "cidr": "192.168.30.0/24", "id": "39628ee0-d5ff-4a88-ae66-80442e5feefd",
        "subnetpool_id": null}, {"name": "EmsRefreshSpec-SubnetPublic_50", "enable_dhcp":
        false, "network_id": "6b46d522-85a1-4ce2-a276-2fab7cde0946", "tenant_id":
        "69f8f7205ade4aa59084c32c83e60b5a", "dns_nameservers": [], "gateway_ip": "172.16.50.1",
        "ipv6_ra_mode": null, "allocation_pools": [{"start": "172.16.50.2", "end":
        "172.16.50.254"}], "host_routes": [], "ip_version": 4, "ipv6_address_mode":
        null, "cidr": "172.16.50.0/24", "id": "d71653c5-34d2-47bd-9cd2-d93330a34d44",
        "subnetpool_id": null}, {"name": "EmsRefreshSpec-SubnetPublic", "enable_dhcp":
        false, "network_id": "20af6027-7aeb-432a-ab3b-d7217faa2f1c", "tenant_id":
        "69f8f7205ade4aa59084c32c83e60b5a", "dns_nameservers": [], "gateway_ip": "172.16.17.1",
        "ipv6_ra_mode": null, "allocation_pools": [{"start": "172.16.17.11", "end":
        "172.16.17.19"}, {"start": "172.16.17.2", "end": "172.16.17.9"}], "host_routes":
        [], "ip_version": 4, "ipv6_address_mode": null, "cidr": "172.16.17.0/24",
        "id": "33da95a6-bded-44d8-be36-6cc97f3d72bd", "subnetpool_id": null}, {"name":
        "EmsRefreshSpec-SubnetPublic_40", "enable_dhcp": false, "network_id": "68259081-a5ca-425f-9d9b-816eb62148a3",
        "tenant_id": "69f8f7205ade4aa59084c32c83e60b5a", "dns_nameservers": [], "gateway_ip":
        "172.16.21.1", "ipv6_ra_mode": null, "allocation_pools": [{"start": "172.16.21.2",
        "end": "172.16.21.254"}], "host_routes": [], "ip_version": 4, "ipv6_address_mode":
        null, "cidr": "172.16.21.0/24", "id": "d0065ae4-dffb-4dcc-9e44-a0b1166337f3",
        "subnetpool_id": null}, {"name": "EmsRefreshSpec-IsolatedSubnetPrivate_2",
        "enable_dhcp": true, "network_id": "6ad8942f-11ef-4419-bdf5-9ba3561b6281",
        "tenant_id": "69f8f7205ade4aa59084c32c83e60b5a", "dns_nameservers": [], "gateway_ip":
        "192.168.50.1", "ipv6_ra_mode": null, "allocation_pools": [{"start": "192.168.50.2",
        "end": "192.168.50.2"}, {"start": "192.168.50.4", "end": "192.168.50.4"}],
        "host_routes": [], "ip_version": 4, "ipv6_address_mode": null, "cidr": "192.168.50.0/24",
        "id": "826fd5a9-7a7a-4c40-a9b1-bd69041bbad4", "subnetpool_id": null}, {"name":
        "EmsRefreshSpec-SubnetPublic_20", "enable_dhcp": false, "network_id": "8da920f8-705d-4777-a938-e081b01ad41c",
        "tenant_id": "69f8f7205ade4aa59084c32c83e60b5a", "dns_nameservers": [], "gateway_ip":
        "172.16.19.1", "ipv6_ra_mode": null, "allocation_pools": [{"start": "172.16.19.21",
        "end": "172.16.19.23"}], "host_routes": [], "ip_version": 4, "ipv6_address_mode":
        null, "cidr": "172.16.19.0/24", "id": "c68ac5c0-9d9e-438b-a10f-6d0faeee0790",
        "subnetpool_id": null}, {"name": "EmsRefreshSpec-SubnetPrivate_20", "enable_dhcp":
        true, "network_id": "9e63fc1a-c0d4-4a1d-b91c-07e6c9c85076", "tenant_id": "69f8f7205ade4aa59084c32c83e60b5a",
        "dns_nameservers": [], "gateway_ip": "192.168.20.1", "ipv6_ra_mode": null,
        "allocation_pools": [{"start": "192.168.20.2", "end": "192.168.20.254"}],
        "host_routes": [], "ip_version": 4, "ipv6_address_mode": null, "cidr": "192.168.20.0/24",
        "id": "2092b802-1034-4fb8-9c5e-1ec61d1e463f", "subnetpool_id": null}, {"name":
        "EmsRefreshSpec-SubnetPrivate_2", "enable_dhcp": true, "network_id": "4fadcfb0-493b-4a00-a2a8-e357f8115d96",
        "tenant_id": "69f8f7205ade4aa59084c32c83e60b5a", "dns_nameservers": [], "gateway_ip":
        "192.168.2.1", "ipv6_ra_mode": null, "allocation_pools": [{"start": "192.168.2.2",
        "end": "192.168.2.254"}], "host_routes": [], "ip_version": 4, "ipv6_address_mode":
        null, "cidr": "192.168.2.0/24", "id": "bb23bb48-804d-4416-bac3-231db23841e8",
        "subnetpool_id": null}, {"name": "EmsRefreshSpec-SubnetPublic_51", "enable_dhcp":
        false, "network_id": "6b46d522-85a1-4ce2-a276-2fab7cde0946", "tenant_id":
        "69f8f7205ade4aa59084c32c83e60b5a", "dns_nameservers": [], "gateway_ip": "172.16.51.1",
        "ipv6_ra_mode": null, "allocation_pools": [{"start": "172.16.51.2", "end":
        "172.16.51.254"}], "host_routes": [], "ip_version": 4, "ipv6_address_mode":
        null, "cidr": "172.16.51.0/24", "id": "68682f0f-b0e4-4f6d-9f96-d1dfb6a6c2b2",
        "subnetpool_id": null}, {"name": "EmsRefreshSpec-SubnetPublic_10", "enable_dhcp":
        false, "network_id": "83e63648-5a43-4db0-907c-cf9ca0150336", "tenant_id":
        "69f8f7205ade4aa59084c32c83e60b5a", "dns_nameservers": [], "gateway_ip": "172.16.18.1",
        "ipv6_ra_mode": null, "allocation_pools": [{"start": "172.16.18.2", "end":
        "172.16.18.254"}], "host_routes": [], "ip_version": 4, "ipv6_address_mode":
        null, "cidr": "172.16.18.0/24", "id": "93c2f53c-df39-491e-b45b-ce8b36b29437",
        "subnetpool_id": null}, {"name": "EmsRefreshSpec-SubnetPublic_30", "enable_dhcp":
        false, "network_id": "64bf0546-b600-4bd7-a519-9353bde2e235", "tenant_id":
        "69f8f7205ade4aa59084c32c83e60b5a", "dns_nameservers": [], "gateway_ip": "172.16.20.1",
        "ipv6_ra_mode": null, "allocation_pools": [{"start": "172.16.20.2", "end":
        "172.16.20.254"}], "host_routes": [], "ip_version": 4, "ipv6_address_mode":
        null, "cidr": "172.16.20.0/24", "id": "4d8b0801-addf-4ad4-8f46-e5bffa6a1002",
        "subnetpool_id": null}, {"name": "EmsRefreshSpec-SubnetPrivate_31", "enable_dhcp":
        true, "network_id": "c82b70e9-0847-43e9-9bde-b98b1ae445e9", "tenant_id": "69f8f7205ade4aa59084c32c83e60b5a",
        "dns_nameservers": [], "gateway_ip": "192.168.31.1", "ipv6_ra_mode": null,
        "allocation_pools": [{"start": "192.168.31.2", "end": "192.168.31.254"}],
        "host_routes": [], "ip_version": 4, "ipv6_address_mode": null, "cidr": "192.168.31.0/24",
        "id": "841b5584-f86f-4abd-9bc2-f445b8bc860b", "subnetpool_id": null}, {"name":
        "EmsRefreshSpec-IsolatedSubnetPrivate_1", "enable_dhcp": true, "network_id":
        "560b4210-2b5a-4439-8d24-203e09478f48", "tenant_id": "69f8f7205ade4aa59084c32c83e60b5a",
        "dns_nameservers": [], "gateway_ip": "192.168.40.1", "ipv6_ra_mode": null,
        "allocation_pools": [{"start": "192.168.40.2", "end": "192.168.40.254"}],
        "host_routes": [], "ip_version": 4, "ipv6_address_mode": null, "cidr": "192.168.40.0/24",
        "id": "448a986a-19a9-4684-ab6e-25cbf19ae30d", "subnetpool_id": null}, {"name":
        "EmsRefreshSpec-SubnetPrivate", "enable_dhcp": true, "network_id": "c0e8e42b-005e-4183-8f25-fa91b3e441c1",
        "tenant_id": "69f8f7205ade4aa59084c32c83e60b5a", "dns_nameservers": ["8.8.8.8"],
        "gateway_ip": "192.168.0.1", "ipv6_ra_mode": null, "allocation_pools": [{"start":
        "192.168.0.8", "end": "192.168.0.8"}, {"start": "192.168.0.3", "end": "192.168.0.5"}],
        "host_routes": [], "ip_version": 4, "ipv6_address_mode": null, "cidr": "192.168.0.0/24",
        "id": "104c081f-97dd-42b7-8930-98abbd015c74", "subnetpool_id": null}, {"name":
        "EmsRefreshSpec-SubnetPrivate_12", "enable_dhcp": true, "network_id": "c0e8e42b-005e-4183-8f25-fa91b3e441c1",
        "tenant_id": "69f8f7205ade4aa59084c32c83e60b5a", "dns_nameservers": ["8.8.8.8"],
        "gateway_ip": "192.168.1.1", "ipv6_ra_mode": null, "allocation_pools": [{"start":
        "192.168.1.2", "end": "192.168.1.254"}], "host_routes": [], "ip_version":
        4, "ipv6_address_mode": null, "cidr": "192.168.1.0/24", "id": "d53802a5-f0f6-48ba-9207-dbd9b13acac3",
        "subnetpool_id": null}]}'
    http_version: 
  recorded_at: Tue, 13 Nov 2018 17:25:45 GMT
- request:
    method: get
    uri: http://10.8.99.233:9696/v2.0/subnets?limit=1000&marker=d53802a5-f0f6-48ba-9207-dbd9b13acac3
    body:
      encoding: US-ASCII
      string: ''
    headers:
      User-Agent:
      - fog-core/1.45.0
      Content-Type:
      - application/json
      Accept:
      - application/json
      X-Auth-Token:
      - cd70905af5624f05b03bde0a10be3780
  response:
    status:
      code: 200
      message: OK
    headers:
      Content-Type:
      - application/json; charset=UTF-8
      Content-Length:
      - '8299'
      X-Openstack-Request-Id:
      - req-5842c942-044d-4f6e-92f3-91c03c102f3f
      Date:
      - Tue, 13 Nov 2018 17:25:46 GMT
    body:
      encoding: ASCII-8BIT
      string: '{"subnets": [{"name": "EmsRefreshSpec-IsolatedSubnetPrivate_21", "enable_dhcp":
        true, "network_id": "6ad8942f-11ef-4419-bdf5-9ba3561b6281", "tenant_id": "69f8f7205ade4aa59084c32c83e60b5a",
        "dns_nameservers": [], "gateway_ip": "192.168.51.1", "ipv6_ra_mode": null,
        "allocation_pools": [{"start": "192.168.51.2", "end": "192.168.51.254"}],
        "host_routes": [], "ip_version": 4, "ipv6_address_mode": null, "cidr": "192.168.51.0/24",
        "id": "edfcb49b-e917-4897-b8ae-859ef3dae2de", "subnetpool_id": null}, {"name":
        "EmsRefreshSpec-SubnetPrivate_3", "enable_dhcp": true, "network_id": "1c785619-a768-4788-b3b5-ac39ebc2cea1",
        "tenant_id": "69f8f7205ade4aa59084c32c83e60b5a", "dns_nameservers": [], "gateway_ip":
        "192.168.3.1", "ipv6_ra_mode": null, "allocation_pools": [{"start": "192.168.3.2",
        "end": "192.168.3.6"}, {"start": "192.168.3.8", "end": "192.168.3.10"}], "host_routes":
        [], "ip_version": 4, "ipv6_address_mode": null, "cidr": "192.168.3.0/24",
        "id": "82ca5926-43cb-4312-a23f-727d5c0f5bae", "subnetpool_id": null}, {"name":
        "EmsRefreshSpec-SubnetPrivate_30", "enable_dhcp": true, "network_id": "c82b70e9-0847-43e9-9bde-b98b1ae445e9",
        "tenant_id": "69f8f7205ade4aa59084c32c83e60b5a", "dns_nameservers": [], "gateway_ip":
        "192.168.30.1", "ipv6_ra_mode": null, "allocation_pools": [{"start": "192.168.30.2",
        "end": "192.168.30.254"}], "host_routes": [], "ip_version": 4, "ipv6_address_mode":
        null, "cidr": "192.168.30.0/24", "id": "39628ee0-d5ff-4a88-ae66-80442e5feefd",
        "subnetpool_id": null}, {"name": "EmsRefreshSpec-SubnetPublic_50", "enable_dhcp":
        false, "network_id": "6b46d522-85a1-4ce2-a276-2fab7cde0946", "tenant_id":
        "69f8f7205ade4aa59084c32c83e60b5a", "dns_nameservers": [], "gateway_ip": "172.16.50.1",
        "ipv6_ra_mode": null, "allocation_pools": [{"start": "172.16.50.2", "end":
        "172.16.50.254"}], "host_routes": [], "ip_version": 4, "ipv6_address_mode":
        null, "cidr": "172.16.50.0/24", "id": "d71653c5-34d2-47bd-9cd2-d93330a34d44",
        "subnetpool_id": null}, {"name": "EmsRefreshSpec-SubnetPublic", "enable_dhcp":
        false, "network_id": "20af6027-7aeb-432a-ab3b-d7217faa2f1c", "tenant_id":
        "69f8f7205ade4aa59084c32c83e60b5a", "dns_nameservers": [], "gateway_ip": "172.16.17.1",
        "ipv6_ra_mode": null, "allocation_pools": [{"start": "172.16.17.11", "end":
        "172.16.17.19"}, {"start": "172.16.17.2", "end": "172.16.17.9"}], "host_routes":
        [], "ip_version": 4, "ipv6_address_mode": null, "cidr": "172.16.17.0/24",
        "id": "33da95a6-bded-44d8-be36-6cc97f3d72bd", "subnetpool_id": null}, {"name":
        "EmsRefreshSpec-SubnetPublic_40", "enable_dhcp": false, "network_id": "68259081-a5ca-425f-9d9b-816eb62148a3",
        "tenant_id": "69f8f7205ade4aa59084c32c83e60b5a", "dns_nameservers": [], "gateway_ip":
        "172.16.21.1", "ipv6_ra_mode": null, "allocation_pools": [{"start": "172.16.21.2",
        "end": "172.16.21.254"}], "host_routes": [], "ip_version": 4, "ipv6_address_mode":
        null, "cidr": "172.16.21.0/24", "id": "d0065ae4-dffb-4dcc-9e44-a0b1166337f3",
        "subnetpool_id": null}, {"name": "EmsRefreshSpec-IsolatedSubnetPrivate_2",
        "enable_dhcp": true, "network_id": "6ad8942f-11ef-4419-bdf5-9ba3561b6281",
        "tenant_id": "69f8f7205ade4aa59084c32c83e60b5a", "dns_nameservers": [], "gateway_ip":
        "192.168.50.1", "ipv6_ra_mode": null, "allocation_pools": [{"start": "192.168.50.2",
        "end": "192.168.50.2"}, {"start": "192.168.50.4", "end": "192.168.50.4"}],
        "host_routes": [], "ip_version": 4, "ipv6_address_mode": null, "cidr": "192.168.50.0/24",
        "id": "826fd5a9-7a7a-4c40-a9b1-bd69041bbad4", "subnetpool_id": null}, {"name":
        "EmsRefreshSpec-SubnetPublic_20", "enable_dhcp": false, "network_id": "8da920f8-705d-4777-a938-e081b01ad41c",
        "tenant_id": "69f8f7205ade4aa59084c32c83e60b5a", "dns_nameservers": [], "gateway_ip":
        "172.16.19.1", "ipv6_ra_mode": null, "allocation_pools": [{"start": "172.16.19.21",
        "end": "172.16.19.23"}], "host_routes": [], "ip_version": 4, "ipv6_address_mode":
        null, "cidr": "172.16.19.0/24", "id": "c68ac5c0-9d9e-438b-a10f-6d0faeee0790",
        "subnetpool_id": null}, {"name": "EmsRefreshSpec-SubnetPrivate_20", "enable_dhcp":
        true, "network_id": "9e63fc1a-c0d4-4a1d-b91c-07e6c9c85076", "tenant_id": "69f8f7205ade4aa59084c32c83e60b5a",
        "dns_nameservers": [], "gateway_ip": "192.168.20.1", "ipv6_ra_mode": null,
        "allocation_pools": [{"start": "192.168.20.2", "end": "192.168.20.254"}],
        "host_routes": [], "ip_version": 4, "ipv6_address_mode": null, "cidr": "192.168.20.0/24",
        "id": "2092b802-1034-4fb8-9c5e-1ec61d1e463f", "subnetpool_id": null}, {"name":
        "EmsRefreshSpec-SubnetPrivate_2", "enable_dhcp": true, "network_id": "4fadcfb0-493b-4a00-a2a8-e357f8115d96",
        "tenant_id": "69f8f7205ade4aa59084c32c83e60b5a", "dns_nameservers": [], "gateway_ip":
        "192.168.2.1", "ipv6_ra_mode": null, "allocation_pools": [{"start": "192.168.2.2",
        "end": "192.168.2.254"}], "host_routes": [], "ip_version": 4, "ipv6_address_mode":
        null, "cidr": "192.168.2.0/24", "id": "bb23bb48-804d-4416-bac3-231db23841e8",
        "subnetpool_id": null}, {"name": "EmsRefreshSpec-SubnetPublic_51", "enable_dhcp":
        false, "network_id": "6b46d522-85a1-4ce2-a276-2fab7cde0946", "tenant_id":
        "69f8f7205ade4aa59084c32c83e60b5a", "dns_nameservers": [], "gateway_ip": "172.16.51.1",
        "ipv6_ra_mode": null, "allocation_pools": [{"start": "172.16.51.2", "end":
        "172.16.51.254"}], "host_routes": [], "ip_version": 4, "ipv6_address_mode":
        null, "cidr": "172.16.51.0/24", "id": "68682f0f-b0e4-4f6d-9f96-d1dfb6a6c2b2",
        "subnetpool_id": null}, {"name": "EmsRefreshSpec-SubnetPublic_10", "enable_dhcp":
        false, "network_id": "83e63648-5a43-4db0-907c-cf9ca0150336", "tenant_id":
        "69f8f7205ade4aa59084c32c83e60b5a", "dns_nameservers": [], "gateway_ip": "172.16.18.1",
        "ipv6_ra_mode": null, "allocation_pools": [{"start": "172.16.18.2", "end":
        "172.16.18.254"}], "host_routes": [], "ip_version": 4, "ipv6_address_mode":
        null, "cidr": "172.16.18.0/24", "id": "93c2f53c-df39-491e-b45b-ce8b36b29437",
        "subnetpool_id": null}, {"name": "EmsRefreshSpec-SubnetPublic_30", "enable_dhcp":
        false, "network_id": "64bf0546-b600-4bd7-a519-9353bde2e235", "tenant_id":
        "69f8f7205ade4aa59084c32c83e60b5a", "dns_nameservers": [], "gateway_ip": "172.16.20.1",
        "ipv6_ra_mode": null, "allocation_pools": [{"start": "172.16.20.2", "end":
        "172.16.20.254"}], "host_routes": [], "ip_version": 4, "ipv6_address_mode":
        null, "cidr": "172.16.20.0/24", "id": "4d8b0801-addf-4ad4-8f46-e5bffa6a1002",
        "subnetpool_id": null}, {"name": "EmsRefreshSpec-SubnetPrivate_31", "enable_dhcp":
        true, "network_id": "c82b70e9-0847-43e9-9bde-b98b1ae445e9", "tenant_id": "69f8f7205ade4aa59084c32c83e60b5a",
        "dns_nameservers": [], "gateway_ip": "192.168.31.1", "ipv6_ra_mode": null,
        "allocation_pools": [{"start": "192.168.31.2", "end": "192.168.31.254"}],
        "host_routes": [], "ip_version": 4, "ipv6_address_mode": null, "cidr": "192.168.31.0/24",
        "id": "841b5584-f86f-4abd-9bc2-f445b8bc860b", "subnetpool_id": null}, {"name":
        "EmsRefreshSpec-IsolatedSubnetPrivate_1", "enable_dhcp": true, "network_id":
        "560b4210-2b5a-4439-8d24-203e09478f48", "tenant_id": "69f8f7205ade4aa59084c32c83e60b5a",
        "dns_nameservers": [], "gateway_ip": "192.168.40.1", "ipv6_ra_mode": null,
        "allocation_pools": [{"start": "192.168.40.2", "end": "192.168.40.254"}],
        "host_routes": [], "ip_version": 4, "ipv6_address_mode": null, "cidr": "192.168.40.0/24",
        "id": "448a986a-19a9-4684-ab6e-25cbf19ae30d", "subnetpool_id": null}, {"name":
        "EmsRefreshSpec-SubnetPrivate", "enable_dhcp": true, "network_id": "c0e8e42b-005e-4183-8f25-fa91b3e441c1",
        "tenant_id": "69f8f7205ade4aa59084c32c83e60b5a", "dns_nameservers": ["8.8.8.8"],
        "gateway_ip": "192.168.0.1", "ipv6_ra_mode": null, "allocation_pools": [{"start":
        "192.168.0.8", "end": "192.168.0.8"}, {"start": "192.168.0.3", "end": "192.168.0.5"}],
        "host_routes": [], "ip_version": 4, "ipv6_address_mode": null, "cidr": "192.168.0.0/24",
        "id": "104c081f-97dd-42b7-8930-98abbd015c74", "subnetpool_id": null}, {"name":
        "EmsRefreshSpec-SubnetPrivate_12", "enable_dhcp": true, "network_id": "c0e8e42b-005e-4183-8f25-fa91b3e441c1",
        "tenant_id": "69f8f7205ade4aa59084c32c83e60b5a", "dns_nameservers": ["8.8.8.8"],
        "gateway_ip": "192.168.1.1", "ipv6_ra_mode": null, "allocation_pools": [{"start":
        "192.168.1.2", "end": "192.168.1.254"}], "host_routes": [], "ip_version":
        4, "ipv6_address_mode": null, "cidr": "192.168.1.0/24", "id": "d53802a5-f0f6-48ba-9207-dbd9b13acac3",
        "subnetpool_id": null}]}'
    http_version: 
  recorded_at: Tue, 13 Nov 2018 17:25:46 GMT
- request:
    method: get
    uri: http://10.8.99.233:9696/v2.0/subnets?limit=1000
    body:
      encoding: US-ASCII
      string: ''
    headers:
      User-Agent:
      - fog-core/1.45.0
      Content-Type:
      - application/json
      Accept:
      - application/json
      X-Auth-Token:
      - 16fe02c2e7d64a1bbc4a6f31ac41ba77
  response:
    status:
      code: 200
      message: OK
    headers:
      Content-Type:
      - application/json; charset=UTF-8
      Content-Length:
      - '8299'
      X-Openstack-Request-Id:
      - req-bf02c442-d6f4-4ec0-9428-540ceb84aab9
      Date:
      - Tue, 13 Nov 2018 17:25:46 GMT
    body:
      encoding: ASCII-8BIT
      string: '{"subnets": [{"name": "EmsRefreshSpec-IsolatedSubnetPrivate_21", "enable_dhcp":
        true, "network_id": "6ad8942f-11ef-4419-bdf5-9ba3561b6281", "tenant_id": "69f8f7205ade4aa59084c32c83e60b5a",
        "dns_nameservers": [], "gateway_ip": "192.168.51.1", "ipv6_ra_mode": null,
        "allocation_pools": [{"start": "192.168.51.2", "end": "192.168.51.254"}],
        "host_routes": [], "ip_version": 4, "ipv6_address_mode": null, "cidr": "192.168.51.0/24",
        "id": "edfcb49b-e917-4897-b8ae-859ef3dae2de", "subnetpool_id": null}, {"name":
        "EmsRefreshSpec-SubnetPrivate_3", "enable_dhcp": true, "network_id": "1c785619-a768-4788-b3b5-ac39ebc2cea1",
        "tenant_id": "69f8f7205ade4aa59084c32c83e60b5a", "dns_nameservers": [], "gateway_ip":
        "192.168.3.1", "ipv6_ra_mode": null, "allocation_pools": [{"start": "192.168.3.2",
        "end": "192.168.3.6"}, {"start": "192.168.3.8", "end": "192.168.3.10"}], "host_routes":
        [], "ip_version": 4, "ipv6_address_mode": null, "cidr": "192.168.3.0/24",
        "id": "82ca5926-43cb-4312-a23f-727d5c0f5bae", "subnetpool_id": null}, {"name":
        "EmsRefreshSpec-SubnetPrivate_30", "enable_dhcp": true, "network_id": "c82b70e9-0847-43e9-9bde-b98b1ae445e9",
        "tenant_id": "69f8f7205ade4aa59084c32c83e60b5a", "dns_nameservers": [], "gateway_ip":
        "192.168.30.1", "ipv6_ra_mode": null, "allocation_pools": [{"start": "192.168.30.2",
        "end": "192.168.30.254"}], "host_routes": [], "ip_version": 4, "ipv6_address_mode":
        null, "cidr": "192.168.30.0/24", "id": "39628ee0-d5ff-4a88-ae66-80442e5feefd",
        "subnetpool_id": null}, {"name": "EmsRefreshSpec-SubnetPublic_50", "enable_dhcp":
        false, "network_id": "6b46d522-85a1-4ce2-a276-2fab7cde0946", "tenant_id":
        "69f8f7205ade4aa59084c32c83e60b5a", "dns_nameservers": [], "gateway_ip": "172.16.50.1",
        "ipv6_ra_mode": null, "allocation_pools": [{"start": "172.16.50.2", "end":
        "172.16.50.254"}], "host_routes": [], "ip_version": 4, "ipv6_address_mode":
        null, "cidr": "172.16.50.0/24", "id": "d71653c5-34d2-47bd-9cd2-d93330a34d44",
        "subnetpool_id": null}, {"name": "EmsRefreshSpec-SubnetPublic", "enable_dhcp":
        false, "network_id": "20af6027-7aeb-432a-ab3b-d7217faa2f1c", "tenant_id":
        "69f8f7205ade4aa59084c32c83e60b5a", "dns_nameservers": [], "gateway_ip": "172.16.17.1",
        "ipv6_ra_mode": null, "allocation_pools": [{"start": "172.16.17.11", "end":
        "172.16.17.19"}, {"start": "172.16.17.2", "end": "172.16.17.9"}], "host_routes":
        [], "ip_version": 4, "ipv6_address_mode": null, "cidr": "172.16.17.0/24",
        "id": "33da95a6-bded-44d8-be36-6cc97f3d72bd", "subnetpool_id": null}, {"name":
        "EmsRefreshSpec-SubnetPublic_40", "enable_dhcp": false, "network_id": "68259081-a5ca-425f-9d9b-816eb62148a3",
        "tenant_id": "69f8f7205ade4aa59084c32c83e60b5a", "dns_nameservers": [], "gateway_ip":
        "172.16.21.1", "ipv6_ra_mode": null, "allocation_pools": [{"start": "172.16.21.2",
        "end": "172.16.21.254"}], "host_routes": [], "ip_version": 4, "ipv6_address_mode":
        null, "cidr": "172.16.21.0/24", "id": "d0065ae4-dffb-4dcc-9e44-a0b1166337f3",
        "subnetpool_id": null}, {"name": "EmsRefreshSpec-IsolatedSubnetPrivate_2",
        "enable_dhcp": true, "network_id": "6ad8942f-11ef-4419-bdf5-9ba3561b6281",
        "tenant_id": "69f8f7205ade4aa59084c32c83e60b5a", "dns_nameservers": [], "gateway_ip":
        "192.168.50.1", "ipv6_ra_mode": null, "allocation_pools": [{"start": "192.168.50.2",
        "end": "192.168.50.2"}, {"start": "192.168.50.4", "end": "192.168.50.4"}],
        "host_routes": [], "ip_version": 4, "ipv6_address_mode": null, "cidr": "192.168.50.0/24",
        "id": "826fd5a9-7a7a-4c40-a9b1-bd69041bbad4", "subnetpool_id": null}, {"name":
        "EmsRefreshSpec-SubnetPublic_20", "enable_dhcp": false, "network_id": "8da920f8-705d-4777-a938-e081b01ad41c",
        "tenant_id": "69f8f7205ade4aa59084c32c83e60b5a", "dns_nameservers": [], "gateway_ip":
        "172.16.19.1", "ipv6_ra_mode": null, "allocation_pools": [{"start": "172.16.19.21",
        "end": "172.16.19.23"}], "host_routes": [], "ip_version": 4, "ipv6_address_mode":
        null, "cidr": "172.16.19.0/24", "id": "c68ac5c0-9d9e-438b-a10f-6d0faeee0790",
        "subnetpool_id": null}, {"name": "EmsRefreshSpec-SubnetPrivate_20", "enable_dhcp":
        true, "network_id": "9e63fc1a-c0d4-4a1d-b91c-07e6c9c85076", "tenant_id": "69f8f7205ade4aa59084c32c83e60b5a",
        "dns_nameservers": [], "gateway_ip": "192.168.20.1", "ipv6_ra_mode": null,
        "allocation_pools": [{"start": "192.168.20.2", "end": "192.168.20.254"}],
        "host_routes": [], "ip_version": 4, "ipv6_address_mode": null, "cidr": "192.168.20.0/24",
        "id": "2092b802-1034-4fb8-9c5e-1ec61d1e463f", "subnetpool_id": null}, {"name":
        "EmsRefreshSpec-SubnetPrivate_2", "enable_dhcp": true, "network_id": "4fadcfb0-493b-4a00-a2a8-e357f8115d96",
        "tenant_id": "69f8f7205ade4aa59084c32c83e60b5a", "dns_nameservers": [], "gateway_ip":
        "192.168.2.1", "ipv6_ra_mode": null, "allocation_pools": [{"start": "192.168.2.2",
        "end": "192.168.2.254"}], "host_routes": [], "ip_version": 4, "ipv6_address_mode":
        null, "cidr": "192.168.2.0/24", "id": "bb23bb48-804d-4416-bac3-231db23841e8",
        "subnetpool_id": null}, {"name": "EmsRefreshSpec-SubnetPublic_51", "enable_dhcp":
        false, "network_id": "6b46d522-85a1-4ce2-a276-2fab7cde0946", "tenant_id":
        "69f8f7205ade4aa59084c32c83e60b5a", "dns_nameservers": [], "gateway_ip": "172.16.51.1",
        "ipv6_ra_mode": null, "allocation_pools": [{"start": "172.16.51.2", "end":
        "172.16.51.254"}], "host_routes": [], "ip_version": 4, "ipv6_address_mode":
        null, "cidr": "172.16.51.0/24", "id": "68682f0f-b0e4-4f6d-9f96-d1dfb6a6c2b2",
        "subnetpool_id": null}, {"name": "EmsRefreshSpec-SubnetPublic_10", "enable_dhcp":
        false, "network_id": "83e63648-5a43-4db0-907c-cf9ca0150336", "tenant_id":
        "69f8f7205ade4aa59084c32c83e60b5a", "dns_nameservers": [], "gateway_ip": "172.16.18.1",
        "ipv6_ra_mode": null, "allocation_pools": [{"start": "172.16.18.2", "end":
        "172.16.18.254"}], "host_routes": [], "ip_version": 4, "ipv6_address_mode":
        null, "cidr": "172.16.18.0/24", "id": "93c2f53c-df39-491e-b45b-ce8b36b29437",
        "subnetpool_id": null}, {"name": "EmsRefreshSpec-SubnetPublic_30", "enable_dhcp":
        false, "network_id": "64bf0546-b600-4bd7-a519-9353bde2e235", "tenant_id":
        "69f8f7205ade4aa59084c32c83e60b5a", "dns_nameservers": [], "gateway_ip": "172.16.20.1",
        "ipv6_ra_mode": null, "allocation_pools": [{"start": "172.16.20.2", "end":
        "172.16.20.254"}], "host_routes": [], "ip_version": 4, "ipv6_address_mode":
        null, "cidr": "172.16.20.0/24", "id": "4d8b0801-addf-4ad4-8f46-e5bffa6a1002",
        "subnetpool_id": null}, {"name": "EmsRefreshSpec-SubnetPrivate_31", "enable_dhcp":
        true, "network_id": "c82b70e9-0847-43e9-9bde-b98b1ae445e9", "tenant_id": "69f8f7205ade4aa59084c32c83e60b5a",
        "dns_nameservers": [], "gateway_ip": "192.168.31.1", "ipv6_ra_mode": null,
        "allocation_pools": [{"start": "192.168.31.2", "end": "192.168.31.254"}],
        "host_routes": [], "ip_version": 4, "ipv6_address_mode": null, "cidr": "192.168.31.0/24",
        "id": "841b5584-f86f-4abd-9bc2-f445b8bc860b", "subnetpool_id": null}, {"name":
        "EmsRefreshSpec-IsolatedSubnetPrivate_1", "enable_dhcp": true, "network_id":
        "560b4210-2b5a-4439-8d24-203e09478f48", "tenant_id": "69f8f7205ade4aa59084c32c83e60b5a",
        "dns_nameservers": [], "gateway_ip": "192.168.40.1", "ipv6_ra_mode": null,
        "allocation_pools": [{"start": "192.168.40.2", "end": "192.168.40.254"}],
        "host_routes": [], "ip_version": 4, "ipv6_address_mode": null, "cidr": "192.168.40.0/24",
        "id": "448a986a-19a9-4684-ab6e-25cbf19ae30d", "subnetpool_id": null}, {"name":
        "EmsRefreshSpec-SubnetPrivate", "enable_dhcp": true, "network_id": "c0e8e42b-005e-4183-8f25-fa91b3e441c1",
        "tenant_id": "69f8f7205ade4aa59084c32c83e60b5a", "dns_nameservers": ["8.8.8.8"],
        "gateway_ip": "192.168.0.1", "ipv6_ra_mode": null, "allocation_pools": [{"start":
        "192.168.0.8", "end": "192.168.0.8"}, {"start": "192.168.0.3", "end": "192.168.0.5"}],
        "host_routes": [], "ip_version": 4, "ipv6_address_mode": null, "cidr": "192.168.0.0/24",
        "id": "104c081f-97dd-42b7-8930-98abbd015c74", "subnetpool_id": null}, {"name":
        "EmsRefreshSpec-SubnetPrivate_12", "enable_dhcp": true, "network_id": "c0e8e42b-005e-4183-8f25-fa91b3e441c1",
        "tenant_id": "69f8f7205ade4aa59084c32c83e60b5a", "dns_nameservers": ["8.8.8.8"],
        "gateway_ip": "192.168.1.1", "ipv6_ra_mode": null, "allocation_pools": [{"start":
        "192.168.1.2", "end": "192.168.1.254"}], "host_routes": [], "ip_version":
        4, "ipv6_address_mode": null, "cidr": "192.168.1.0/24", "id": "d53802a5-f0f6-48ba-9207-dbd9b13acac3",
        "subnetpool_id": null}]}'
    http_version: 
  recorded_at: Tue, 13 Nov 2018 17:25:46 GMT
- request:
    method: get
    uri: http://10.8.99.233:9696/v2.0/subnets?limit=1000&marker=d53802a5-f0f6-48ba-9207-dbd9b13acac3
    body:
      encoding: US-ASCII
      string: ''
    headers:
      User-Agent:
      - fog-core/1.45.0
      Content-Type:
      - application/json
      Accept:
      - application/json
      X-Auth-Token:
      - 16fe02c2e7d64a1bbc4a6f31ac41ba77
  response:
    status:
      code: 200
      message: OK
    headers:
      Content-Type:
      - application/json; charset=UTF-8
      Content-Length:
      - '8299'
      X-Openstack-Request-Id:
      - req-64b3e568-890e-4fa6-aa23-a4b9b438174f
      Date:
      - Tue, 13 Nov 2018 17:25:46 GMT
    body:
      encoding: ASCII-8BIT
      string: '{"subnets": [{"name": "EmsRefreshSpec-IsolatedSubnetPrivate_21", "enable_dhcp":
        true, "network_id": "6ad8942f-11ef-4419-bdf5-9ba3561b6281", "tenant_id": "69f8f7205ade4aa59084c32c83e60b5a",
        "dns_nameservers": [], "gateway_ip": "192.168.51.1", "ipv6_ra_mode": null,
        "allocation_pools": [{"start": "192.168.51.2", "end": "192.168.51.254"}],
        "host_routes": [], "ip_version": 4, "ipv6_address_mode": null, "cidr": "192.168.51.0/24",
        "id": "edfcb49b-e917-4897-b8ae-859ef3dae2de", "subnetpool_id": null}, {"name":
        "EmsRefreshSpec-SubnetPrivate_3", "enable_dhcp": true, "network_id": "1c785619-a768-4788-b3b5-ac39ebc2cea1",
        "tenant_id": "69f8f7205ade4aa59084c32c83e60b5a", "dns_nameservers": [], "gateway_ip":
        "192.168.3.1", "ipv6_ra_mode": null, "allocation_pools": [{"start": "192.168.3.2",
        "end": "192.168.3.6"}, {"start": "192.168.3.8", "end": "192.168.3.10"}], "host_routes":
        [], "ip_version": 4, "ipv6_address_mode": null, "cidr": "192.168.3.0/24",
        "id": "82ca5926-43cb-4312-a23f-727d5c0f5bae", "subnetpool_id": null}, {"name":
        "EmsRefreshSpec-SubnetPrivate_30", "enable_dhcp": true, "network_id": "c82b70e9-0847-43e9-9bde-b98b1ae445e9",
        "tenant_id": "69f8f7205ade4aa59084c32c83e60b5a", "dns_nameservers": [], "gateway_ip":
        "192.168.30.1", "ipv6_ra_mode": null, "allocation_pools": [{"start": "192.168.30.2",
        "end": "192.168.30.254"}], "host_routes": [], "ip_version": 4, "ipv6_address_mode":
        null, "cidr": "192.168.30.0/24", "id": "39628ee0-d5ff-4a88-ae66-80442e5feefd",
        "subnetpool_id": null}, {"name": "EmsRefreshSpec-SubnetPublic_50", "enable_dhcp":
        false, "network_id": "6b46d522-85a1-4ce2-a276-2fab7cde0946", "tenant_id":
        "69f8f7205ade4aa59084c32c83e60b5a", "dns_nameservers": [], "gateway_ip": "172.16.50.1",
        "ipv6_ra_mode": null, "allocation_pools": [{"start": "172.16.50.2", "end":
        "172.16.50.254"}], "host_routes": [], "ip_version": 4, "ipv6_address_mode":
        null, "cidr": "172.16.50.0/24", "id": "d71653c5-34d2-47bd-9cd2-d93330a34d44",
        "subnetpool_id": null}, {"name": "EmsRefreshSpec-SubnetPublic", "enable_dhcp":
        false, "network_id": "20af6027-7aeb-432a-ab3b-d7217faa2f1c", "tenant_id":
        "69f8f7205ade4aa59084c32c83e60b5a", "dns_nameservers": [], "gateway_ip": "172.16.17.1",
        "ipv6_ra_mode": null, "allocation_pools": [{"start": "172.16.17.11", "end":
        "172.16.17.19"}, {"start": "172.16.17.2", "end": "172.16.17.9"}], "host_routes":
        [], "ip_version": 4, "ipv6_address_mode": null, "cidr": "172.16.17.0/24",
        "id": "33da95a6-bded-44d8-be36-6cc97f3d72bd", "subnetpool_id": null}, {"name":
        "EmsRefreshSpec-SubnetPublic_40", "enable_dhcp": false, "network_id": "68259081-a5ca-425f-9d9b-816eb62148a3",
        "tenant_id": "69f8f7205ade4aa59084c32c83e60b5a", "dns_nameservers": [], "gateway_ip":
        "172.16.21.1", "ipv6_ra_mode": null, "allocation_pools": [{"start": "172.16.21.2",
        "end": "172.16.21.254"}], "host_routes": [], "ip_version": 4, "ipv6_address_mode":
        null, "cidr": "172.16.21.0/24", "id": "d0065ae4-dffb-4dcc-9e44-a0b1166337f3",
        "subnetpool_id": null}, {"name": "EmsRefreshSpec-IsolatedSubnetPrivate_2",
        "enable_dhcp": true, "network_id": "6ad8942f-11ef-4419-bdf5-9ba3561b6281",
        "tenant_id": "69f8f7205ade4aa59084c32c83e60b5a", "dns_nameservers": [], "gateway_ip":
        "192.168.50.1", "ipv6_ra_mode": null, "allocation_pools": [{"start": "192.168.50.2",
        "end": "192.168.50.2"}, {"start": "192.168.50.4", "end": "192.168.50.4"}],
        "host_routes": [], "ip_version": 4, "ipv6_address_mode": null, "cidr": "192.168.50.0/24",
        "id": "826fd5a9-7a7a-4c40-a9b1-bd69041bbad4", "subnetpool_id": null}, {"name":
        "EmsRefreshSpec-SubnetPublic_20", "enable_dhcp": false, "network_id": "8da920f8-705d-4777-a938-e081b01ad41c",
        "tenant_id": "69f8f7205ade4aa59084c32c83e60b5a", "dns_nameservers": [], "gateway_ip":
        "172.16.19.1", "ipv6_ra_mode": null, "allocation_pools": [{"start": "172.16.19.21",
        "end": "172.16.19.23"}], "host_routes": [], "ip_version": 4, "ipv6_address_mode":
        null, "cidr": "172.16.19.0/24", "id": "c68ac5c0-9d9e-438b-a10f-6d0faeee0790",
        "subnetpool_id": null}, {"name": "EmsRefreshSpec-SubnetPrivate_20", "enable_dhcp":
        true, "network_id": "9e63fc1a-c0d4-4a1d-b91c-07e6c9c85076", "tenant_id": "69f8f7205ade4aa59084c32c83e60b5a",
        "dns_nameservers": [], "gateway_ip": "192.168.20.1", "ipv6_ra_mode": null,
        "allocation_pools": [{"start": "192.168.20.2", "end": "192.168.20.254"}],
        "host_routes": [], "ip_version": 4, "ipv6_address_mode": null, "cidr": "192.168.20.0/24",
        "id": "2092b802-1034-4fb8-9c5e-1ec61d1e463f", "subnetpool_id": null}, {"name":
        "EmsRefreshSpec-SubnetPrivate_2", "enable_dhcp": true, "network_id": "4fadcfb0-493b-4a00-a2a8-e357f8115d96",
        "tenant_id": "69f8f7205ade4aa59084c32c83e60b5a", "dns_nameservers": [], "gateway_ip":
        "192.168.2.1", "ipv6_ra_mode": null, "allocation_pools": [{"start": "192.168.2.2",
        "end": "192.168.2.254"}], "host_routes": [], "ip_version": 4, "ipv6_address_mode":
        null, "cidr": "192.168.2.0/24", "id": "bb23bb48-804d-4416-bac3-231db23841e8",
        "subnetpool_id": null}, {"name": "EmsRefreshSpec-SubnetPublic_51", "enable_dhcp":
        false, "network_id": "6b46d522-85a1-4ce2-a276-2fab7cde0946", "tenant_id":
        "69f8f7205ade4aa59084c32c83e60b5a", "dns_nameservers": [], "gateway_ip": "172.16.51.1",
        "ipv6_ra_mode": null, "allocation_pools": [{"start": "172.16.51.2", "end":
        "172.16.51.254"}], "host_routes": [], "ip_version": 4, "ipv6_address_mode":
        null, "cidr": "172.16.51.0/24", "id": "68682f0f-b0e4-4f6d-9f96-d1dfb6a6c2b2",
        "subnetpool_id": null}, {"name": "EmsRefreshSpec-SubnetPublic_10", "enable_dhcp":
        false, "network_id": "83e63648-5a43-4db0-907c-cf9ca0150336", "tenant_id":
        "69f8f7205ade4aa59084c32c83e60b5a", "dns_nameservers": [], "gateway_ip": "172.16.18.1",
        "ipv6_ra_mode": null, "allocation_pools": [{"start": "172.16.18.2", "end":
        "172.16.18.254"}], "host_routes": [], "ip_version": 4, "ipv6_address_mode":
        null, "cidr": "172.16.18.0/24", "id": "93c2f53c-df39-491e-b45b-ce8b36b29437",
        "subnetpool_id": null}, {"name": "EmsRefreshSpec-SubnetPublic_30", "enable_dhcp":
        false, "network_id": "64bf0546-b600-4bd7-a519-9353bde2e235", "tenant_id":
        "69f8f7205ade4aa59084c32c83e60b5a", "dns_nameservers": [], "gateway_ip": "172.16.20.1",
        "ipv6_ra_mode": null, "allocation_pools": [{"start": "172.16.20.2", "end":
        "172.16.20.254"}], "host_routes": [], "ip_version": 4, "ipv6_address_mode":
        null, "cidr": "172.16.20.0/24", "id": "4d8b0801-addf-4ad4-8f46-e5bffa6a1002",
        "subnetpool_id": null}, {"name": "EmsRefreshSpec-SubnetPrivate_31", "enable_dhcp":
        true, "network_id": "c82b70e9-0847-43e9-9bde-b98b1ae445e9", "tenant_id": "69f8f7205ade4aa59084c32c83e60b5a",
        "dns_nameservers": [], "gateway_ip": "192.168.31.1", "ipv6_ra_mode": null,
        "allocation_pools": [{"start": "192.168.31.2", "end": "192.168.31.254"}],
        "host_routes": [], "ip_version": 4, "ipv6_address_mode": null, "cidr": "192.168.31.0/24",
        "id": "841b5584-f86f-4abd-9bc2-f445b8bc860b", "subnetpool_id": null}, {"name":
        "EmsRefreshSpec-IsolatedSubnetPrivate_1", "enable_dhcp": true, "network_id":
        "560b4210-2b5a-4439-8d24-203e09478f48", "tenant_id": "69f8f7205ade4aa59084c32c83e60b5a",
        "dns_nameservers": [], "gateway_ip": "192.168.40.1", "ipv6_ra_mode": null,
        "allocation_pools": [{"start": "192.168.40.2", "end": "192.168.40.254"}],
        "host_routes": [], "ip_version": 4, "ipv6_address_mode": null, "cidr": "192.168.40.0/24",
        "id": "448a986a-19a9-4684-ab6e-25cbf19ae30d", "subnetpool_id": null}, {"name":
        "EmsRefreshSpec-SubnetPrivate", "enable_dhcp": true, "network_id": "c0e8e42b-005e-4183-8f25-fa91b3e441c1",
        "tenant_id": "69f8f7205ade4aa59084c32c83e60b5a", "dns_nameservers": ["8.8.8.8"],
        "gateway_ip": "192.168.0.1", "ipv6_ra_mode": null, "allocation_pools": [{"start":
        "192.168.0.8", "end": "192.168.0.8"}, {"start": "192.168.0.3", "end": "192.168.0.5"}],
        "host_routes": [], "ip_version": 4, "ipv6_address_mode": null, "cidr": "192.168.0.0/24",
        "id": "104c081f-97dd-42b7-8930-98abbd015c74", "subnetpool_id": null}, {"name":
        "EmsRefreshSpec-SubnetPrivate_12", "enable_dhcp": true, "network_id": "c0e8e42b-005e-4183-8f25-fa91b3e441c1",
        "tenant_id": "69f8f7205ade4aa59084c32c83e60b5a", "dns_nameservers": ["8.8.8.8"],
        "gateway_ip": "192.168.1.1", "ipv6_ra_mode": null, "allocation_pools": [{"start":
        "192.168.1.2", "end": "192.168.1.254"}], "host_routes": [], "ip_version":
        4, "ipv6_address_mode": null, "cidr": "192.168.1.0/24", "id": "d53802a5-f0f6-48ba-9207-dbd9b13acac3",
        "subnetpool_id": null}]}'
    http_version: 
  recorded_at: Tue, 13 Nov 2018 17:25:46 GMT
- request:
    method: get
    uri: http://10.8.99.233:9696/v2.0/subnets?limit=1000
    body:
      encoding: US-ASCII
      string: ''
    headers:
      User-Agent:
      - fog-core/1.45.0
      Content-Type:
      - application/json
      Accept:
      - application/json
      X-Auth-Token:
      - e1a39e1afd9a4569acba5b4f152323de
  response:
    status:
      code: 200
      message: OK
    headers:
      Content-Type:
      - application/json; charset=UTF-8
      Content-Length:
      - '8299'
      X-Openstack-Request-Id:
      - req-4b37c900-f8df-4cb8-a08d-2cc33240256e
      Date:
      - Tue, 13 Nov 2018 17:25:46 GMT
    body:
      encoding: ASCII-8BIT
      string: '{"subnets": [{"name": "EmsRefreshSpec-IsolatedSubnetPrivate_21", "enable_dhcp":
        true, "network_id": "6ad8942f-11ef-4419-bdf5-9ba3561b6281", "tenant_id": "69f8f7205ade4aa59084c32c83e60b5a",
        "dns_nameservers": [], "gateway_ip": "192.168.51.1", "ipv6_ra_mode": null,
        "allocation_pools": [{"start": "192.168.51.2", "end": "192.168.51.254"}],
        "host_routes": [], "ip_version": 4, "ipv6_address_mode": null, "cidr": "192.168.51.0/24",
        "id": "edfcb49b-e917-4897-b8ae-859ef3dae2de", "subnetpool_id": null}, {"name":
        "EmsRefreshSpec-SubnetPrivate_3", "enable_dhcp": true, "network_id": "1c785619-a768-4788-b3b5-ac39ebc2cea1",
        "tenant_id": "69f8f7205ade4aa59084c32c83e60b5a", "dns_nameservers": [], "gateway_ip":
        "192.168.3.1", "ipv6_ra_mode": null, "allocation_pools": [{"start": "192.168.3.2",
        "end": "192.168.3.6"}, {"start": "192.168.3.8", "end": "192.168.3.10"}], "host_routes":
        [], "ip_version": 4, "ipv6_address_mode": null, "cidr": "192.168.3.0/24",
        "id": "82ca5926-43cb-4312-a23f-727d5c0f5bae", "subnetpool_id": null}, {"name":
        "EmsRefreshSpec-SubnetPrivate_30", "enable_dhcp": true, "network_id": "c82b70e9-0847-43e9-9bde-b98b1ae445e9",
        "tenant_id": "69f8f7205ade4aa59084c32c83e60b5a", "dns_nameservers": [], "gateway_ip":
        "192.168.30.1", "ipv6_ra_mode": null, "allocation_pools": [{"start": "192.168.30.2",
        "end": "192.168.30.254"}], "host_routes": [], "ip_version": 4, "ipv6_address_mode":
        null, "cidr": "192.168.30.0/24", "id": "39628ee0-d5ff-4a88-ae66-80442e5feefd",
        "subnetpool_id": null}, {"name": "EmsRefreshSpec-SubnetPublic_50", "enable_dhcp":
        false, "network_id": "6b46d522-85a1-4ce2-a276-2fab7cde0946", "tenant_id":
        "69f8f7205ade4aa59084c32c83e60b5a", "dns_nameservers": [], "gateway_ip": "172.16.50.1",
        "ipv6_ra_mode": null, "allocation_pools": [{"start": "172.16.50.2", "end":
        "172.16.50.254"}], "host_routes": [], "ip_version": 4, "ipv6_address_mode":
        null, "cidr": "172.16.50.0/24", "id": "d71653c5-34d2-47bd-9cd2-d93330a34d44",
        "subnetpool_id": null}, {"name": "EmsRefreshSpec-SubnetPublic", "enable_dhcp":
        false, "network_id": "20af6027-7aeb-432a-ab3b-d7217faa2f1c", "tenant_id":
        "69f8f7205ade4aa59084c32c83e60b5a", "dns_nameservers": [], "gateway_ip": "172.16.17.1",
        "ipv6_ra_mode": null, "allocation_pools": [{"start": "172.16.17.11", "end":
        "172.16.17.19"}, {"start": "172.16.17.2", "end": "172.16.17.9"}], "host_routes":
        [], "ip_version": 4, "ipv6_address_mode": null, "cidr": "172.16.17.0/24",
        "id": "33da95a6-bded-44d8-be36-6cc97f3d72bd", "subnetpool_id": null}, {"name":
        "EmsRefreshSpec-SubnetPublic_40", "enable_dhcp": false, "network_id": "68259081-a5ca-425f-9d9b-816eb62148a3",
        "tenant_id": "69f8f7205ade4aa59084c32c83e60b5a", "dns_nameservers": [], "gateway_ip":
        "172.16.21.1", "ipv6_ra_mode": null, "allocation_pools": [{"start": "172.16.21.2",
        "end": "172.16.21.254"}], "host_routes": [], "ip_version": 4, "ipv6_address_mode":
        null, "cidr": "172.16.21.0/24", "id": "d0065ae4-dffb-4dcc-9e44-a0b1166337f3",
        "subnetpool_id": null}, {"name": "EmsRefreshSpec-IsolatedSubnetPrivate_2",
        "enable_dhcp": true, "network_id": "6ad8942f-11ef-4419-bdf5-9ba3561b6281",
        "tenant_id": "69f8f7205ade4aa59084c32c83e60b5a", "dns_nameservers": [], "gateway_ip":
        "192.168.50.1", "ipv6_ra_mode": null, "allocation_pools": [{"start": "192.168.50.2",
        "end": "192.168.50.2"}, {"start": "192.168.50.4", "end": "192.168.50.4"}],
        "host_routes": [], "ip_version": 4, "ipv6_address_mode": null, "cidr": "192.168.50.0/24",
        "id": "826fd5a9-7a7a-4c40-a9b1-bd69041bbad4", "subnetpool_id": null}, {"name":
        "EmsRefreshSpec-SubnetPublic_20", "enable_dhcp": false, "network_id": "8da920f8-705d-4777-a938-e081b01ad41c",
        "tenant_id": "69f8f7205ade4aa59084c32c83e60b5a", "dns_nameservers": [], "gateway_ip":
        "172.16.19.1", "ipv6_ra_mode": null, "allocation_pools": [{"start": "172.16.19.21",
        "end": "172.16.19.23"}], "host_routes": [], "ip_version": 4, "ipv6_address_mode":
        null, "cidr": "172.16.19.0/24", "id": "c68ac5c0-9d9e-438b-a10f-6d0faeee0790",
        "subnetpool_id": null}, {"name": "EmsRefreshSpec-SubnetPrivate_20", "enable_dhcp":
        true, "network_id": "9e63fc1a-c0d4-4a1d-b91c-07e6c9c85076", "tenant_id": "69f8f7205ade4aa59084c32c83e60b5a",
        "dns_nameservers": [], "gateway_ip": "192.168.20.1", "ipv6_ra_mode": null,
        "allocation_pools": [{"start": "192.168.20.2", "end": "192.168.20.254"}],
        "host_routes": [], "ip_version": 4, "ipv6_address_mode": null, "cidr": "192.168.20.0/24",
        "id": "2092b802-1034-4fb8-9c5e-1ec61d1e463f", "subnetpool_id": null}, {"name":
        "EmsRefreshSpec-SubnetPrivate_2", "enable_dhcp": true, "network_id": "4fadcfb0-493b-4a00-a2a8-e357f8115d96",
        "tenant_id": "69f8f7205ade4aa59084c32c83e60b5a", "dns_nameservers": [], "gateway_ip":
        "192.168.2.1", "ipv6_ra_mode": null, "allocation_pools": [{"start": "192.168.2.2",
        "end": "192.168.2.254"}], "host_routes": [], "ip_version": 4, "ipv6_address_mode":
        null, "cidr": "192.168.2.0/24", "id": "bb23bb48-804d-4416-bac3-231db23841e8",
        "subnetpool_id": null}, {"name": "EmsRefreshSpec-SubnetPublic_51", "enable_dhcp":
        false, "network_id": "6b46d522-85a1-4ce2-a276-2fab7cde0946", "tenant_id":
        "69f8f7205ade4aa59084c32c83e60b5a", "dns_nameservers": [], "gateway_ip": "172.16.51.1",
        "ipv6_ra_mode": null, "allocation_pools": [{"start": "172.16.51.2", "end":
        "172.16.51.254"}], "host_routes": [], "ip_version": 4, "ipv6_address_mode":
        null, "cidr": "172.16.51.0/24", "id": "68682f0f-b0e4-4f6d-9f96-d1dfb6a6c2b2",
        "subnetpool_id": null}, {"name": "EmsRefreshSpec-SubnetPublic_10", "enable_dhcp":
        false, "network_id": "83e63648-5a43-4db0-907c-cf9ca0150336", "tenant_id":
        "69f8f7205ade4aa59084c32c83e60b5a", "dns_nameservers": [], "gateway_ip": "172.16.18.1",
        "ipv6_ra_mode": null, "allocation_pools": [{"start": "172.16.18.2", "end":
        "172.16.18.254"}], "host_routes": [], "ip_version": 4, "ipv6_address_mode":
        null, "cidr": "172.16.18.0/24", "id": "93c2f53c-df39-491e-b45b-ce8b36b29437",
        "subnetpool_id": null}, {"name": "EmsRefreshSpec-SubnetPublic_30", "enable_dhcp":
        false, "network_id": "64bf0546-b600-4bd7-a519-9353bde2e235", "tenant_id":
        "69f8f7205ade4aa59084c32c83e60b5a", "dns_nameservers": [], "gateway_ip": "172.16.20.1",
        "ipv6_ra_mode": null, "allocation_pools": [{"start": "172.16.20.2", "end":
        "172.16.20.254"}], "host_routes": [], "ip_version": 4, "ipv6_address_mode":
        null, "cidr": "172.16.20.0/24", "id": "4d8b0801-addf-4ad4-8f46-e5bffa6a1002",
        "subnetpool_id": null}, {"name": "EmsRefreshSpec-SubnetPrivate_31", "enable_dhcp":
        true, "network_id": "c82b70e9-0847-43e9-9bde-b98b1ae445e9", "tenant_id": "69f8f7205ade4aa59084c32c83e60b5a",
        "dns_nameservers": [], "gateway_ip": "192.168.31.1", "ipv6_ra_mode": null,
        "allocation_pools": [{"start": "192.168.31.2", "end": "192.168.31.254"}],
        "host_routes": [], "ip_version": 4, "ipv6_address_mode": null, "cidr": "192.168.31.0/24",
        "id": "841b5584-f86f-4abd-9bc2-f445b8bc860b", "subnetpool_id": null}, {"name":
        "EmsRefreshSpec-IsolatedSubnetPrivate_1", "enable_dhcp": true, "network_id":
        "560b4210-2b5a-4439-8d24-203e09478f48", "tenant_id": "69f8f7205ade4aa59084c32c83e60b5a",
        "dns_nameservers": [], "gateway_ip": "192.168.40.1", "ipv6_ra_mode": null,
        "allocation_pools": [{"start": "192.168.40.2", "end": "192.168.40.254"}],
        "host_routes": [], "ip_version": 4, "ipv6_address_mode": null, "cidr": "192.168.40.0/24",
        "id": "448a986a-19a9-4684-ab6e-25cbf19ae30d", "subnetpool_id": null}, {"name":
        "EmsRefreshSpec-SubnetPrivate", "enable_dhcp": true, "network_id": "c0e8e42b-005e-4183-8f25-fa91b3e441c1",
        "tenant_id": "69f8f7205ade4aa59084c32c83e60b5a", "dns_nameservers": ["8.8.8.8"],
        "gateway_ip": "192.168.0.1", "ipv6_ra_mode": null, "allocation_pools": [{"start":
        "192.168.0.8", "end": "192.168.0.8"}, {"start": "192.168.0.3", "end": "192.168.0.5"}],
        "host_routes": [], "ip_version": 4, "ipv6_address_mode": null, "cidr": "192.168.0.0/24",
        "id": "104c081f-97dd-42b7-8930-98abbd015c74", "subnetpool_id": null}, {"name":
        "EmsRefreshSpec-SubnetPrivate_12", "enable_dhcp": true, "network_id": "c0e8e42b-005e-4183-8f25-fa91b3e441c1",
        "tenant_id": "69f8f7205ade4aa59084c32c83e60b5a", "dns_nameservers": ["8.8.8.8"],
        "gateway_ip": "192.168.1.1", "ipv6_ra_mode": null, "allocation_pools": [{"start":
        "192.168.1.2", "end": "192.168.1.254"}], "host_routes": [], "ip_version":
        4, "ipv6_address_mode": null, "cidr": "192.168.1.0/24", "id": "d53802a5-f0f6-48ba-9207-dbd9b13acac3",
        "subnetpool_id": null}]}'
    http_version: 
  recorded_at: Tue, 13 Nov 2018 17:25:46 GMT
- request:
    method: get
    uri: http://10.8.99.233:9696/v2.0/subnets?limit=1000&marker=d53802a5-f0f6-48ba-9207-dbd9b13acac3
    body:
      encoding: US-ASCII
      string: ''
    headers:
      User-Agent:
      - fog-core/1.45.0
      Content-Type:
      - application/json
      Accept:
      - application/json
      X-Auth-Token:
      - e1a39e1afd9a4569acba5b4f152323de
  response:
    status:
      code: 200
      message: OK
    headers:
      Content-Type:
      - application/json; charset=UTF-8
      Content-Length:
      - '8299'
      X-Openstack-Request-Id:
      - req-b5710384-3db4-4e84-a704-2ed01506a09f
      Date:
      - Tue, 13 Nov 2018 17:25:46 GMT
    body:
      encoding: ASCII-8BIT
      string: '{"subnets": [{"name": "EmsRefreshSpec-IsolatedSubnetPrivate_21", "enable_dhcp":
        true, "network_id": "6ad8942f-11ef-4419-bdf5-9ba3561b6281", "tenant_id": "69f8f7205ade4aa59084c32c83e60b5a",
        "dns_nameservers": [], "gateway_ip": "192.168.51.1", "ipv6_ra_mode": null,
        "allocation_pools": [{"start": "192.168.51.2", "end": "192.168.51.254"}],
        "host_routes": [], "ip_version": 4, "ipv6_address_mode": null, "cidr": "192.168.51.0/24",
        "id": "edfcb49b-e917-4897-b8ae-859ef3dae2de", "subnetpool_id": null}, {"name":
        "EmsRefreshSpec-SubnetPrivate_3", "enable_dhcp": true, "network_id": "1c785619-a768-4788-b3b5-ac39ebc2cea1",
        "tenant_id": "69f8f7205ade4aa59084c32c83e60b5a", "dns_nameservers": [], "gateway_ip":
        "192.168.3.1", "ipv6_ra_mode": null, "allocation_pools": [{"start": "192.168.3.2",
        "end": "192.168.3.6"}, {"start": "192.168.3.8", "end": "192.168.3.10"}], "host_routes":
        [], "ip_version": 4, "ipv6_address_mode": null, "cidr": "192.168.3.0/24",
        "id": "82ca5926-43cb-4312-a23f-727d5c0f5bae", "subnetpool_id": null}, {"name":
        "EmsRefreshSpec-SubnetPrivate_30", "enable_dhcp": true, "network_id": "c82b70e9-0847-43e9-9bde-b98b1ae445e9",
        "tenant_id": "69f8f7205ade4aa59084c32c83e60b5a", "dns_nameservers": [], "gateway_ip":
        "192.168.30.1", "ipv6_ra_mode": null, "allocation_pools": [{"start": "192.168.30.2",
        "end": "192.168.30.254"}], "host_routes": [], "ip_version": 4, "ipv6_address_mode":
        null, "cidr": "192.168.30.0/24", "id": "39628ee0-d5ff-4a88-ae66-80442e5feefd",
        "subnetpool_id": null}, {"name": "EmsRefreshSpec-SubnetPublic_50", "enable_dhcp":
        false, "network_id": "6b46d522-85a1-4ce2-a276-2fab7cde0946", "tenant_id":
        "69f8f7205ade4aa59084c32c83e60b5a", "dns_nameservers": [], "gateway_ip": "172.16.50.1",
        "ipv6_ra_mode": null, "allocation_pools": [{"start": "172.16.50.2", "end":
        "172.16.50.254"}], "host_routes": [], "ip_version": 4, "ipv6_address_mode":
        null, "cidr": "172.16.50.0/24", "id": "d71653c5-34d2-47bd-9cd2-d93330a34d44",
        "subnetpool_id": null}, {"name": "EmsRefreshSpec-SubnetPublic", "enable_dhcp":
        false, "network_id": "20af6027-7aeb-432a-ab3b-d7217faa2f1c", "tenant_id":
        "69f8f7205ade4aa59084c32c83e60b5a", "dns_nameservers": [], "gateway_ip": "172.16.17.1",
        "ipv6_ra_mode": null, "allocation_pools": [{"start": "172.16.17.11", "end":
        "172.16.17.19"}, {"start": "172.16.17.2", "end": "172.16.17.9"}], "host_routes":
        [], "ip_version": 4, "ipv6_address_mode": null, "cidr": "172.16.17.0/24",
        "id": "33da95a6-bded-44d8-be36-6cc97f3d72bd", "subnetpool_id": null}, {"name":
        "EmsRefreshSpec-SubnetPublic_40", "enable_dhcp": false, "network_id": "68259081-a5ca-425f-9d9b-816eb62148a3",
        "tenant_id": "69f8f7205ade4aa59084c32c83e60b5a", "dns_nameservers": [], "gateway_ip":
        "172.16.21.1", "ipv6_ra_mode": null, "allocation_pools": [{"start": "172.16.21.2",
        "end": "172.16.21.254"}], "host_routes": [], "ip_version": 4, "ipv6_address_mode":
        null, "cidr": "172.16.21.0/24", "id": "d0065ae4-dffb-4dcc-9e44-a0b1166337f3",
        "subnetpool_id": null}, {"name": "EmsRefreshSpec-IsolatedSubnetPrivate_2",
        "enable_dhcp": true, "network_id": "6ad8942f-11ef-4419-bdf5-9ba3561b6281",
        "tenant_id": "69f8f7205ade4aa59084c32c83e60b5a", "dns_nameservers": [], "gateway_ip":
        "192.168.50.1", "ipv6_ra_mode": null, "allocation_pools": [{"start": "192.168.50.2",
        "end": "192.168.50.2"}, {"start": "192.168.50.4", "end": "192.168.50.4"}],
        "host_routes": [], "ip_version": 4, "ipv6_address_mode": null, "cidr": "192.168.50.0/24",
        "id": "826fd5a9-7a7a-4c40-a9b1-bd69041bbad4", "subnetpool_id": null}, {"name":
        "EmsRefreshSpec-SubnetPublic_20", "enable_dhcp": false, "network_id": "8da920f8-705d-4777-a938-e081b01ad41c",
        "tenant_id": "69f8f7205ade4aa59084c32c83e60b5a", "dns_nameservers": [], "gateway_ip":
        "172.16.19.1", "ipv6_ra_mode": null, "allocation_pools": [{"start": "172.16.19.21",
        "end": "172.16.19.23"}], "host_routes": [], "ip_version": 4, "ipv6_address_mode":
        null, "cidr": "172.16.19.0/24", "id": "c68ac5c0-9d9e-438b-a10f-6d0faeee0790",
        "subnetpool_id": null}, {"name": "EmsRefreshSpec-SubnetPrivate_20", "enable_dhcp":
        true, "network_id": "9e63fc1a-c0d4-4a1d-b91c-07e6c9c85076", "tenant_id": "69f8f7205ade4aa59084c32c83e60b5a",
        "dns_nameservers": [], "gateway_ip": "192.168.20.1", "ipv6_ra_mode": null,
        "allocation_pools": [{"start": "192.168.20.2", "end": "192.168.20.254"}],
        "host_routes": [], "ip_version": 4, "ipv6_address_mode": null, "cidr": "192.168.20.0/24",
        "id": "2092b802-1034-4fb8-9c5e-1ec61d1e463f", "subnetpool_id": null}, {"name":
        "EmsRefreshSpec-SubnetPrivate_2", "enable_dhcp": true, "network_id": "4fadcfb0-493b-4a00-a2a8-e357f8115d96",
        "tenant_id": "69f8f7205ade4aa59084c32c83e60b5a", "dns_nameservers": [], "gateway_ip":
        "192.168.2.1", "ipv6_ra_mode": null, "allocation_pools": [{"start": "192.168.2.2",
        "end": "192.168.2.254"}], "host_routes": [], "ip_version": 4, "ipv6_address_mode":
        null, "cidr": "192.168.2.0/24", "id": "bb23bb48-804d-4416-bac3-231db23841e8",
        "subnetpool_id": null}, {"name": "EmsRefreshSpec-SubnetPublic_51", "enable_dhcp":
        false, "network_id": "6b46d522-85a1-4ce2-a276-2fab7cde0946", "tenant_id":
        "69f8f7205ade4aa59084c32c83e60b5a", "dns_nameservers": [], "gateway_ip": "172.16.51.1",
        "ipv6_ra_mode": null, "allocation_pools": [{"start": "172.16.51.2", "end":
        "172.16.51.254"}], "host_routes": [], "ip_version": 4, "ipv6_address_mode":
        null, "cidr": "172.16.51.0/24", "id": "68682f0f-b0e4-4f6d-9f96-d1dfb6a6c2b2",
        "subnetpool_id": null}, {"name": "EmsRefreshSpec-SubnetPublic_10", "enable_dhcp":
        false, "network_id": "83e63648-5a43-4db0-907c-cf9ca0150336", "tenant_id":
        "69f8f7205ade4aa59084c32c83e60b5a", "dns_nameservers": [], "gateway_ip": "172.16.18.1",
        "ipv6_ra_mode": null, "allocation_pools": [{"start": "172.16.18.2", "end":
        "172.16.18.254"}], "host_routes": [], "ip_version": 4, "ipv6_address_mode":
        null, "cidr": "172.16.18.0/24", "id": "93c2f53c-df39-491e-b45b-ce8b36b29437",
        "subnetpool_id": null}, {"name": "EmsRefreshSpec-SubnetPublic_30", "enable_dhcp":
        false, "network_id": "64bf0546-b600-4bd7-a519-9353bde2e235", "tenant_id":
        "69f8f7205ade4aa59084c32c83e60b5a", "dns_nameservers": [], "gateway_ip": "172.16.20.1",
        "ipv6_ra_mode": null, "allocation_pools": [{"start": "172.16.20.2", "end":
        "172.16.20.254"}], "host_routes": [], "ip_version": 4, "ipv6_address_mode":
        null, "cidr": "172.16.20.0/24", "id": "4d8b0801-addf-4ad4-8f46-e5bffa6a1002",
        "subnetpool_id": null}, {"name": "EmsRefreshSpec-SubnetPrivate_31", "enable_dhcp":
        true, "network_id": "c82b70e9-0847-43e9-9bde-b98b1ae445e9", "tenant_id": "69f8f7205ade4aa59084c32c83e60b5a",
        "dns_nameservers": [], "gateway_ip": "192.168.31.1", "ipv6_ra_mode": null,
        "allocation_pools": [{"start": "192.168.31.2", "end": "192.168.31.254"}],
        "host_routes": [], "ip_version": 4, "ipv6_address_mode": null, "cidr": "192.168.31.0/24",
        "id": "841b5584-f86f-4abd-9bc2-f445b8bc860b", "subnetpool_id": null}, {"name":
        "EmsRefreshSpec-IsolatedSubnetPrivate_1", "enable_dhcp": true, "network_id":
        "560b4210-2b5a-4439-8d24-203e09478f48", "tenant_id": "69f8f7205ade4aa59084c32c83e60b5a",
        "dns_nameservers": [], "gateway_ip": "192.168.40.1", "ipv6_ra_mode": null,
        "allocation_pools": [{"start": "192.168.40.2", "end": "192.168.40.254"}],
        "host_routes": [], "ip_version": 4, "ipv6_address_mode": null, "cidr": "192.168.40.0/24",
        "id": "448a986a-19a9-4684-ab6e-25cbf19ae30d", "subnetpool_id": null}, {"name":
        "EmsRefreshSpec-SubnetPrivate", "enable_dhcp": true, "network_id": "c0e8e42b-005e-4183-8f25-fa91b3e441c1",
        "tenant_id": "69f8f7205ade4aa59084c32c83e60b5a", "dns_nameservers": ["8.8.8.8"],
        "gateway_ip": "192.168.0.1", "ipv6_ra_mode": null, "allocation_pools": [{"start":
        "192.168.0.8", "end": "192.168.0.8"}, {"start": "192.168.0.3", "end": "192.168.0.5"}],
        "host_routes": [], "ip_version": 4, "ipv6_address_mode": null, "cidr": "192.168.0.0/24",
        "id": "104c081f-97dd-42b7-8930-98abbd015c74", "subnetpool_id": null}, {"name":
        "EmsRefreshSpec-SubnetPrivate_12", "enable_dhcp": true, "network_id": "c0e8e42b-005e-4183-8f25-fa91b3e441c1",
        "tenant_id": "69f8f7205ade4aa59084c32c83e60b5a", "dns_nameservers": ["8.8.8.8"],
        "gateway_ip": "192.168.1.1", "ipv6_ra_mode": null, "allocation_pools": [{"start":
        "192.168.1.2", "end": "192.168.1.254"}], "host_routes": [], "ip_version":
        4, "ipv6_address_mode": null, "cidr": "192.168.1.0/24", "id": "d53802a5-f0f6-48ba-9207-dbd9b13acac3",
        "subnetpool_id": null}]}'
    http_version: 
  recorded_at: Tue, 13 Nov 2018 17:25:46 GMT
- request:
    method: get
    uri: http://10.8.99.233:9696/v2.0/subnets?limit=1000
    body:
      encoding: US-ASCII
      string: ''
    headers:
      User-Agent:
      - fog-core/1.45.0
      Content-Type:
      - application/json
      Accept:
      - application/json
      X-Auth-Token:
      - d8beb839e31945488aba862fe62ea574
  response:
    status:
      code: 200
      message: OK
    headers:
      Content-Type:
      - application/json; charset=UTF-8
      Content-Length:
      - '8299'
      X-Openstack-Request-Id:
      - req-44949cf6-c9f7-4f27-ae02-e1977775f86d
      Date:
      - Tue, 13 Nov 2018 17:25:47 GMT
    body:
      encoding: ASCII-8BIT
      string: '{"subnets": [{"name": "EmsRefreshSpec-IsolatedSubnetPrivate_21", "enable_dhcp":
        true, "network_id": "6ad8942f-11ef-4419-bdf5-9ba3561b6281", "tenant_id": "69f8f7205ade4aa59084c32c83e60b5a",
        "dns_nameservers": [], "gateway_ip": "192.168.51.1", "ipv6_ra_mode": null,
        "allocation_pools": [{"start": "192.168.51.2", "end": "192.168.51.254"}],
        "host_routes": [], "ip_version": 4, "ipv6_address_mode": null, "cidr": "192.168.51.0/24",
        "id": "edfcb49b-e917-4897-b8ae-859ef3dae2de", "subnetpool_id": null}, {"name":
        "EmsRefreshSpec-SubnetPrivate_3", "enable_dhcp": true, "network_id": "1c785619-a768-4788-b3b5-ac39ebc2cea1",
        "tenant_id": "69f8f7205ade4aa59084c32c83e60b5a", "dns_nameservers": [], "gateway_ip":
        "192.168.3.1", "ipv6_ra_mode": null, "allocation_pools": [{"start": "192.168.3.2",
        "end": "192.168.3.6"}, {"start": "192.168.3.8", "end": "192.168.3.10"}], "host_routes":
        [], "ip_version": 4, "ipv6_address_mode": null, "cidr": "192.168.3.0/24",
        "id": "82ca5926-43cb-4312-a23f-727d5c0f5bae", "subnetpool_id": null}, {"name":
        "EmsRefreshSpec-SubnetPrivate_30", "enable_dhcp": true, "network_id": "c82b70e9-0847-43e9-9bde-b98b1ae445e9",
        "tenant_id": "69f8f7205ade4aa59084c32c83e60b5a", "dns_nameservers": [], "gateway_ip":
        "192.168.30.1", "ipv6_ra_mode": null, "allocation_pools": [{"start": "192.168.30.2",
        "end": "192.168.30.254"}], "host_routes": [], "ip_version": 4, "ipv6_address_mode":
        null, "cidr": "192.168.30.0/24", "id": "39628ee0-d5ff-4a88-ae66-80442e5feefd",
        "subnetpool_id": null}, {"name": "EmsRefreshSpec-SubnetPublic_50", "enable_dhcp":
        false, "network_id": "6b46d522-85a1-4ce2-a276-2fab7cde0946", "tenant_id":
        "69f8f7205ade4aa59084c32c83e60b5a", "dns_nameservers": [], "gateway_ip": "172.16.50.1",
        "ipv6_ra_mode": null, "allocation_pools": [{"start": "172.16.50.2", "end":
        "172.16.50.254"}], "host_routes": [], "ip_version": 4, "ipv6_address_mode":
        null, "cidr": "172.16.50.0/24", "id": "d71653c5-34d2-47bd-9cd2-d93330a34d44",
        "subnetpool_id": null}, {"name": "EmsRefreshSpec-SubnetPublic", "enable_dhcp":
        false, "network_id": "20af6027-7aeb-432a-ab3b-d7217faa2f1c", "tenant_id":
        "69f8f7205ade4aa59084c32c83e60b5a", "dns_nameservers": [], "gateway_ip": "172.16.17.1",
        "ipv6_ra_mode": null, "allocation_pools": [{"start": "172.16.17.11", "end":
        "172.16.17.19"}, {"start": "172.16.17.2", "end": "172.16.17.9"}], "host_routes":
        [], "ip_version": 4, "ipv6_address_mode": null, "cidr": "172.16.17.0/24",
        "id": "33da95a6-bded-44d8-be36-6cc97f3d72bd", "subnetpool_id": null}, {"name":
        "EmsRefreshSpec-SubnetPublic_40", "enable_dhcp": false, "network_id": "68259081-a5ca-425f-9d9b-816eb62148a3",
        "tenant_id": "69f8f7205ade4aa59084c32c83e60b5a", "dns_nameservers": [], "gateway_ip":
        "172.16.21.1", "ipv6_ra_mode": null, "allocation_pools": [{"start": "172.16.21.2",
        "end": "172.16.21.254"}], "host_routes": [], "ip_version": 4, "ipv6_address_mode":
        null, "cidr": "172.16.21.0/24", "id": "d0065ae4-dffb-4dcc-9e44-a0b1166337f3",
        "subnetpool_id": null}, {"name": "EmsRefreshSpec-IsolatedSubnetPrivate_2",
        "enable_dhcp": true, "network_id": "6ad8942f-11ef-4419-bdf5-9ba3561b6281",
        "tenant_id": "69f8f7205ade4aa59084c32c83e60b5a", "dns_nameservers": [], "gateway_ip":
        "192.168.50.1", "ipv6_ra_mode": null, "allocation_pools": [{"start": "192.168.50.2",
        "end": "192.168.50.2"}, {"start": "192.168.50.4", "end": "192.168.50.4"}],
        "host_routes": [], "ip_version": 4, "ipv6_address_mode": null, "cidr": "192.168.50.0/24",
        "id": "826fd5a9-7a7a-4c40-a9b1-bd69041bbad4", "subnetpool_id": null}, {"name":
        "EmsRefreshSpec-SubnetPublic_20", "enable_dhcp": false, "network_id": "8da920f8-705d-4777-a938-e081b01ad41c",
        "tenant_id": "69f8f7205ade4aa59084c32c83e60b5a", "dns_nameservers": [], "gateway_ip":
        "172.16.19.1", "ipv6_ra_mode": null, "allocation_pools": [{"start": "172.16.19.21",
        "end": "172.16.19.23"}], "host_routes": [], "ip_version": 4, "ipv6_address_mode":
        null, "cidr": "172.16.19.0/24", "id": "c68ac5c0-9d9e-438b-a10f-6d0faeee0790",
        "subnetpool_id": null}, {"name": "EmsRefreshSpec-SubnetPrivate_20", "enable_dhcp":
        true, "network_id": "9e63fc1a-c0d4-4a1d-b91c-07e6c9c85076", "tenant_id": "69f8f7205ade4aa59084c32c83e60b5a",
        "dns_nameservers": [], "gateway_ip": "192.168.20.1", "ipv6_ra_mode": null,
        "allocation_pools": [{"start": "192.168.20.2", "end": "192.168.20.254"}],
        "host_routes": [], "ip_version": 4, "ipv6_address_mode": null, "cidr": "192.168.20.0/24",
        "id": "2092b802-1034-4fb8-9c5e-1ec61d1e463f", "subnetpool_id": null}, {"name":
        "EmsRefreshSpec-SubnetPrivate_2", "enable_dhcp": true, "network_id": "4fadcfb0-493b-4a00-a2a8-e357f8115d96",
        "tenant_id": "69f8f7205ade4aa59084c32c83e60b5a", "dns_nameservers": [], "gateway_ip":
        "192.168.2.1", "ipv6_ra_mode": null, "allocation_pools": [{"start": "192.168.2.2",
        "end": "192.168.2.254"}], "host_routes": [], "ip_version": 4, "ipv6_address_mode":
        null, "cidr": "192.168.2.0/24", "id": "bb23bb48-804d-4416-bac3-231db23841e8",
        "subnetpool_id": null}, {"name": "EmsRefreshSpec-SubnetPublic_51", "enable_dhcp":
        false, "network_id": "6b46d522-85a1-4ce2-a276-2fab7cde0946", "tenant_id":
        "69f8f7205ade4aa59084c32c83e60b5a", "dns_nameservers": [], "gateway_ip": "172.16.51.1",
        "ipv6_ra_mode": null, "allocation_pools": [{"start": "172.16.51.2", "end":
        "172.16.51.254"}], "host_routes": [], "ip_version": 4, "ipv6_address_mode":
        null, "cidr": "172.16.51.0/24", "id": "68682f0f-b0e4-4f6d-9f96-d1dfb6a6c2b2",
        "subnetpool_id": null}, {"name": "EmsRefreshSpec-SubnetPublic_10", "enable_dhcp":
        false, "network_id": "83e63648-5a43-4db0-907c-cf9ca0150336", "tenant_id":
        "69f8f7205ade4aa59084c32c83e60b5a", "dns_nameservers": [], "gateway_ip": "172.16.18.1",
        "ipv6_ra_mode": null, "allocation_pools": [{"start": "172.16.18.2", "end":
        "172.16.18.254"}], "host_routes": [], "ip_version": 4, "ipv6_address_mode":
        null, "cidr": "172.16.18.0/24", "id": "93c2f53c-df39-491e-b45b-ce8b36b29437",
        "subnetpool_id": null}, {"name": "EmsRefreshSpec-SubnetPublic_30", "enable_dhcp":
        false, "network_id": "64bf0546-b600-4bd7-a519-9353bde2e235", "tenant_id":
        "69f8f7205ade4aa59084c32c83e60b5a", "dns_nameservers": [], "gateway_ip": "172.16.20.1",
        "ipv6_ra_mode": null, "allocation_pools": [{"start": "172.16.20.2", "end":
        "172.16.20.254"}], "host_routes": [], "ip_version": 4, "ipv6_address_mode":
        null, "cidr": "172.16.20.0/24", "id": "4d8b0801-addf-4ad4-8f46-e5bffa6a1002",
        "subnetpool_id": null}, {"name": "EmsRefreshSpec-SubnetPrivate_31", "enable_dhcp":
        true, "network_id": "c82b70e9-0847-43e9-9bde-b98b1ae445e9", "tenant_id": "69f8f7205ade4aa59084c32c83e60b5a",
        "dns_nameservers": [], "gateway_ip": "192.168.31.1", "ipv6_ra_mode": null,
        "allocation_pools": [{"start": "192.168.31.2", "end": "192.168.31.254"}],
        "host_routes": [], "ip_version": 4, "ipv6_address_mode": null, "cidr": "192.168.31.0/24",
        "id": "841b5584-f86f-4abd-9bc2-f445b8bc860b", "subnetpool_id": null}, {"name":
        "EmsRefreshSpec-IsolatedSubnetPrivate_1", "enable_dhcp": true, "network_id":
        "560b4210-2b5a-4439-8d24-203e09478f48", "tenant_id": "69f8f7205ade4aa59084c32c83e60b5a",
        "dns_nameservers": [], "gateway_ip": "192.168.40.1", "ipv6_ra_mode": null,
        "allocation_pools": [{"start": "192.168.40.2", "end": "192.168.40.254"}],
        "host_routes": [], "ip_version": 4, "ipv6_address_mode": null, "cidr": "192.168.40.0/24",
        "id": "448a986a-19a9-4684-ab6e-25cbf19ae30d", "subnetpool_id": null}, {"name":
        "EmsRefreshSpec-SubnetPrivate", "enable_dhcp": true, "network_id": "c0e8e42b-005e-4183-8f25-fa91b3e441c1",
        "tenant_id": "69f8f7205ade4aa59084c32c83e60b5a", "dns_nameservers": ["8.8.8.8"],
        "gateway_ip": "192.168.0.1", "ipv6_ra_mode": null, "allocation_pools": [{"start":
        "192.168.0.8", "end": "192.168.0.8"}, {"start": "192.168.0.3", "end": "192.168.0.5"}],
        "host_routes": [], "ip_version": 4, "ipv6_address_mode": null, "cidr": "192.168.0.0/24",
        "id": "104c081f-97dd-42b7-8930-98abbd015c74", "subnetpool_id": null}, {"name":
        "EmsRefreshSpec-SubnetPrivate_12", "enable_dhcp": true, "network_id": "c0e8e42b-005e-4183-8f25-fa91b3e441c1",
        "tenant_id": "69f8f7205ade4aa59084c32c83e60b5a", "dns_nameservers": ["8.8.8.8"],
        "gateway_ip": "192.168.1.1", "ipv6_ra_mode": null, "allocation_pools": [{"start":
        "192.168.1.2", "end": "192.168.1.254"}], "host_routes": [], "ip_version":
        4, "ipv6_address_mode": null, "cidr": "192.168.1.0/24", "id": "d53802a5-f0f6-48ba-9207-dbd9b13acac3",
        "subnetpool_id": null}]}'
    http_version: 
  recorded_at: Tue, 13 Nov 2018 17:25:47 GMT
- request:
    method: get
    uri: http://10.8.99.233:9696/v2.0/subnets?limit=1000&marker=d53802a5-f0f6-48ba-9207-dbd9b13acac3
    body:
      encoding: US-ASCII
      string: ''
    headers:
      User-Agent:
      - fog-core/1.45.0
      Content-Type:
      - application/json
      Accept:
      - application/json
      X-Auth-Token:
      - d8beb839e31945488aba862fe62ea574
  response:
    status:
      code: 200
      message: OK
    headers:
      Content-Type:
      - application/json; charset=UTF-8
      Content-Length:
      - '8299'
      X-Openstack-Request-Id:
      - req-e792de5b-e097-4769-aa97-cc401d9bfeba
      Date:
      - Tue, 13 Nov 2018 17:25:47 GMT
    body:
      encoding: ASCII-8BIT
      string: '{"subnets": [{"name": "EmsRefreshSpec-IsolatedSubnetPrivate_21", "enable_dhcp":
        true, "network_id": "6ad8942f-11ef-4419-bdf5-9ba3561b6281", "tenant_id": "69f8f7205ade4aa59084c32c83e60b5a",
        "dns_nameservers": [], "gateway_ip": "192.168.51.1", "ipv6_ra_mode": null,
        "allocation_pools": [{"start": "192.168.51.2", "end": "192.168.51.254"}],
        "host_routes": [], "ip_version": 4, "ipv6_address_mode": null, "cidr": "192.168.51.0/24",
        "id": "edfcb49b-e917-4897-b8ae-859ef3dae2de", "subnetpool_id": null}, {"name":
        "EmsRefreshSpec-SubnetPrivate_3", "enable_dhcp": true, "network_id": "1c785619-a768-4788-b3b5-ac39ebc2cea1",
        "tenant_id": "69f8f7205ade4aa59084c32c83e60b5a", "dns_nameservers": [], "gateway_ip":
        "192.168.3.1", "ipv6_ra_mode": null, "allocation_pools": [{"start": "192.168.3.2",
        "end": "192.168.3.6"}, {"start": "192.168.3.8", "end": "192.168.3.10"}], "host_routes":
        [], "ip_version": 4, "ipv6_address_mode": null, "cidr": "192.168.3.0/24",
        "id": "82ca5926-43cb-4312-a23f-727d5c0f5bae", "subnetpool_id": null}, {"name":
        "EmsRefreshSpec-SubnetPrivate_30", "enable_dhcp": true, "network_id": "c82b70e9-0847-43e9-9bde-b98b1ae445e9",
        "tenant_id": "69f8f7205ade4aa59084c32c83e60b5a", "dns_nameservers": [], "gateway_ip":
        "192.168.30.1", "ipv6_ra_mode": null, "allocation_pools": [{"start": "192.168.30.2",
        "end": "192.168.30.254"}], "host_routes": [], "ip_version": 4, "ipv6_address_mode":
        null, "cidr": "192.168.30.0/24", "id": "39628ee0-d5ff-4a88-ae66-80442e5feefd",
        "subnetpool_id": null}, {"name": "EmsRefreshSpec-SubnetPublic_50", "enable_dhcp":
        false, "network_id": "6b46d522-85a1-4ce2-a276-2fab7cde0946", "tenant_id":
        "69f8f7205ade4aa59084c32c83e60b5a", "dns_nameservers": [], "gateway_ip": "172.16.50.1",
        "ipv6_ra_mode": null, "allocation_pools": [{"start": "172.16.50.2", "end":
        "172.16.50.254"}], "host_routes": [], "ip_version": 4, "ipv6_address_mode":
        null, "cidr": "172.16.50.0/24", "id": "d71653c5-34d2-47bd-9cd2-d93330a34d44",
        "subnetpool_id": null}, {"name": "EmsRefreshSpec-SubnetPublic", "enable_dhcp":
        false, "network_id": "20af6027-7aeb-432a-ab3b-d7217faa2f1c", "tenant_id":
        "69f8f7205ade4aa59084c32c83e60b5a", "dns_nameservers": [], "gateway_ip": "172.16.17.1",
        "ipv6_ra_mode": null, "allocation_pools": [{"start": "172.16.17.11", "end":
        "172.16.17.19"}, {"start": "172.16.17.2", "end": "172.16.17.9"}], "host_routes":
        [], "ip_version": 4, "ipv6_address_mode": null, "cidr": "172.16.17.0/24",
        "id": "33da95a6-bded-44d8-be36-6cc97f3d72bd", "subnetpool_id": null}, {"name":
        "EmsRefreshSpec-SubnetPublic_40", "enable_dhcp": false, "network_id": "68259081-a5ca-425f-9d9b-816eb62148a3",
        "tenant_id": "69f8f7205ade4aa59084c32c83e60b5a", "dns_nameservers": [], "gateway_ip":
        "172.16.21.1", "ipv6_ra_mode": null, "allocation_pools": [{"start": "172.16.21.2",
        "end": "172.16.21.254"}], "host_routes": [], "ip_version": 4, "ipv6_address_mode":
        null, "cidr": "172.16.21.0/24", "id": "d0065ae4-dffb-4dcc-9e44-a0b1166337f3",
        "subnetpool_id": null}, {"name": "EmsRefreshSpec-IsolatedSubnetPrivate_2",
        "enable_dhcp": true, "network_id": "6ad8942f-11ef-4419-bdf5-9ba3561b6281",
        "tenant_id": "69f8f7205ade4aa59084c32c83e60b5a", "dns_nameservers": [], "gateway_ip":
        "192.168.50.1", "ipv6_ra_mode": null, "allocation_pools": [{"start": "192.168.50.2",
        "end": "192.168.50.2"}, {"start": "192.168.50.4", "end": "192.168.50.4"}],
        "host_routes": [], "ip_version": 4, "ipv6_address_mode": null, "cidr": "192.168.50.0/24",
        "id": "826fd5a9-7a7a-4c40-a9b1-bd69041bbad4", "subnetpool_id": null}, {"name":
        "EmsRefreshSpec-SubnetPublic_20", "enable_dhcp": false, "network_id": "8da920f8-705d-4777-a938-e081b01ad41c",
        "tenant_id": "69f8f7205ade4aa59084c32c83e60b5a", "dns_nameservers": [], "gateway_ip":
        "172.16.19.1", "ipv6_ra_mode": null, "allocation_pools": [{"start": "172.16.19.21",
        "end": "172.16.19.23"}], "host_routes": [], "ip_version": 4, "ipv6_address_mode":
        null, "cidr": "172.16.19.0/24", "id": "c68ac5c0-9d9e-438b-a10f-6d0faeee0790",
        "subnetpool_id": null}, {"name": "EmsRefreshSpec-SubnetPrivate_20", "enable_dhcp":
        true, "network_id": "9e63fc1a-c0d4-4a1d-b91c-07e6c9c85076", "tenant_id": "69f8f7205ade4aa59084c32c83e60b5a",
        "dns_nameservers": [], "gateway_ip": "192.168.20.1", "ipv6_ra_mode": null,
        "allocation_pools": [{"start": "192.168.20.2", "end": "192.168.20.254"}],
        "host_routes": [], "ip_version": 4, "ipv6_address_mode": null, "cidr": "192.168.20.0/24",
        "id": "2092b802-1034-4fb8-9c5e-1ec61d1e463f", "subnetpool_id": null}, {"name":
        "EmsRefreshSpec-SubnetPrivate_2", "enable_dhcp": true, "network_id": "4fadcfb0-493b-4a00-a2a8-e357f8115d96",
        "tenant_id": "69f8f7205ade4aa59084c32c83e60b5a", "dns_nameservers": [], "gateway_ip":
        "192.168.2.1", "ipv6_ra_mode": null, "allocation_pools": [{"start": "192.168.2.2",
        "end": "192.168.2.254"}], "host_routes": [], "ip_version": 4, "ipv6_address_mode":
        null, "cidr": "192.168.2.0/24", "id": "bb23bb48-804d-4416-bac3-231db23841e8",
        "subnetpool_id": null}, {"name": "EmsRefreshSpec-SubnetPublic_51", "enable_dhcp":
        false, "network_id": "6b46d522-85a1-4ce2-a276-2fab7cde0946", "tenant_id":
        "69f8f7205ade4aa59084c32c83e60b5a", "dns_nameservers": [], "gateway_ip": "172.16.51.1",
        "ipv6_ra_mode": null, "allocation_pools": [{"start": "172.16.51.2", "end":
        "172.16.51.254"}], "host_routes": [], "ip_version": 4, "ipv6_address_mode":
        null, "cidr": "172.16.51.0/24", "id": "68682f0f-b0e4-4f6d-9f96-d1dfb6a6c2b2",
        "subnetpool_id": null}, {"name": "EmsRefreshSpec-SubnetPublic_10", "enable_dhcp":
        false, "network_id": "83e63648-5a43-4db0-907c-cf9ca0150336", "tenant_id":
        "69f8f7205ade4aa59084c32c83e60b5a", "dns_nameservers": [], "gateway_ip": "172.16.18.1",
        "ipv6_ra_mode": null, "allocation_pools": [{"start": "172.16.18.2", "end":
        "172.16.18.254"}], "host_routes": [], "ip_version": 4, "ipv6_address_mode":
        null, "cidr": "172.16.18.0/24", "id": "93c2f53c-df39-491e-b45b-ce8b36b29437",
        "subnetpool_id": null}, {"name": "EmsRefreshSpec-SubnetPublic_30", "enable_dhcp":
        false, "network_id": "64bf0546-b600-4bd7-a519-9353bde2e235", "tenant_id":
        "69f8f7205ade4aa59084c32c83e60b5a", "dns_nameservers": [], "gateway_ip": "172.16.20.1",
        "ipv6_ra_mode": null, "allocation_pools": [{"start": "172.16.20.2", "end":
        "172.16.20.254"}], "host_routes": [], "ip_version": 4, "ipv6_address_mode":
        null, "cidr": "172.16.20.0/24", "id": "4d8b0801-addf-4ad4-8f46-e5bffa6a1002",
        "subnetpool_id": null}, {"name": "EmsRefreshSpec-SubnetPrivate_31", "enable_dhcp":
        true, "network_id": "c82b70e9-0847-43e9-9bde-b98b1ae445e9", "tenant_id": "69f8f7205ade4aa59084c32c83e60b5a",
        "dns_nameservers": [], "gateway_ip": "192.168.31.1", "ipv6_ra_mode": null,
        "allocation_pools": [{"start": "192.168.31.2", "end": "192.168.31.254"}],
        "host_routes": [], "ip_version": 4, "ipv6_address_mode": null, "cidr": "192.168.31.0/24",
        "id": "841b5584-f86f-4abd-9bc2-f445b8bc860b", "subnetpool_id": null}, {"name":
        "EmsRefreshSpec-IsolatedSubnetPrivate_1", "enable_dhcp": true, "network_id":
        "560b4210-2b5a-4439-8d24-203e09478f48", "tenant_id": "69f8f7205ade4aa59084c32c83e60b5a",
        "dns_nameservers": [], "gateway_ip": "192.168.40.1", "ipv6_ra_mode": null,
        "allocation_pools": [{"start": "192.168.40.2", "end": "192.168.40.254"}],
        "host_routes": [], "ip_version": 4, "ipv6_address_mode": null, "cidr": "192.168.40.0/24",
        "id": "448a986a-19a9-4684-ab6e-25cbf19ae30d", "subnetpool_id": null}, {"name":
        "EmsRefreshSpec-SubnetPrivate", "enable_dhcp": true, "network_id": "c0e8e42b-005e-4183-8f25-fa91b3e441c1",
        "tenant_id": "69f8f7205ade4aa59084c32c83e60b5a", "dns_nameservers": ["8.8.8.8"],
        "gateway_ip": "192.168.0.1", "ipv6_ra_mode": null, "allocation_pools": [{"start":
        "192.168.0.8", "end": "192.168.0.8"}, {"start": "192.168.0.3", "end": "192.168.0.5"}],
        "host_routes": [], "ip_version": 4, "ipv6_address_mode": null, "cidr": "192.168.0.0/24",
        "id": "104c081f-97dd-42b7-8930-98abbd015c74", "subnetpool_id": null}, {"name":
        "EmsRefreshSpec-SubnetPrivate_12", "enable_dhcp": true, "network_id": "c0e8e42b-005e-4183-8f25-fa91b3e441c1",
        "tenant_id": "69f8f7205ade4aa59084c32c83e60b5a", "dns_nameservers": ["8.8.8.8"],
        "gateway_ip": "192.168.1.1", "ipv6_ra_mode": null, "allocation_pools": [{"start":
        "192.168.1.2", "end": "192.168.1.254"}], "host_routes": [], "ip_version":
        4, "ipv6_address_mode": null, "cidr": "192.168.1.0/24", "id": "d53802a5-f0f6-48ba-9207-dbd9b13acac3",
        "subnetpool_id": null}]}'
    http_version: 
  recorded_at: Tue, 13 Nov 2018 17:25:47 GMT
recorded_with: VCR 3.0.3
