---
http_interactions:
- request:
    method: post
    uri: http://11.22.33.44:5000/v2.0/tokens
    body:
      encoding: UTF-8
      string: '{"auth":{"passwordCredentials":{"username":"admin","password":"password_2WpEraURh"},"tenantName":"admin"}}'
    headers:
      User-Agent:
      - fog-core/1.45.0
      Content-Type:
      - application/json
  response:
    status:
      code: 200
      message: OK
    headers:
      Date:
      - Thu, 14 Nov 2019 14:54:34 GMT
      Server:
      - Apache/2.4.6 (Red Hat Enterprise Linux)
      Vary:
      - X-Auth-Token,Accept-Encoding
      X-Openstack-Request-Id:
      - req-622804ee-9f30-4740-92ec-2762698456a0
      Content-Length:
      - '4170'
      Connection:
      - close
      Content-Type:
      - application/json
    body:
      encoding: ASCII-8BIT
      string: '{"access": {"token": {"issued_at": "2019-11-14T14:54:34.619695", "expires":
        "2019-11-14T15:54:34Z", "id": "82941e7c7c7b4bed9f297f330425c0d2", "tenant":
        {"description": "admin tenant", "enabled": true, "id": "e54e5c3c19e34720b05661f2ea1ea00a",
        "name": "admin"}, "audit_ids": ["iuAqFCYbSXm4Uyv0Xwl33w"]}, "serviceCatalog":
        [{"endpoints": [{"adminURL": "http://10.8.99.233:8774/v2/e54e5c3c19e34720b05661f2ea1ea00a",
        "region": "RegionOne", "internalURL": "http://10.8.99.233:8774/v2/e54e5c3c19e34720b05661f2ea1ea00a",
        "id": "33f58c6950134a2381bb3668fae5a325", "publicURL": "http://10.8.99.233:8774/v2/e54e5c3c19e34720b05661f2ea1ea00a"}],
        "endpoints_links": [], "type": "compute", "name": "nova"}, {"endpoints": [{"adminURL":
        "http://10.8.99.233:9696", "region": "RegionOne", "internalURL": "http://10.8.99.233:9696",
        "id": "5b097055aff24a40aa4cd2d7317c9108", "publicURL": "http://10.8.99.233:9696"}],
        "endpoints_links": [], "type": "network", "name": "neutron"}, {"endpoints":
        [{"adminURL": "http://10.8.99.233:8776/v2/e54e5c3c19e34720b05661f2ea1ea00a",
        "region": "RegionOne", "internalURL": "http://10.8.99.233:8776/v2/e54e5c3c19e34720b05661f2ea1ea00a",
        "id": "13c4208d548d4bcdaedfe8296b6559ee", "publicURL": "http://10.8.99.233:8776/v2/e54e5c3c19e34720b05661f2ea1ea00a"}],
        "endpoints_links": [], "type": "volumev2", "name": "cinderv2"}, {"endpoints":
        [{"adminURL": "http://127.0.0.1:8774/v3", "region": "RegionOne", "internalURL":
        "http://127.0.0.1:8774/v3", "id": "3874f107e1a0461596883a12743dbcc0", "publicURL":
        "http://127.0.0.1:8774/v3"}], "endpoints_links": [], "type": "computev3",
        "name": "novav3"}, {"endpoints": [{"adminURL": "http://10.8.99.233:9292",
        "region": "RegionOne", "internalURL": "http://10.8.99.233:9292", "id": "75fcb24891654062ae1703e6b92f6018",
        "publicURL": "http://10.8.99.233:9292"}], "endpoints_links": [], "type": "image",
        "name": "glance"}, {"endpoints": [{"adminURL": "http://10.8.99.233:8777",
        "region": "RegionOne", "internalURL": "http://10.8.99.233:8777", "id": "2c972a2880d1453aad86104dcda88a55",
        "publicURL": "http://10.8.99.233:8777"}], "endpoints_links": [], "type": "metering",
        "name": "ceilometer"}, {"endpoints": [{"adminURL": "http://10.8.99.233:8776/v1/e54e5c3c19e34720b05661f2ea1ea00a",
        "region": "RegionOne", "internalURL": "http://10.8.99.233:8776/v1/e54e5c3c19e34720b05661f2ea1ea00a",
        "id": "410c753013fb430c9998f22f68c4cb18", "publicURL": "http://10.8.99.233:8776/v1/e54e5c3c19e34720b05661f2ea1ea00a"}],
        "endpoints_links": [], "type": "volume", "name": "cinder"}, {"endpoints":
        [{"adminURL": "http://10.8.99.233:8773/services/Admin", "region": "RegionOne",
        "internalURL": "http://10.8.99.233:8773/services/Cloud", "id": "2833b001aa814ddf9216479d379cdac1",
        "publicURL": "http://10.8.99.233:8773/services/Cloud"}], "endpoints_links":
        [], "type": "ec2", "name": "nova_ec2"}, {"endpoints": [{"adminURL": "http://10.8.99.233:8004/v1/e54e5c3c19e34720b05661f2ea1ea00a",
        "region": "RegionOne", "internalURL": "http://10.8.99.233:8004/v1/e54e5c3c19e34720b05661f2ea1ea00a",
        "id": "a29a931a5667478c8b3724506a286144", "publicURL": "http://10.8.99.233:8004/v1/e54e5c3c19e34720b05661f2ea1ea00a"}],
        "endpoints_links": [], "type": "orchestration", "name": "heat"}, {"endpoints":
        [{"adminURL": "http://10.8.99.233:8080", "region": "RegionOne", "internalURL":
        "http://10.8.99.233:8080/v1/AUTH_e54e5c3c19e34720b05661f2ea1ea00a", "id":
        "7a2262abf515414ea08b3beedc87e51e", "publicURL": "http://10.8.99.233:8080/v1/AUTH_e54e5c3c19e34720b05661f2ea1ea00a"}],
        "endpoints_links": [], "type": "object-store", "name": "swift"}, {"endpoints":
        [{"adminURL": "http://10.8.99.233:35357/v2.0", "region": "RegionOne", "internalURL":
        "http://10.8.99.233:5000/v2.0", "id": "5d1b7edf24e14ce29abaeee69e84e529",
        "publicURL": "http://10.8.99.233:5000/v2.0"}], "endpoints_links": [], "type":
        "identity", "name": "keystone"}], "user": {"username": "admin", "roles_links":
        [], "id": "80ea157498b44d08aa6d6f54b8a7c3e7", "roles": [{"name": "admin"},
        {"name": "_member_"}, {"name": "heat_stack_owner"}], "name": "admin"}, "metadata":
        {"is_admin": 0, "roles": ["bafabff3f3174e6ab41388bde984e1e5", "9fe2ff9ee4384b1894a90878d3e92bab",
        "725d26e4ae494cc689c60f857e347267"]}}}'
    http_version: 
  recorded_at: Thu, 14 Nov 2019 14:54:34 GMT
- request:
    method: get
    uri: http://10.8.99.233:8774/
    body:
      encoding: US-ASCII
      string: ''
    headers:
      User-Agent:
      - fog-core/1.45.0
      Content-Type:
      - application/json
      Accept:
      - application/json
      X-Auth-Token:
      - 82941e7c7c7b4bed9f297f330425c0d2
  response:
    status:
      code: 200
      message: OK
    headers:
      Content-Type:
      - application/json
      Content-Length:
      - '371'
      Date:
      - Thu, 14 Nov 2019 14:54:34 GMT
    body:
      encoding: ASCII-8BIT
      string: '{"versions": [{"status": "SUPPORTED", "updated": "2011-01-21T11:33:21Z",
        "links": [{"href": "http://10.8.99.233:8774/v2/", "rel": "self"}], "min_version":
        "", "version": "", "id": "v2.0"}, {"status": "CURRENT", "updated": "2013-07-23T11:33:21Z",
        "links": [{"href": "http://10.8.99.233:8774/v2.1/", "rel": "self"}], "min_version":
        "2.1", "version": "2.12", "id": "v2.1"}]}'
    http_version: 
  recorded_at: Thu, 14 Nov 2019 14:54:35 GMT
- request:
    method: post
    uri: http://11.22.33.44:5000/v2.0/tokens
    body:
      encoding: UTF-8
      string: '{"auth":{"passwordCredentials":{"username":"admin","password":"password_2WpEraURh"},"tenantName":"admin"}}'
    headers:
      User-Agent:
      - fog-core/1.45.0
      Content-Type:
      - application/json
  response:
    status:
      code: 200
      message: OK
    headers:
      Date:
      - Thu, 14 Nov 2019 14:54:35 GMT
      Server:
      - Apache/2.4.6 (Red Hat Enterprise Linux)
      Vary:
      - X-Auth-Token,Accept-Encoding
      X-Openstack-Request-Id:
      - req-080f9e3e-2698-43e5-94cf-c6e3de15d360
      Content-Length:
      - '4170'
      Connection:
      - close
      Content-Type:
      - application/json
    body:
      encoding: ASCII-8BIT
      string: '{"access": {"token": {"issued_at": "2019-11-14T14:54:35.493123", "expires":
        "2019-11-14T15:54:35Z", "id": "d49238dc04144c4fb77d9b89a63cf463", "tenant":
        {"description": "admin tenant", "enabled": true, "id": "e54e5c3c19e34720b05661f2ea1ea00a",
        "name": "admin"}, "audit_ids": ["6UZ8UvxpS4G-k-PbuRHqCQ"]}, "serviceCatalog":
        [{"endpoints": [{"adminURL": "http://10.8.99.233:8774/v2/e54e5c3c19e34720b05661f2ea1ea00a",
        "region": "RegionOne", "internalURL": "http://10.8.99.233:8774/v2/e54e5c3c19e34720b05661f2ea1ea00a",
        "id": "33f58c6950134a2381bb3668fae5a325", "publicURL": "http://10.8.99.233:8774/v2/e54e5c3c19e34720b05661f2ea1ea00a"}],
        "endpoints_links": [], "type": "compute", "name": "nova"}, {"endpoints": [{"adminURL":
        "http://10.8.99.233:9696", "region": "RegionOne", "internalURL": "http://10.8.99.233:9696",
        "id": "5b097055aff24a40aa4cd2d7317c9108", "publicURL": "http://10.8.99.233:9696"}],
        "endpoints_links": [], "type": "network", "name": "neutron"}, {"endpoints":
        [{"adminURL": "http://10.8.99.233:8776/v2/e54e5c3c19e34720b05661f2ea1ea00a",
        "region": "RegionOne", "internalURL": "http://10.8.99.233:8776/v2/e54e5c3c19e34720b05661f2ea1ea00a",
        "id": "13c4208d548d4bcdaedfe8296b6559ee", "publicURL": "http://10.8.99.233:8776/v2/e54e5c3c19e34720b05661f2ea1ea00a"}],
        "endpoints_links": [], "type": "volumev2", "name": "cinderv2"}, {"endpoints":
        [{"adminURL": "http://127.0.0.1:8774/v3", "region": "RegionOne", "internalURL":
        "http://127.0.0.1:8774/v3", "id": "3874f107e1a0461596883a12743dbcc0", "publicURL":
        "http://127.0.0.1:8774/v3"}], "endpoints_links": [], "type": "computev3",
        "name": "novav3"}, {"endpoints": [{"adminURL": "http://10.8.99.233:9292",
        "region": "RegionOne", "internalURL": "http://10.8.99.233:9292", "id": "75fcb24891654062ae1703e6b92f6018",
        "publicURL": "http://10.8.99.233:9292"}], "endpoints_links": [], "type": "image",
        "name": "glance"}, {"endpoints": [{"adminURL": "http://10.8.99.233:8777",
        "region": "RegionOne", "internalURL": "http://10.8.99.233:8777", "id": "2c972a2880d1453aad86104dcda88a55",
        "publicURL": "http://10.8.99.233:8777"}], "endpoints_links": [], "type": "metering",
        "name": "ceilometer"}, {"endpoints": [{"adminURL": "http://10.8.99.233:8776/v1/e54e5c3c19e34720b05661f2ea1ea00a",
        "region": "RegionOne", "internalURL": "http://10.8.99.233:8776/v1/e54e5c3c19e34720b05661f2ea1ea00a",
        "id": "410c753013fb430c9998f22f68c4cb18", "publicURL": "http://10.8.99.233:8776/v1/e54e5c3c19e34720b05661f2ea1ea00a"}],
        "endpoints_links": [], "type": "volume", "name": "cinder"}, {"endpoints":
        [{"adminURL": "http://10.8.99.233:8773/services/Admin", "region": "RegionOne",
        "internalURL": "http://10.8.99.233:8773/services/Cloud", "id": "2833b001aa814ddf9216479d379cdac1",
        "publicURL": "http://10.8.99.233:8773/services/Cloud"}], "endpoints_links":
        [], "type": "ec2", "name": "nova_ec2"}, {"endpoints": [{"adminURL": "http://10.8.99.233:8004/v1/e54e5c3c19e34720b05661f2ea1ea00a",
        "region": "RegionOne", "internalURL": "http://10.8.99.233:8004/v1/e54e5c3c19e34720b05661f2ea1ea00a",
        "id": "a29a931a5667478c8b3724506a286144", "publicURL": "http://10.8.99.233:8004/v1/e54e5c3c19e34720b05661f2ea1ea00a"}],
        "endpoints_links": [], "type": "orchestration", "name": "heat"}, {"endpoints":
        [{"adminURL": "http://10.8.99.233:8080", "region": "RegionOne", "internalURL":
        "http://10.8.99.233:8080/v1/AUTH_e54e5c3c19e34720b05661f2ea1ea00a", "id":
        "7a2262abf515414ea08b3beedc87e51e", "publicURL": "http://10.8.99.233:8080/v1/AUTH_e54e5c3c19e34720b05661f2ea1ea00a"}],
        "endpoints_links": [], "type": "object-store", "name": "swift"}, {"endpoints":
        [{"adminURL": "http://10.8.99.233:35357/v2.0", "region": "RegionOne", "internalURL":
        "http://10.8.99.233:5000/v2.0", "id": "5d1b7edf24e14ce29abaeee69e84e529",
        "publicURL": "http://10.8.99.233:5000/v2.0"}], "endpoints_links": [], "type":
        "identity", "name": "keystone"}], "user": {"username": "admin", "roles_links":
        [], "id": "80ea157498b44d08aa6d6f54b8a7c3e7", "roles": [{"name": "admin"},
        {"name": "_member_"}, {"name": "heat_stack_owner"}], "name": "admin"}, "metadata":
        {"is_admin": 0, "roles": ["bafabff3f3174e6ab41388bde984e1e5", "9fe2ff9ee4384b1894a90878d3e92bab",
        "725d26e4ae494cc689c60f857e347267"]}}}'
    http_version: 
  recorded_at: Thu, 14 Nov 2019 14:54:35 GMT
- request:
    method: get
    uri: http://10.8.99.233:8776/v2/e54e5c3c19e34720b05661f2ea1ea00a/volumes/0a55c0d5-c780-4e7d-9d09-47f5520c7448
    body:
      encoding: US-ASCII
      string: ''
    headers:
      User-Agent:
      - fog-core/1.45.0
      Content-Type:
      - application/json
      Accept:
      - application/json
      X-Auth-Token:
      - d49238dc04144c4fb77d9b89a63cf463
  response:
    status:
      code: 200
      message: OK
    headers:
      X-Compute-Request-Id:
      - req-bd08dbe7-dfea-48da-a1e1-4500e4e52998
      Content-Type:
      - application/json
      Content-Length:
      - '1406'
      X-Openstack-Request-Id:
      - req-bd08dbe7-dfea-48da-a1e1-4500e4e52998
      Date:
      - Thu, 14 Nov 2019 14:54:36 GMT
    body:
      encoding: ASCII-8BIT
      string: '{"volume": {"migration_status": null, "attachments": [{"server_id":
        "ca4f3a16-bae3-4407-83e9-f77b28af0f2b", "attachment_id": "7913f588-2068-4b0c-810f-5e8cf00a4754",
        "host_name": null, "volume_id": "0a55c0d5-c780-4e7d-9d09-47f5520c7448", "device":
        "/dev/vdd", "id": "0a55c0d5-c780-4e7d-9d09-47f5520c7448"}], "links": [{"href":
        "http://10.8.99.233:8776/v2/e54e5c3c19e34720b05661f2ea1ea00a/volumes/0a55c0d5-c780-4e7d-9d09-47f5520c7448",
        "rel": "self"}, {"href": "http://10.8.99.233:8776/e54e5c3c19e34720b05661f2ea1ea00a/volumes/0a55c0d5-c780-4e7d-9d09-47f5520c7448",
        "rel": "bookmark"}], "availability_zone": "nova", "os-vol-host-attr:host":
        "dhcp-8-99-233@lvm#lvm", "encrypted": false, "os-volume-replication:extended_status":
        null, "replication_status": "disabled", "snapshot_id": null, "id": "0a55c0d5-c780-4e7d-9d09-47f5520c7448",
        "size": 1, "user_id": "80ea157498b44d08aa6d6f54b8a7c3e7", "os-vol-tenant-attr:tenant_id":
        "69f8f7205ade4aa59084c32c83e60b5a", "os-vol-mig-status-attr:migstat": null,
        "metadata": {"readonly": "False", "attached_mode": "rw"}, "status": "in-use",
        "description": "EmsRefreshSpec-Volume description", "multiattach": false,
        "os-volume-replication:driver_data": null, "source_volid": null, "consistencygroup_id":
        null, "os-vol-mig-status-attr:name_id": null, "name": "EmsRefreshSpec-Volume",
        "bootable": "false", "created_at": "2016-11-11T13:49:20.000000", "volume_type":
        "iscsi"}}'
    http_version: 
  recorded_at: Thu, 14 Nov 2019 14:54:36 GMT
- request:
    method: post
    uri: http://11.22.33.44:5000/v2.0/tokens
    body:
      encoding: UTF-8
      string: '{"auth":{"passwordCredentials":{"username":"admin","password":"password_2WpEraURh"},"tenantName":"admin"}}'
    headers:
      User-Agent:
      - fog-core/1.45.0
      Content-Type:
      - application/json
  response:
    status:
      code: 200
      message: OK
    headers:
      Date:
      - Thu, 14 Nov 2019 14:54:36 GMT
      Server:
      - Apache/2.4.6 (Red Hat Enterprise Linux)
      Vary:
      - X-Auth-Token,Accept-Encoding
      X-Openstack-Request-Id:
      - req-467651b0-9f47-4799-858d-0d3c090deb23
      Content-Length:
      - '4170'
      Connection:
      - close
      Content-Type:
      - application/json
    body:
      encoding: ASCII-8BIT
      string: '{"access": {"token": {"issued_at": "2019-11-14T14:54:36.430510", "expires":
        "2019-11-14T15:54:36Z", "id": "5d776500094143188706370fb22c9c44", "tenant":
        {"description": "admin tenant", "enabled": true, "id": "e54e5c3c19e34720b05661f2ea1ea00a",
        "name": "admin"}, "audit_ids": ["R7jzwmboTHy3sH2fzVcK_g"]}, "serviceCatalog":
        [{"endpoints": [{"adminURL": "http://10.8.99.233:8774/v2/e54e5c3c19e34720b05661f2ea1ea00a",
        "region": "RegionOne", "internalURL": "http://10.8.99.233:8774/v2/e54e5c3c19e34720b05661f2ea1ea00a",
        "id": "33f58c6950134a2381bb3668fae5a325", "publicURL": "http://10.8.99.233:8774/v2/e54e5c3c19e34720b05661f2ea1ea00a"}],
        "endpoints_links": [], "type": "compute", "name": "nova"}, {"endpoints": [{"adminURL":
        "http://10.8.99.233:9696", "region": "RegionOne", "internalURL": "http://10.8.99.233:9696",
        "id": "5b097055aff24a40aa4cd2d7317c9108", "publicURL": "http://10.8.99.233:9696"}],
        "endpoints_links": [], "type": "network", "name": "neutron"}, {"endpoints":
        [{"adminURL": "http://10.8.99.233:8776/v2/e54e5c3c19e34720b05661f2ea1ea00a",
        "region": "RegionOne", "internalURL": "http://10.8.99.233:8776/v2/e54e5c3c19e34720b05661f2ea1ea00a",
        "id": "13c4208d548d4bcdaedfe8296b6559ee", "publicURL": "http://10.8.99.233:8776/v2/e54e5c3c19e34720b05661f2ea1ea00a"}],
        "endpoints_links": [], "type": "volumev2", "name": "cinderv2"}, {"endpoints":
        [{"adminURL": "http://127.0.0.1:8774/v3", "region": "RegionOne", "internalURL":
        "http://127.0.0.1:8774/v3", "id": "3874f107e1a0461596883a12743dbcc0", "publicURL":
        "http://127.0.0.1:8774/v3"}], "endpoints_links": [], "type": "computev3",
        "name": "novav3"}, {"endpoints": [{"adminURL": "http://10.8.99.233:9292",
        "region": "RegionOne", "internalURL": "http://10.8.99.233:9292", "id": "75fcb24891654062ae1703e6b92f6018",
        "publicURL": "http://10.8.99.233:9292"}], "endpoints_links": [], "type": "image",
        "name": "glance"}, {"endpoints": [{"adminURL": "http://10.8.99.233:8777",
        "region": "RegionOne", "internalURL": "http://10.8.99.233:8777", "id": "2c972a2880d1453aad86104dcda88a55",
        "publicURL": "http://10.8.99.233:8777"}], "endpoints_links": [], "type": "metering",
        "name": "ceilometer"}, {"endpoints": [{"adminURL": "http://10.8.99.233:8776/v1/e54e5c3c19e34720b05661f2ea1ea00a",
        "region": "RegionOne", "internalURL": "http://10.8.99.233:8776/v1/e54e5c3c19e34720b05661f2ea1ea00a",
        "id": "410c753013fb430c9998f22f68c4cb18", "publicURL": "http://10.8.99.233:8776/v1/e54e5c3c19e34720b05661f2ea1ea00a"}],
        "endpoints_links": [], "type": "volume", "name": "cinder"}, {"endpoints":
        [{"adminURL": "http://10.8.99.233:8773/services/Admin", "region": "RegionOne",
        "internalURL": "http://10.8.99.233:8773/services/Cloud", "id": "2833b001aa814ddf9216479d379cdac1",
        "publicURL": "http://10.8.99.233:8773/services/Cloud"}], "endpoints_links":
        [], "type": "ec2", "name": "nova_ec2"}, {"endpoints": [{"adminURL": "http://10.8.99.233:8004/v1/e54e5c3c19e34720b05661f2ea1ea00a",
        "region": "RegionOne", "internalURL": "http://10.8.99.233:8004/v1/e54e5c3c19e34720b05661f2ea1ea00a",
        "id": "a29a931a5667478c8b3724506a286144", "publicURL": "http://10.8.99.233:8004/v1/e54e5c3c19e34720b05661f2ea1ea00a"}],
        "endpoints_links": [], "type": "orchestration", "name": "heat"}, {"endpoints":
        [{"adminURL": "http://10.8.99.233:8080", "region": "RegionOne", "internalURL":
        "http://10.8.99.233:8080/v1/AUTH_e54e5c3c19e34720b05661f2ea1ea00a", "id":
        "7a2262abf515414ea08b3beedc87e51e", "publicURL": "http://10.8.99.233:8080/v1/AUTH_e54e5c3c19e34720b05661f2ea1ea00a"}],
        "endpoints_links": [], "type": "object-store", "name": "swift"}, {"endpoints":
        [{"adminURL": "http://10.8.99.233:35357/v2.0", "region": "RegionOne", "internalURL":
        "http://10.8.99.233:5000/v2.0", "id": "5d1b7edf24e14ce29abaeee69e84e529",
        "publicURL": "http://10.8.99.233:5000/v2.0"}], "endpoints_links": [], "type":
        "identity", "name": "keystone"}], "user": {"username": "admin", "roles_links":
        [], "id": "80ea157498b44d08aa6d6f54b8a7c3e7", "roles": [{"name": "admin"},
        {"name": "_member_"}, {"name": "heat_stack_owner"}], "name": "admin"}, "metadata":
        {"is_admin": 0, "roles": ["bafabff3f3174e6ab41388bde984e1e5", "9fe2ff9ee4384b1894a90878d3e92bab",
        "725d26e4ae494cc689c60f857e347267"]}}}'
    http_version: 
  recorded_at: Thu, 14 Nov 2019 14:54:36 GMT
- request:
    method: get
    uri: http://11.22.33.44:5000/v2.0/tenants
    body:
      encoding: US-ASCII
      string: ''
    headers:
      User-Agent:
      - fog-core/1.45.0
      Content-Type:
      - application/json
      Accept:
      - application/json
      X-Auth-Token:
      - 5d776500094143188706370fb22c9c44
  response:
    status:
      code: 200
      message: OK
    headers:
      Date:
      - Thu, 14 Nov 2019 14:54:36 GMT
      Server:
      - Apache/2.4.6 (Red Hat Enterprise Linux)
      Vary:
      - X-Auth-Token,Accept-Encoding
      X-Openstack-Request-Id:
      - req-f298bd0d-9b94-44c2-97f5-4f5a104365fc
      Content-Length:
      - '500'
      Connection:
      - close
      Content-Type:
      - application/json
    body:
      encoding: ASCII-8BIT
      string: '{"tenants_links": [], "tenants": [{"description": "", "enabled": true,
        "id": "69f8f7205ade4aa59084c32c83e60b5a", "name": "EmsRefreshSpec-Project"},
        {"description": "", "enabled": true, "id": "b458a5c25c3749758f4c0661940b3ba8",
        "name": "EmsRefreshSpec-Project-No-Admin-Role"}, {"description": "admin tenant",
        "enabled": true, "id": "e54e5c3c19e34720b05661f2ea1ea00a", "name": "admin"},
        {"description": "", "enabled": true, "id": "e8f744b1fc6a487681d35fb275252608",
        "name": "EmsRefreshSpec-Project2"}]}'
    http_version: 
  recorded_at: Thu, 14 Nov 2019 14:54:37 GMT
- request:
    method: post
    uri: http://11.22.33.44:5000/v2.0/tokens
    body:
      encoding: UTF-8
      string: '{"auth":{"passwordCredentials":{"username":"admin","password":"password_2WpEraURh"},"tenantName":"admin"}}'
    headers:
      User-Agent:
      - fog-core/1.45.0
      Content-Type:
      - application/json
  response:
    status:
      code: 200
      message: OK
    headers:
      Date:
      - Thu, 14 Nov 2019 14:54:37 GMT
      Server:
      - Apache/2.4.6 (Red Hat Enterprise Linux)
      Vary:
      - X-Auth-Token,Accept-Encoding
      X-Openstack-Request-Id:
      - req-e889f718-935d-4355-aeca-25f355828bf0
      Content-Length:
      - '4170'
      Connection:
      - close
      Content-Type:
      - application/json
    body:
      encoding: ASCII-8BIT
      string: '{"access": {"token": {"issued_at": "2019-11-14T14:54:37.361956", "expires":
        "2019-11-14T15:54:37Z", "id": "a58ea0b4b1e1472bb8579675369e7a59", "tenant":
        {"description": "admin tenant", "enabled": true, "id": "e54e5c3c19e34720b05661f2ea1ea00a",
        "name": "admin"}, "audit_ids": ["56AF9JgxTF-qbrcc40C4vQ"]}, "serviceCatalog":
        [{"endpoints": [{"adminURL": "http://10.8.99.233:8774/v2/e54e5c3c19e34720b05661f2ea1ea00a",
        "region": "RegionOne", "internalURL": "http://10.8.99.233:8774/v2/e54e5c3c19e34720b05661f2ea1ea00a",
        "id": "33f58c6950134a2381bb3668fae5a325", "publicURL": "http://10.8.99.233:8774/v2/e54e5c3c19e34720b05661f2ea1ea00a"}],
        "endpoints_links": [], "type": "compute", "name": "nova"}, {"endpoints": [{"adminURL":
        "http://10.8.99.233:9696", "region": "RegionOne", "internalURL": "http://10.8.99.233:9696",
        "id": "5b097055aff24a40aa4cd2d7317c9108", "publicURL": "http://10.8.99.233:9696"}],
        "endpoints_links": [], "type": "network", "name": "neutron"}, {"endpoints":
        [{"adminURL": "http://10.8.99.233:8776/v2/e54e5c3c19e34720b05661f2ea1ea00a",
        "region": "RegionOne", "internalURL": "http://10.8.99.233:8776/v2/e54e5c3c19e34720b05661f2ea1ea00a",
        "id": "13c4208d548d4bcdaedfe8296b6559ee", "publicURL": "http://10.8.99.233:8776/v2/e54e5c3c19e34720b05661f2ea1ea00a"}],
        "endpoints_links": [], "type": "volumev2", "name": "cinderv2"}, {"endpoints":
        [{"adminURL": "http://127.0.0.1:8774/v3", "region": "RegionOne", "internalURL":
        "http://127.0.0.1:8774/v3", "id": "3874f107e1a0461596883a12743dbcc0", "publicURL":
        "http://127.0.0.1:8774/v3"}], "endpoints_links": [], "type": "computev3",
        "name": "novav3"}, {"endpoints": [{"adminURL": "http://10.8.99.233:9292",
        "region": "RegionOne", "internalURL": "http://10.8.99.233:9292", "id": "75fcb24891654062ae1703e6b92f6018",
        "publicURL": "http://10.8.99.233:9292"}], "endpoints_links": [], "type": "image",
        "name": "glance"}, {"endpoints": [{"adminURL": "http://10.8.99.233:8777",
        "region": "RegionOne", "internalURL": "http://10.8.99.233:8777", "id": "2c972a2880d1453aad86104dcda88a55",
        "publicURL": "http://10.8.99.233:8777"}], "endpoints_links": [], "type": "metering",
        "name": "ceilometer"}, {"endpoints": [{"adminURL": "http://10.8.99.233:8776/v1/e54e5c3c19e34720b05661f2ea1ea00a",
        "region": "RegionOne", "internalURL": "http://10.8.99.233:8776/v1/e54e5c3c19e34720b05661f2ea1ea00a",
        "id": "410c753013fb430c9998f22f68c4cb18", "publicURL": "http://10.8.99.233:8776/v1/e54e5c3c19e34720b05661f2ea1ea00a"}],
        "endpoints_links": [], "type": "volume", "name": "cinder"}, {"endpoints":
        [{"adminURL": "http://10.8.99.233:8773/services/Admin", "region": "RegionOne",
        "internalURL": "http://10.8.99.233:8773/services/Cloud", "id": "2833b001aa814ddf9216479d379cdac1",
        "publicURL": "http://10.8.99.233:8773/services/Cloud"}], "endpoints_links":
        [], "type": "ec2", "name": "nova_ec2"}, {"endpoints": [{"adminURL": "http://10.8.99.233:8004/v1/e54e5c3c19e34720b05661f2ea1ea00a",
        "region": "RegionOne", "internalURL": "http://10.8.99.233:8004/v1/e54e5c3c19e34720b05661f2ea1ea00a",
        "id": "a29a931a5667478c8b3724506a286144", "publicURL": "http://10.8.99.233:8004/v1/e54e5c3c19e34720b05661f2ea1ea00a"}],
        "endpoints_links": [], "type": "orchestration", "name": "heat"}, {"endpoints":
        [{"adminURL": "http://10.8.99.233:8080", "region": "RegionOne", "internalURL":
        "http://10.8.99.233:8080/v1/AUTH_e54e5c3c19e34720b05661f2ea1ea00a", "id":
        "7a2262abf515414ea08b3beedc87e51e", "publicURL": "http://10.8.99.233:8080/v1/AUTH_e54e5c3c19e34720b05661f2ea1ea00a"}],
        "endpoints_links": [], "type": "object-store", "name": "swift"}, {"endpoints":
        [{"adminURL": "http://10.8.99.233:35357/v2.0", "region": "RegionOne", "internalURL":
        "http://10.8.99.233:5000/v2.0", "id": "5d1b7edf24e14ce29abaeee69e84e529",
        "publicURL": "http://10.8.99.233:5000/v2.0"}], "endpoints_links": [], "type":
        "identity", "name": "keystone"}], "user": {"username": "admin", "roles_links":
        [], "id": "80ea157498b44d08aa6d6f54b8a7c3e7", "roles": [{"name": "admin"},
        {"name": "_member_"}, {"name": "heat_stack_owner"}], "name": "admin"}, "metadata":
        {"is_admin": 0, "roles": ["bafabff3f3174e6ab41388bde984e1e5", "9fe2ff9ee4384b1894a90878d3e92bab",
        "725d26e4ae494cc689c60f857e347267"]}}}'
    http_version: 
  recorded_at: Thu, 14 Nov 2019 14:54:37 GMT
- request:
    method: post
    uri: http://11.22.33.44:5000/v2.0/tokens
    body:
      encoding: UTF-8
      string: '{"auth":{"passwordCredentials":{"username":"admin","password":"password_2WpEraURh"},"tenantName":"admin"}}'
    headers:
      User-Agent:
      - fog-core/1.45.0
      Content-Type:
      - application/json
  response:
    status:
      code: 200
      message: OK
    headers:
      Date:
      - Thu, 14 Nov 2019 14:54:37 GMT
      Server:
      - Apache/2.4.6 (Red Hat Enterprise Linux)
      Vary:
      - X-Auth-Token,Accept-Encoding
      X-Openstack-Request-Id:
      - req-57345896-46f6-47aa-aad5-d7cbcec5dc58
      Content-Length:
      - '4170'
      Connection:
      - close
      Content-Type:
      - application/json
    body:
      encoding: ASCII-8BIT
      string: '{"access": {"token": {"issued_at": "2019-11-14T14:54:37.721371", "expires":
        "2019-11-14T15:54:37Z", "id": "aa67142f621445e38fa64fa8006c046f", "tenant":
        {"description": "admin tenant", "enabled": true, "id": "e54e5c3c19e34720b05661f2ea1ea00a",
        "name": "admin"}, "audit_ids": ["6p3rgOw3SKivUCbAGuIF1g"]}, "serviceCatalog":
        [{"endpoints": [{"adminURL": "http://10.8.99.233:8774/v2/e54e5c3c19e34720b05661f2ea1ea00a",
        "region": "RegionOne", "internalURL": "http://10.8.99.233:8774/v2/e54e5c3c19e34720b05661f2ea1ea00a",
        "id": "33f58c6950134a2381bb3668fae5a325", "publicURL": "http://10.8.99.233:8774/v2/e54e5c3c19e34720b05661f2ea1ea00a"}],
        "endpoints_links": [], "type": "compute", "name": "nova"}, {"endpoints": [{"adminURL":
        "http://10.8.99.233:9696", "region": "RegionOne", "internalURL": "http://10.8.99.233:9696",
        "id": "5b097055aff24a40aa4cd2d7317c9108", "publicURL": "http://10.8.99.233:9696"}],
        "endpoints_links": [], "type": "network", "name": "neutron"}, {"endpoints":
        [{"adminURL": "http://10.8.99.233:8776/v2/e54e5c3c19e34720b05661f2ea1ea00a",
        "region": "RegionOne", "internalURL": "http://10.8.99.233:8776/v2/e54e5c3c19e34720b05661f2ea1ea00a",
        "id": "13c4208d548d4bcdaedfe8296b6559ee", "publicURL": "http://10.8.99.233:8776/v2/e54e5c3c19e34720b05661f2ea1ea00a"}],
        "endpoints_links": [], "type": "volumev2", "name": "cinderv2"}, {"endpoints":
        [{"adminURL": "http://127.0.0.1:8774/v3", "region": "RegionOne", "internalURL":
        "http://127.0.0.1:8774/v3", "id": "3874f107e1a0461596883a12743dbcc0", "publicURL":
        "http://127.0.0.1:8774/v3"}], "endpoints_links": [], "type": "computev3",
        "name": "novav3"}, {"endpoints": [{"adminURL": "http://10.8.99.233:9292",
        "region": "RegionOne", "internalURL": "http://10.8.99.233:9292", "id": "75fcb24891654062ae1703e6b92f6018",
        "publicURL": "http://10.8.99.233:9292"}], "endpoints_links": [], "type": "image",
        "name": "glance"}, {"endpoints": [{"adminURL": "http://10.8.99.233:8777",
        "region": "RegionOne", "internalURL": "http://10.8.99.233:8777", "id": "2c972a2880d1453aad86104dcda88a55",
        "publicURL": "http://10.8.99.233:8777"}], "endpoints_links": [], "type": "metering",
        "name": "ceilometer"}, {"endpoints": [{"adminURL": "http://10.8.99.233:8776/v1/e54e5c3c19e34720b05661f2ea1ea00a",
        "region": "RegionOne", "internalURL": "http://10.8.99.233:8776/v1/e54e5c3c19e34720b05661f2ea1ea00a",
        "id": "410c753013fb430c9998f22f68c4cb18", "publicURL": "http://10.8.99.233:8776/v1/e54e5c3c19e34720b05661f2ea1ea00a"}],
        "endpoints_links": [], "type": "volume", "name": "cinder"}, {"endpoints":
        [{"adminURL": "http://10.8.99.233:8773/services/Admin", "region": "RegionOne",
        "internalURL": "http://10.8.99.233:8773/services/Cloud", "id": "2833b001aa814ddf9216479d379cdac1",
        "publicURL": "http://10.8.99.233:8773/services/Cloud"}], "endpoints_links":
        [], "type": "ec2", "name": "nova_ec2"}, {"endpoints": [{"adminURL": "http://10.8.99.233:8004/v1/e54e5c3c19e34720b05661f2ea1ea00a",
        "region": "RegionOne", "internalURL": "http://10.8.99.233:8004/v1/e54e5c3c19e34720b05661f2ea1ea00a",
        "id": "a29a931a5667478c8b3724506a286144", "publicURL": "http://10.8.99.233:8004/v1/e54e5c3c19e34720b05661f2ea1ea00a"}],
        "endpoints_links": [], "type": "orchestration", "name": "heat"}, {"endpoints":
        [{"adminURL": "http://10.8.99.233:8080", "region": "RegionOne", "internalURL":
        "http://10.8.99.233:8080/v1/AUTH_e54e5c3c19e34720b05661f2ea1ea00a", "id":
        "7a2262abf515414ea08b3beedc87e51e", "publicURL": "http://10.8.99.233:8080/v1/AUTH_e54e5c3c19e34720b05661f2ea1ea00a"}],
        "endpoints_links": [], "type": "object-store", "name": "swift"}, {"endpoints":
        [{"adminURL": "http://10.8.99.233:35357/v2.0", "region": "RegionOne", "internalURL":
        "http://10.8.99.233:5000/v2.0", "id": "5d1b7edf24e14ce29abaeee69e84e529",
        "publicURL": "http://10.8.99.233:5000/v2.0"}], "endpoints_links": [], "type":
        "identity", "name": "keystone"}], "user": {"username": "admin", "roles_links":
        [], "id": "80ea157498b44d08aa6d6f54b8a7c3e7", "roles": [{"name": "admin"},
        {"name": "_member_"}, {"name": "heat_stack_owner"}], "name": "admin"}, "metadata":
        {"is_admin": 0, "roles": ["bafabff3f3174e6ab41388bde984e1e5", "9fe2ff9ee4384b1894a90878d3e92bab",
        "725d26e4ae494cc689c60f857e347267"]}}}'
    http_version: 
  recorded_at: Thu, 14 Nov 2019 14:54:37 GMT
- request:
    method: get
    uri: http://10.8.99.233:8774/v2/e54e5c3c19e34720b05661f2ea1ea00a/servers/ca4f3a16-bae3-4407-83e9-f77b28af0f2b
    body:
      encoding: US-ASCII
      string: ''
    headers:
      User-Agent:
      - fog-core/1.45.0
      Content-Type:
      - application/json
      Accept:
      - application/json
      X-Auth-Token:
      - 82941e7c7c7b4bed9f297f330425c0d2
      X-Openstack-Nova-Api-Version:
      - '2.12'
  response:
    status:
      code: 200
      message: OK
    headers:
      Content-Type:
      - application/json
      Content-Length:
      - '2088'
      X-Compute-Request-Id:
      - req-0acd4c5e-f3ab-464a-b0f0-c04b9f9def49
      Date:
      - Thu, 14 Nov 2019 14:54:38 GMT
    body:
      encoding: ASCII-8BIT
      string: '{"server": {"status": "ACTIVE", "updated": "2018-10-09T18:40:19Z",
        "hostId": "bb5e57f091d4c5737235b6ea23cd3cf06921fdb1ff1e90c2eb3098a9", "OS-EXT-SRV-ATTR:host":
        "11.22.33.44", "addresses": {"EmsRefreshSpec-NetworkPrivate":
        [{"OS-EXT-IPS-MAC:mac_addr": "fa:16:3e:e1:0b:2c", "version": 4, "addr": "192.168.0.5",
        "OS-EXT-IPS:type": "fixed"}, {"OS-EXT-IPS-MAC:mac_addr": "fa:16:3e:e1:0b:2c",
        "version": 4, "addr": "172.16.17.4", "OS-EXT-IPS:type": "floating"}]}, "links":
        [{"href": "http://10.8.99.233:8774/v2/e54e5c3c19e34720b05661f2ea1ea00a/servers/ca4f3a16-bae3-4407-83e9-f77b28af0f2b",
        "rel": "self"}, {"href": "http://10.8.99.233:8774/e54e5c3c19e34720b05661f2ea1ea00a/servers/ca4f3a16-bae3-4407-83e9-f77b28af0f2b",
        "rel": "bookmark"}], "key_name": "EmsRefreshSpec-KeyPair", "image": {"id":
        "bb799f70-5e02-461b-8324-17ee88259c7b", "links": [{"href": "http://10.8.99.233:8774/e54e5c3c19e34720b05661f2ea1ea00a/images/bb799f70-5e02-461b-8324-17ee88259c7b",
        "rel": "bookmark"}]}, "OS-EXT-STS:task_state": null, "OS-EXT-STS:vm_state":
        "active", "OS-EXT-SRV-ATTR:instance_name": "instance-00000004", "OS-SRV-USG:launched_at":
        "2016-11-11T13:51:08.000000", "OS-EXT-SRV-ATTR:hypervisor_hostname": "11.22.33.44",
        "flavor": {"id": "6", "links": [{"href": "http://10.8.99.233:8774/e54e5c3c19e34720b05661f2ea1ea00a/flavors/6",
        "rel": "bookmark"}]}, "id": "ca4f3a16-bae3-4407-83e9-f77b28af0f2b", "security_groups":
        [{"name": "EmsRefreshSpec-SecurityGroup2"}, {"name": "EmsRefreshSpec-SecurityGroup"}],
        "OS-SRV-USG:terminated_at": null, "OS-EXT-AZ:availability_zone": "nova", "user_id":
        "80ea157498b44d08aa6d6f54b8a7c3e7", "name": "EmsRefreshSpec-PoweredOn", "created":
        "2016-11-11T13:50:32Z", "tenant_id": "69f8f7205ade4aa59084c32c83e60b5a", "OS-DCF:diskConfig":
        "MANUAL", "os-extended-volumes:volumes_attached": [{"id": "0a55c0d5-c780-4e7d-9d09-47f5520c7448"},
        {"id": "2c774148-c11a-434c-aabb-7fa9c82c37ce"}], "accessIPv4": "", "accessIPv6":
        "", "progress": 0, "OS-EXT-STS:power_state": 1, "config_drive": "", "metadata":
        {}}}'
    http_version: 
  recorded_at: Thu, 14 Nov 2019 14:54:38 GMT
- request:
    method: get
    uri: http://10.8.99.233:8774/v2/e54e5c3c19e34720b05661f2ea1ea00a/flavors/6
    body:
      encoding: US-ASCII
      string: ''
    headers:
      User-Agent:
      - fog-core/1.45.0
      Content-Type:
      - application/json
      Accept:
      - application/json
      X-Auth-Token:
      - 82941e7c7c7b4bed9f297f330425c0d2
      X-Openstack-Nova-Api-Version:
      - '2.12'
  response:
    status:
      code: 200
      message: OK
    headers:
      Content-Type:
      - application/json
      Content-Length:
      - '433'
      X-Compute-Request-Id:
      - req-6e3cf7f6-2595-429f-9e50-aa489c9841f3
      Date:
      - Thu, 14 Nov 2019 14:54:38 GMT
    body:
      encoding: ASCII-8BIT
      string: '{"flavor": {"name": "m1.ems_refresh_spec", "links": [{"href": "http://10.8.99.233:8774/v2/e54e5c3c19e34720b05661f2ea1ea00a/flavors/6",
        "rel": "self"}, {"href": "http://10.8.99.233:8774/e54e5c3c19e34720b05661f2ea1ea00a/flavors/6",
        "rel": "bookmark"}], "ram": 512, "OS-FLV-DISABLED:disabled": false, "vcpus":
        1, "swap": 512, "os-flavor-access:is_public": true, "rxtx_factor": 1.0, "OS-FLV-EXT-DATA:ephemeral":
        1, "disk": 1, "id": "6"}}'
    http_version: 
  recorded_at: Thu, 14 Nov 2019 14:54:39 GMT
- request:
    method: get
    uri: http://10.8.99.233:8774/v2/e54e5c3c19e34720b05661f2ea1ea00a/servers/ca4f3a16-bae3-4407-83e9-f77b28af0f2b/os-volume_attachments
    body:
      encoding: US-ASCII
      string: ''
    headers:
      User-Agent:
      - fog-core/1.45.0
      Content-Type:
      - application/json
      Accept:
      - application/json
      X-Auth-Token:
      - 82941e7c7c7b4bed9f297f330425c0d2
      X-Openstack-Nova-Api-Version:
      - '2.12'
  response:
    status:
      code: 200
      message: OK
    headers:
      Content-Type:
      - application/json
      Content-Length:
      - '197'
      X-Compute-Request-Id:
      - req-d3130589-3f76-4211-951c-a7659a9f224d
      Date:
      - Thu, 14 Nov 2019 14:54:39 GMT
    body:
      encoding: ASCII-8BIT
      string: '{"volumeAttachments": [{"device": "/dev/vdd", "serverId": "ca4f3a16-bae3-4407-83e9-f77b28af0f2b",
        "id": "0a55c0d5-c780-4e7d-9d09-47f5520c7448", "volumeId": "0a55c0d5-c780-4e7d-9d09-47f5520c7448"}]}'
    http_version: 
  recorded_at: Thu, 14 Nov 2019 14:54:39 GMT
- request:
    method: post
    uri: http://11.22.33.44:5000/v2.0/tokens
    body:
      encoding: UTF-8
      string: '{"auth":{"passwordCredentials":{"username":"admin","password":"password_2WpEraURh"},"tenantName":"admin"}}'
    headers:
      User-Agent:
      - fog-core/1.45.0
      Content-Type:
      - application/json
  response:
    status:
      code: 200
      message: OK
    headers:
      Date:
      - Thu, 14 Nov 2019 14:54:39 GMT
      Server:
      - Apache/2.4.6 (Red Hat Enterprise Linux)
      Vary:
      - X-Auth-Token,Accept-Encoding
      X-Openstack-Request-Id:
      - req-2bfa67cf-9d6c-494c-8e8e-002595a7c637
      Content-Length:
      - '4170'
      Connection:
      - close
      Content-Type:
      - application/json
    body:
      encoding: ASCII-8BIT
      string: '{"access": {"token": {"issued_at": "2019-11-14T14:54:39.774031", "expires":
        "2019-11-14T15:54:39Z", "id": "1a1ce130c29b4bc294dae40e6da4de30", "tenant":
        {"description": "admin tenant", "enabled": true, "id": "e54e5c3c19e34720b05661f2ea1ea00a",
        "name": "admin"}, "audit_ids": ["UrffUYBYQwmB8oGyddziyA"]}, "serviceCatalog":
        [{"endpoints": [{"adminURL": "http://10.8.99.233:8774/v2/e54e5c3c19e34720b05661f2ea1ea00a",
        "region": "RegionOne", "internalURL": "http://10.8.99.233:8774/v2/e54e5c3c19e34720b05661f2ea1ea00a",
        "id": "33f58c6950134a2381bb3668fae5a325", "publicURL": "http://10.8.99.233:8774/v2/e54e5c3c19e34720b05661f2ea1ea00a"}],
        "endpoints_links": [], "type": "compute", "name": "nova"}, {"endpoints": [{"adminURL":
        "http://10.8.99.233:9696", "region": "RegionOne", "internalURL": "http://10.8.99.233:9696",
        "id": "5b097055aff24a40aa4cd2d7317c9108", "publicURL": "http://10.8.99.233:9696"}],
        "endpoints_links": [], "type": "network", "name": "neutron"}, {"endpoints":
        [{"adminURL": "http://10.8.99.233:8776/v2/e54e5c3c19e34720b05661f2ea1ea00a",
        "region": "RegionOne", "internalURL": "http://10.8.99.233:8776/v2/e54e5c3c19e34720b05661f2ea1ea00a",
        "id": "13c4208d548d4bcdaedfe8296b6559ee", "publicURL": "http://10.8.99.233:8776/v2/e54e5c3c19e34720b05661f2ea1ea00a"}],
        "endpoints_links": [], "type": "volumev2", "name": "cinderv2"}, {"endpoints":
        [{"adminURL": "http://127.0.0.1:8774/v3", "region": "RegionOne", "internalURL":
        "http://127.0.0.1:8774/v3", "id": "3874f107e1a0461596883a12743dbcc0", "publicURL":
        "http://127.0.0.1:8774/v3"}], "endpoints_links": [], "type": "computev3",
        "name": "novav3"}, {"endpoints": [{"adminURL": "http://10.8.99.233:9292",
        "region": "RegionOne", "internalURL": "http://10.8.99.233:9292", "id": "75fcb24891654062ae1703e6b92f6018",
        "publicURL": "http://10.8.99.233:9292"}], "endpoints_links": [], "type": "image",
        "name": "glance"}, {"endpoints": [{"adminURL": "http://10.8.99.233:8777",
        "region": "RegionOne", "internalURL": "http://10.8.99.233:8777", "id": "2c972a2880d1453aad86104dcda88a55",
        "publicURL": "http://10.8.99.233:8777"}], "endpoints_links": [], "type": "metering",
        "name": "ceilometer"}, {"endpoints": [{"adminURL": "http://10.8.99.233:8776/v1/e54e5c3c19e34720b05661f2ea1ea00a",
        "region": "RegionOne", "internalURL": "http://10.8.99.233:8776/v1/e54e5c3c19e34720b05661f2ea1ea00a",
        "id": "410c753013fb430c9998f22f68c4cb18", "publicURL": "http://10.8.99.233:8776/v1/e54e5c3c19e34720b05661f2ea1ea00a"}],
        "endpoints_links": [], "type": "volume", "name": "cinder"}, {"endpoints":
        [{"adminURL": "http://10.8.99.233:8773/services/Admin", "region": "RegionOne",
        "internalURL": "http://10.8.99.233:8773/services/Cloud", "id": "2833b001aa814ddf9216479d379cdac1",
        "publicURL": "http://10.8.99.233:8773/services/Cloud"}], "endpoints_links":
        [], "type": "ec2", "name": "nova_ec2"}, {"endpoints": [{"adminURL": "http://10.8.99.233:8004/v1/e54e5c3c19e34720b05661f2ea1ea00a",
        "region": "RegionOne", "internalURL": "http://10.8.99.233:8004/v1/e54e5c3c19e34720b05661f2ea1ea00a",
        "id": "a29a931a5667478c8b3724506a286144", "publicURL": "http://10.8.99.233:8004/v1/e54e5c3c19e34720b05661f2ea1ea00a"}],
        "endpoints_links": [], "type": "orchestration", "name": "heat"}, {"endpoints":
        [{"adminURL": "http://10.8.99.233:8080", "region": "RegionOne", "internalURL":
        "http://10.8.99.233:8080/v1/AUTH_e54e5c3c19e34720b05661f2ea1ea00a", "id":
        "7a2262abf515414ea08b3beedc87e51e", "publicURL": "http://10.8.99.233:8080/v1/AUTH_e54e5c3c19e34720b05661f2ea1ea00a"}],
        "endpoints_links": [], "type": "object-store", "name": "swift"}, {"endpoints":
        [{"adminURL": "http://10.8.99.233:35357/v2.0", "region": "RegionOne", "internalURL":
        "http://10.8.99.233:5000/v2.0", "id": "5d1b7edf24e14ce29abaeee69e84e529",
        "publicURL": "http://10.8.99.233:5000/v2.0"}], "endpoints_links": [], "type":
        "identity", "name": "keystone"}], "user": {"username": "admin", "roles_links":
        [], "id": "80ea157498b44d08aa6d6f54b8a7c3e7", "roles": [{"name": "admin"},
        {"name": "_member_"}, {"name": "heat_stack_owner"}], "name": "admin"}, "metadata":
        {"is_admin": 0, "roles": ["bafabff3f3174e6ab41388bde984e1e5", "9fe2ff9ee4384b1894a90878d3e92bab",
        "725d26e4ae494cc689c60f857e347267"]}}}'
    http_version: 
  recorded_at: Thu, 14 Nov 2019 14:54:39 GMT
- request:
    method: post
    uri: http://11.22.33.44:5000/v2.0/tokens
    body:
      encoding: UTF-8
      string: '{"auth":{"passwordCredentials":{"username":"admin","password":"password_2WpEraURh"}}}'
    headers:
      User-Agent:
      - fog-core/1.45.0
      Content-Type:
      - application/json
  response:
    status:
      code: 200
      message: OK
    headers:
      Date:
      - Thu, 14 Nov 2019 14:54:40 GMT
      Server:
      - Apache/2.4.6 (Red Hat Enterprise Linux)
      Vary:
      - X-Auth-Token,Accept-Encoding
      X-Openstack-Request-Id:
      - req-b063f466-f376-461c-a530-41fe2fbc4808
      Content-Length:
      - '370'
      Connection:
      - close
      Content-Type:
      - application/json
    body:
      encoding: ASCII-8BIT
      string: '{"access": {"token": {"issued_at": "2019-11-14T14:54:40.180030", "expires":
        "2019-11-14T15:54:40Z", "id": "9b3ed8c113544dd58696169e5dd3d619", "audit_ids":
        ["Uad-UauPSCKkaMzin1Qbcg"]}, "serviceCatalog": [], "user": {"username": "admin",
        "roles_links": [], "id": "80ea157498b44d08aa6d6f54b8a7c3e7", "roles": [],
        "name": "admin"}, "metadata": {"is_admin": 0, "roles": []}}}'
    http_version: 
  recorded_at: Thu, 14 Nov 2019 14:54:40 GMT
- request:
    method: get
    uri: http://11.22.33.44:5000/v2.0/tenants
    body:
      encoding: US-ASCII
      string: ''
    headers:
      User-Agent:
      - fog-core/1.45.0
      Content-Type:
      - application/json
      Accept:
      - application/json
      X-Auth-Token:
      - 9b3ed8c113544dd58696169e5dd3d619
  response:
    status:
      code: 200
      message: OK
    headers:
      Date:
      - Thu, 14 Nov 2019 14:54:40 GMT
      Server:
      - Apache/2.4.6 (Red Hat Enterprise Linux)
      Vary:
      - X-Auth-Token,Accept-Encoding
      X-Openstack-Request-Id:
      - req-71dc764b-7b01-4700-9d69-2386872d4f2d
      Content-Length:
      - '500'
      Connection:
      - close
      Content-Type:
      - application/json
    body:
      encoding: ASCII-8BIT
      string: '{"tenants_links": [], "tenants": [{"description": "", "enabled": true,
        "id": "69f8f7205ade4aa59084c32c83e60b5a", "name": "EmsRefreshSpec-Project"},
        {"description": "", "enabled": true, "id": "b458a5c25c3749758f4c0661940b3ba8",
        "name": "EmsRefreshSpec-Project-No-Admin-Role"}, {"description": "admin tenant",
        "enabled": true, "id": "e54e5c3c19e34720b05661f2ea1ea00a", "name": "admin"},
        {"description": "", "enabled": true, "id": "e8f744b1fc6a487681d35fb275252608",
        "name": "EmsRefreshSpec-Project2"}]}'
    http_version: 
  recorded_at: Thu, 14 Nov 2019 14:54:40 GMT
- request:
    method: post
    uri: http://11.22.33.44:5000/v2.0/tokens
    body:
      encoding: UTF-8
      string: '{"auth":{"passwordCredentials":{"username":"admin","password":"password_2WpEraURh"},"tenantName":"EmsRefreshSpec-Project"}}'
    headers:
      User-Agent:
      - fog-core/1.45.0
      Content-Type:
      - application/json
  response:
    status:
      code: 200
      message: OK
    headers:
      Date:
      - Thu, 14 Nov 2019 14:54:41 GMT
      Server:
      - Apache/2.4.6 (Red Hat Enterprise Linux)
      Vary:
      - X-Auth-Token,Accept-Encoding
      X-Openstack-Request-Id:
      - req-5ce1e308-36b3-4c1b-b5f2-fa700c784d31
      Content-Length:
      - '4117'
      Connection:
      - close
      Content-Type:
      - application/json
    body:
      encoding: ASCII-8BIT
      string: '{"access": {"token": {"issued_at": "2019-11-14T14:54:41.143596", "expires":
        "2019-11-14T15:54:41Z", "id": "539cbc99ae39411eb226f87bece838cf", "tenant":
        {"description": "", "enabled": true, "id": "69f8f7205ade4aa59084c32c83e60b5a",
        "name": "EmsRefreshSpec-Project"}, "audit_ids": ["B_lBlS3NQU2fvrH2aSDfyg"]},
        "serviceCatalog": [{"endpoints": [{"adminURL": "http://10.8.99.233:8774/v2/69f8f7205ade4aa59084c32c83e60b5a",
        "region": "RegionOne", "internalURL": "http://10.8.99.233:8774/v2/69f8f7205ade4aa59084c32c83e60b5a",
        "id": "33f58c6950134a2381bb3668fae5a325", "publicURL": "http://10.8.99.233:8774/v2/69f8f7205ade4aa59084c32c83e60b5a"}],
        "endpoints_links": [], "type": "compute", "name": "nova"}, {"endpoints": [{"adminURL":
        "http://10.8.99.233:9696", "region": "RegionOne", "internalURL": "http://10.8.99.233:9696",
        "id": "5b097055aff24a40aa4cd2d7317c9108", "publicURL": "http://10.8.99.233:9696"}],
        "endpoints_links": [], "type": "network", "name": "neutron"}, {"endpoints":
        [{"adminURL": "http://10.8.99.233:8776/v2/69f8f7205ade4aa59084c32c83e60b5a",
        "region": "RegionOne", "internalURL": "http://10.8.99.233:8776/v2/69f8f7205ade4aa59084c32c83e60b5a",
        "id": "13c4208d548d4bcdaedfe8296b6559ee", "publicURL": "http://10.8.99.233:8776/v2/69f8f7205ade4aa59084c32c83e60b5a"}],
        "endpoints_links": [], "type": "volumev2", "name": "cinderv2"}, {"endpoints":
        [{"adminURL": "http://127.0.0.1:8774/v3", "region": "RegionOne", "internalURL":
        "http://127.0.0.1:8774/v3", "id": "3874f107e1a0461596883a12743dbcc0", "publicURL":
        "http://127.0.0.1:8774/v3"}], "endpoints_links": [], "type": "computev3",
        "name": "novav3"}, {"endpoints": [{"adminURL": "http://10.8.99.233:9292",
        "region": "RegionOne", "internalURL": "http://10.8.99.233:9292", "id": "75fcb24891654062ae1703e6b92f6018",
        "publicURL": "http://10.8.99.233:9292"}], "endpoints_links": [], "type": "image",
        "name": "glance"}, {"endpoints": [{"adminURL": "http://10.8.99.233:8777",
        "region": "RegionOne", "internalURL": "http://10.8.99.233:8777", "id": "2c972a2880d1453aad86104dcda88a55",
        "publicURL": "http://10.8.99.233:8777"}], "endpoints_links": [], "type": "metering",
        "name": "ceilometer"}, {"endpoints": [{"adminURL": "http://10.8.99.233:8776/v1/69f8f7205ade4aa59084c32c83e60b5a",
        "region": "RegionOne", "internalURL": "http://10.8.99.233:8776/v1/69f8f7205ade4aa59084c32c83e60b5a",
        "id": "410c753013fb430c9998f22f68c4cb18", "publicURL": "http://10.8.99.233:8776/v1/69f8f7205ade4aa59084c32c83e60b5a"}],
        "endpoints_links": [], "type": "volume", "name": "cinder"}, {"endpoints":
        [{"adminURL": "http://10.8.99.233:8773/services/Admin", "region": "RegionOne",
        "internalURL": "http://10.8.99.233:8773/services/Cloud", "id": "2833b001aa814ddf9216479d379cdac1",
        "publicURL": "http://10.8.99.233:8773/services/Cloud"}], "endpoints_links":
        [], "type": "ec2", "name": "nova_ec2"}, {"endpoints": [{"adminURL": "http://10.8.99.233:8004/v1/69f8f7205ade4aa59084c32c83e60b5a",
        "region": "RegionOne", "internalURL": "http://10.8.99.233:8004/v1/69f8f7205ade4aa59084c32c83e60b5a",
        "id": "a29a931a5667478c8b3724506a286144", "publicURL": "http://10.8.99.233:8004/v1/69f8f7205ade4aa59084c32c83e60b5a"}],
        "endpoints_links": [], "type": "orchestration", "name": "heat"}, {"endpoints":
        [{"adminURL": "http://10.8.99.233:8080", "region": "RegionOne", "internalURL":
        "http://10.8.99.233:8080/v1/AUTH_69f8f7205ade4aa59084c32c83e60b5a", "id":
        "7a2262abf515414ea08b3beedc87e51e", "publicURL": "http://10.8.99.233:8080/v1/AUTH_69f8f7205ade4aa59084c32c83e60b5a"}],
        "endpoints_links": [], "type": "object-store", "name": "swift"}, {"endpoints":
        [{"adminURL": "http://10.8.99.233:35357/v2.0", "region": "RegionOne", "internalURL":
        "http://10.8.99.233:5000/v2.0", "id": "5d1b7edf24e14ce29abaeee69e84e529",
        "publicURL": "http://10.8.99.233:5000/v2.0"}], "endpoints_links": [], "type":
        "identity", "name": "keystone"}], "user": {"username": "admin", "roles_links":
        [], "id": "80ea157498b44d08aa6d6f54b8a7c3e7", "roles": [{"name": "admin"},
        {"name": "heat_stack_owner"}], "name": "admin"}, "metadata": {"is_admin":
        0, "roles": ["bafabff3f3174e6ab41388bde984e1e5", "725d26e4ae494cc689c60f857e347267"]}}}'
    http_version: 
  recorded_at: Thu, 14 Nov 2019 14:54:41 GMT
- request:
    method: post
    uri: http://11.22.33.44:5000/v2.0/tokens
    body:
      encoding: UTF-8
      string: '{"auth":{"passwordCredentials":{"username":"admin","password":"password_2WpEraURh"},"tenantName":"EmsRefreshSpec-Project-No-Admin-Role"}}'
    headers:
      User-Agent:
      - fog-core/1.45.0
      Content-Type:
      - application/json
  response:
    status:
      code: 200
      message: OK
    headers:
      Date:
      - Thu, 14 Nov 2019 14:54:41 GMT
      Server:
      - Apache/2.4.6 (Red Hat Enterprise Linux)
      Vary:
      - X-Auth-Token,Accept-Encoding
      X-Openstack-Request-Id:
      - req-2567c3f1-97be-4091-89f8-845f99b77632
      Content-Length:
      - '4131'
      Connection:
      - close
      Content-Type:
      - application/json
    body:
      encoding: ASCII-8BIT
      string: '{"access": {"token": {"issued_at": "2019-11-14T14:54:41.546983", "expires":
        "2019-11-14T15:54:41Z", "id": "78c5f3b5d77a4998856752253bf30b4b", "tenant":
        {"description": "", "enabled": true, "id": "b458a5c25c3749758f4c0661940b3ba8",
        "name": "EmsRefreshSpec-Project-No-Admin-Role"}, "audit_ids": ["z6mIYSKHRSW858z3vV6RAA"]},
        "serviceCatalog": [{"endpoints": [{"adminURL": "http://10.8.99.233:8774/v2/b458a5c25c3749758f4c0661940b3ba8",
        "region": "RegionOne", "internalURL": "http://10.8.99.233:8774/v2/b458a5c25c3749758f4c0661940b3ba8",
        "id": "33f58c6950134a2381bb3668fae5a325", "publicURL": "http://10.8.99.233:8774/v2/b458a5c25c3749758f4c0661940b3ba8"}],
        "endpoints_links": [], "type": "compute", "name": "nova"}, {"endpoints": [{"adminURL":
        "http://10.8.99.233:9696", "region": "RegionOne", "internalURL": "http://10.8.99.233:9696",
        "id": "5b097055aff24a40aa4cd2d7317c9108", "publicURL": "http://10.8.99.233:9696"}],
        "endpoints_links": [], "type": "network", "name": "neutron"}, {"endpoints":
        [{"adminURL": "http://10.8.99.233:8776/v2/b458a5c25c3749758f4c0661940b3ba8",
        "region": "RegionOne", "internalURL": "http://10.8.99.233:8776/v2/b458a5c25c3749758f4c0661940b3ba8",
        "id": "13c4208d548d4bcdaedfe8296b6559ee", "publicURL": "http://10.8.99.233:8776/v2/b458a5c25c3749758f4c0661940b3ba8"}],
        "endpoints_links": [], "type": "volumev2", "name": "cinderv2"}, {"endpoints":
        [{"adminURL": "http://127.0.0.1:8774/v3", "region": "RegionOne", "internalURL":
        "http://127.0.0.1:8774/v3", "id": "3874f107e1a0461596883a12743dbcc0", "publicURL":
        "http://127.0.0.1:8774/v3"}], "endpoints_links": [], "type": "computev3",
        "name": "novav3"}, {"endpoints": [{"adminURL": "http://10.8.99.233:9292",
        "region": "RegionOne", "internalURL": "http://10.8.99.233:9292", "id": "75fcb24891654062ae1703e6b92f6018",
        "publicURL": "http://10.8.99.233:9292"}], "endpoints_links": [], "type": "image",
        "name": "glance"}, {"endpoints": [{"adminURL": "http://10.8.99.233:8777",
        "region": "RegionOne", "internalURL": "http://10.8.99.233:8777", "id": "2c972a2880d1453aad86104dcda88a55",
        "publicURL": "http://10.8.99.233:8777"}], "endpoints_links": [], "type": "metering",
        "name": "ceilometer"}, {"endpoints": [{"adminURL": "http://10.8.99.233:8776/v1/b458a5c25c3749758f4c0661940b3ba8",
        "region": "RegionOne", "internalURL": "http://10.8.99.233:8776/v1/b458a5c25c3749758f4c0661940b3ba8",
        "id": "410c753013fb430c9998f22f68c4cb18", "publicURL": "http://10.8.99.233:8776/v1/b458a5c25c3749758f4c0661940b3ba8"}],
        "endpoints_links": [], "type": "volume", "name": "cinder"}, {"endpoints":
        [{"adminURL": "http://10.8.99.233:8773/services/Admin", "region": "RegionOne",
        "internalURL": "http://10.8.99.233:8773/services/Cloud", "id": "2833b001aa814ddf9216479d379cdac1",
        "publicURL": "http://10.8.99.233:8773/services/Cloud"}], "endpoints_links":
        [], "type": "ec2", "name": "nova_ec2"}, {"endpoints": [{"adminURL": "http://10.8.99.233:8004/v1/b458a5c25c3749758f4c0661940b3ba8",
        "region": "RegionOne", "internalURL": "http://10.8.99.233:8004/v1/b458a5c25c3749758f4c0661940b3ba8",
        "id": "a29a931a5667478c8b3724506a286144", "publicURL": "http://10.8.99.233:8004/v1/b458a5c25c3749758f4c0661940b3ba8"}],
        "endpoints_links": [], "type": "orchestration", "name": "heat"}, {"endpoints":
        [{"adminURL": "http://10.8.99.233:8080", "region": "RegionOne", "internalURL":
        "http://10.8.99.233:8080/v1/AUTH_b458a5c25c3749758f4c0661940b3ba8", "id":
        "7a2262abf515414ea08b3beedc87e51e", "publicURL": "http://10.8.99.233:8080/v1/AUTH_b458a5c25c3749758f4c0661940b3ba8"}],
        "endpoints_links": [], "type": "object-store", "name": "swift"}, {"endpoints":
        [{"adminURL": "http://10.8.99.233:35357/v2.0", "region": "RegionOne", "internalURL":
        "http://10.8.99.233:5000/v2.0", "id": "5d1b7edf24e14ce29abaeee69e84e529",
        "publicURL": "http://10.8.99.233:5000/v2.0"}], "endpoints_links": [], "type":
        "identity", "name": "keystone"}], "user": {"username": "admin", "roles_links":
        [], "id": "80ea157498b44d08aa6d6f54b8a7c3e7", "roles": [{"name": "admin"},
        {"name": "heat_stack_owner"}], "name": "admin"}, "metadata": {"is_admin":
        0, "roles": ["bafabff3f3174e6ab41388bde984e1e5", "725d26e4ae494cc689c60f857e347267"]}}}'
    http_version: 
  recorded_at: Thu, 14 Nov 2019 14:54:41 GMT
- request:
    method: post
    uri: http://11.22.33.44:5000/v2.0/tokens
    body:
      encoding: UTF-8
      string: '{"auth":{"passwordCredentials":{"username":"admin","password":"password_2WpEraURh"},"tenantName":"EmsRefreshSpec-Project2"}}'
    headers:
      User-Agent:
      - fog-core/1.45.0
      Content-Type:
      - application/json
  response:
    status:
      code: 200
      message: OK
    headers:
      Date:
      - Thu, 14 Nov 2019 14:54:41 GMT
      Server:
      - Apache/2.4.6 (Red Hat Enterprise Linux)
      Vary:
      - X-Auth-Token,Accept-Encoding
      X-Openstack-Request-Id:
      - req-04f7ea1a-49eb-40e1-8b5a-f644b1dfde1f
      Content-Length:
      - '4118'
      Connection:
      - close
      Content-Type:
      - application/json
    body:
      encoding: ASCII-8BIT
      string: '{"access": {"token": {"issued_at": "2019-11-14T14:54:41.965537", "expires":
        "2019-11-14T15:54:41Z", "id": "ea3e9b5bfdbe4b7da5dded1ad44c06a2", "tenant":
        {"description": "", "enabled": true, "id": "e8f744b1fc6a487681d35fb275252608",
        "name": "EmsRefreshSpec-Project2"}, "audit_ids": ["CSC5E5VlTV6fbFJhaZPszQ"]},
        "serviceCatalog": [{"endpoints": [{"adminURL": "http://10.8.99.233:8774/v2/e8f744b1fc6a487681d35fb275252608",
        "region": "RegionOne", "internalURL": "http://10.8.99.233:8774/v2/e8f744b1fc6a487681d35fb275252608",
        "id": "33f58c6950134a2381bb3668fae5a325", "publicURL": "http://10.8.99.233:8774/v2/e8f744b1fc6a487681d35fb275252608"}],
        "endpoints_links": [], "type": "compute", "name": "nova"}, {"endpoints": [{"adminURL":
        "http://10.8.99.233:9696", "region": "RegionOne", "internalURL": "http://10.8.99.233:9696",
        "id": "5b097055aff24a40aa4cd2d7317c9108", "publicURL": "http://10.8.99.233:9696"}],
        "endpoints_links": [], "type": "network", "name": "neutron"}, {"endpoints":
        [{"adminURL": "http://10.8.99.233:8776/v2/e8f744b1fc6a487681d35fb275252608",
        "region": "RegionOne", "internalURL": "http://10.8.99.233:8776/v2/e8f744b1fc6a487681d35fb275252608",
        "id": "13c4208d548d4bcdaedfe8296b6559ee", "publicURL": "http://10.8.99.233:8776/v2/e8f744b1fc6a487681d35fb275252608"}],
        "endpoints_links": [], "type": "volumev2", "name": "cinderv2"}, {"endpoints":
        [{"adminURL": "http://127.0.0.1:8774/v3", "region": "RegionOne", "internalURL":
        "http://127.0.0.1:8774/v3", "id": "3874f107e1a0461596883a12743dbcc0", "publicURL":
        "http://127.0.0.1:8774/v3"}], "endpoints_links": [], "type": "computev3",
        "name": "novav3"}, {"endpoints": [{"adminURL": "http://10.8.99.233:9292",
        "region": "RegionOne", "internalURL": "http://10.8.99.233:9292", "id": "75fcb24891654062ae1703e6b92f6018",
        "publicURL": "http://10.8.99.233:9292"}], "endpoints_links": [], "type": "image",
        "name": "glance"}, {"endpoints": [{"adminURL": "http://10.8.99.233:8777",
        "region": "RegionOne", "internalURL": "http://10.8.99.233:8777", "id": "2c972a2880d1453aad86104dcda88a55",
        "publicURL": "http://10.8.99.233:8777"}], "endpoints_links": [], "type": "metering",
        "name": "ceilometer"}, {"endpoints": [{"adminURL": "http://10.8.99.233:8776/v1/e8f744b1fc6a487681d35fb275252608",
        "region": "RegionOne", "internalURL": "http://10.8.99.233:8776/v1/e8f744b1fc6a487681d35fb275252608",
        "id": "410c753013fb430c9998f22f68c4cb18", "publicURL": "http://10.8.99.233:8776/v1/e8f744b1fc6a487681d35fb275252608"}],
        "endpoints_links": [], "type": "volume", "name": "cinder"}, {"endpoints":
        [{"adminURL": "http://10.8.99.233:8773/services/Admin", "region": "RegionOne",
        "internalURL": "http://10.8.99.233:8773/services/Cloud", "id": "2833b001aa814ddf9216479d379cdac1",
        "publicURL": "http://10.8.99.233:8773/services/Cloud"}], "endpoints_links":
        [], "type": "ec2", "name": "nova_ec2"}, {"endpoints": [{"adminURL": "http://10.8.99.233:8004/v1/e8f744b1fc6a487681d35fb275252608",
        "region": "RegionOne", "internalURL": "http://10.8.99.233:8004/v1/e8f744b1fc6a487681d35fb275252608",
        "id": "a29a931a5667478c8b3724506a286144", "publicURL": "http://10.8.99.233:8004/v1/e8f744b1fc6a487681d35fb275252608"}],
        "endpoints_links": [], "type": "orchestration", "name": "heat"}, {"endpoints":
        [{"adminURL": "http://10.8.99.233:8080", "region": "RegionOne", "internalURL":
        "http://10.8.99.233:8080/v1/AUTH_e8f744b1fc6a487681d35fb275252608", "id":
        "7a2262abf515414ea08b3beedc87e51e", "publicURL": "http://10.8.99.233:8080/v1/AUTH_e8f744b1fc6a487681d35fb275252608"}],
        "endpoints_links": [], "type": "object-store", "name": "swift"}, {"endpoints":
        [{"adminURL": "http://10.8.99.233:35357/v2.0", "region": "RegionOne", "internalURL":
        "http://10.8.99.233:5000/v2.0", "id": "5d1b7edf24e14ce29abaeee69e84e529",
        "publicURL": "http://10.8.99.233:5000/v2.0"}], "endpoints_links": [], "type":
        "identity", "name": "keystone"}], "user": {"username": "admin", "roles_links":
        [], "id": "80ea157498b44d08aa6d6f54b8a7c3e7", "roles": [{"name": "admin"},
        {"name": "heat_stack_owner"}], "name": "admin"}, "metadata": {"is_admin":
        0, "roles": ["bafabff3f3174e6ab41388bde984e1e5", "725d26e4ae494cc689c60f857e347267"]}}}'
    http_version: 
  recorded_at: Thu, 14 Nov 2019 14:54:42 GMT
- request:
    method: get
    uri: http://10.8.99.233:9696/v2.0/subnets?limit=1000
    body:
      encoding: US-ASCII
      string: ''
    headers:
      User-Agent:
      - fog-core/1.45.0
      Content-Type:
      - application/json
      Accept:
      - application/json
      X-Auth-Token:
      - 539cbc99ae39411eb226f87bece838cf
  response:
    status:
      code: 200
      message: OK
    headers:
      Content-Type:
      - application/json; charset=UTF-8
      Content-Length:
      - '8299'
      X-Openstack-Request-Id:
      - req-84722b33-84e3-4773-8309-0c4b46c5dfea
      Date:
      - Thu, 14 Nov 2019 14:54:42 GMT
    body:
      encoding: ASCII-8BIT
      string: '{"subnets": [{"name": "EmsRefreshSpec-SubnetPublic", "enable_dhcp":
        false, "network_id": "20af6027-7aeb-432a-ab3b-d7217faa2f1c", "tenant_id":
        "69f8f7205ade4aa59084c32c83e60b5a", "dns_nameservers": [], "gateway_ip": "172.16.17.1",
        "ipv6_ra_mode": null, "allocation_pools": [{"start": "172.16.17.2", "end":
        "172.16.17.9"}, {"start": "172.16.17.11", "end": "172.16.17.19"}], "host_routes":
        [], "ip_version": 4, "ipv6_address_mode": null, "cidr": "172.16.17.0/24",
        "id": "33da95a6-bded-44d8-be36-6cc97f3d72bd", "subnetpool_id": null}, {"name":
        "EmsRefreshSpec-SubnetPublic_20", "enable_dhcp": false, "network_id": "8da920f8-705d-4777-a938-e081b01ad41c",
        "tenant_id": "69f8f7205ade4aa59084c32c83e60b5a", "dns_nameservers": [], "gateway_ip":
        "172.16.19.1", "ipv6_ra_mode": null, "allocation_pools": [{"start": "172.16.19.21",
        "end": "172.16.19.23"}], "host_routes": [], "ip_version": 4, "ipv6_address_mode":
        null, "cidr": "172.16.19.0/24", "id": "c68ac5c0-9d9e-438b-a10f-6d0faeee0790",
        "subnetpool_id": null}, {"name": "EmsRefreshSpec-IsolatedSubnetPrivate_2",
        "enable_dhcp": true, "network_id": "6ad8942f-11ef-4419-bdf5-9ba3561b6281",
        "tenant_id": "69f8f7205ade4aa59084c32c83e60b5a", "dns_nameservers": [], "gateway_ip":
        "192.168.50.1", "ipv6_ra_mode": null, "allocation_pools": [{"start": "192.168.50.4",
        "end": "192.168.50.4"}, {"start": "192.168.50.2", "end": "192.168.50.2"}],
        "host_routes": [], "ip_version": 4, "ipv6_address_mode": null, "cidr": "192.168.50.0/24",
        "id": "826fd5a9-7a7a-4c40-a9b1-bd69041bbad4", "subnetpool_id": null}, {"name":
        "EmsRefreshSpec-SubnetPrivate_20", "enable_dhcp": true, "network_id": "9e63fc1a-c0d4-4a1d-b91c-07e6c9c85076",
        "tenant_id": "69f8f7205ade4aa59084c32c83e60b5a", "dns_nameservers": [], "gateway_ip":
        "192.168.20.1", "ipv6_ra_mode": null, "allocation_pools": [{"start": "192.168.20.2",
        "end": "192.168.20.254"}], "host_routes": [], "ip_version": 4, "ipv6_address_mode":
        null, "cidr": "192.168.20.0/24", "id": "2092b802-1034-4fb8-9c5e-1ec61d1e463f",
        "subnetpool_id": null}, {"name": "EmsRefreshSpec-SubnetPrivate_2", "enable_dhcp":
        true, "network_id": "4fadcfb0-493b-4a00-a2a8-e357f8115d96", "tenant_id": "69f8f7205ade4aa59084c32c83e60b5a",
        "dns_nameservers": [], "gateway_ip": "192.168.2.1", "ipv6_ra_mode": null,
        "allocation_pools": [{"start": "192.168.2.2", "end": "192.168.2.254"}], "host_routes":
        [], "ip_version": 4, "ipv6_address_mode": null, "cidr": "192.168.2.0/24",
        "id": "bb23bb48-804d-4416-bac3-231db23841e8", "subnetpool_id": null}, {"name":
        "EmsRefreshSpec-SubnetPublic_51", "enable_dhcp": false, "network_id": "6b46d522-85a1-4ce2-a276-2fab7cde0946",
        "tenant_id": "69f8f7205ade4aa59084c32c83e60b5a", "dns_nameservers": [], "gateway_ip":
        "172.16.51.1", "ipv6_ra_mode": null, "allocation_pools": [{"start": "172.16.51.2",
        "end": "172.16.51.254"}], "host_routes": [], "ip_version": 4, "ipv6_address_mode":
        null, "cidr": "172.16.51.0/24", "id": "68682f0f-b0e4-4f6d-9f96-d1dfb6a6c2b2",
        "subnetpool_id": null}, {"name": "EmsRefreshSpec-SubnetPublic_10", "enable_dhcp":
        false, "network_id": "83e63648-5a43-4db0-907c-cf9ca0150336", "tenant_id":
        "69f8f7205ade4aa59084c32c83e60b5a", "dns_nameservers": [], "gateway_ip": "172.16.18.1",
        "ipv6_ra_mode": null, "allocation_pools": [{"start": "172.16.18.2", "end":
        "172.16.18.254"}], "host_routes": [], "ip_version": 4, "ipv6_address_mode":
        null, "cidr": "172.16.18.0/24", "id": "93c2f53c-df39-491e-b45b-ce8b36b29437",
        "subnetpool_id": null}, {"name": "EmsRefreshSpec-SubnetPublic_30", "enable_dhcp":
        false, "network_id": "64bf0546-b600-4bd7-a519-9353bde2e235", "tenant_id":
        "69f8f7205ade4aa59084c32c83e60b5a", "dns_nameservers": [], "gateway_ip": "172.16.20.1",
        "ipv6_ra_mode": null, "allocation_pools": [{"start": "172.16.20.2", "end":
        "172.16.20.254"}], "host_routes": [], "ip_version": 4, "ipv6_address_mode":
        null, "cidr": "172.16.20.0/24", "id": "4d8b0801-addf-4ad4-8f46-e5bffa6a1002",
        "subnetpool_id": null}, {"name": "EmsRefreshSpec-SubnetPrivate_31", "enable_dhcp":
        true, "network_id": "c82b70e9-0847-43e9-9bde-b98b1ae445e9", "tenant_id": "69f8f7205ade4aa59084c32c83e60b5a",
        "dns_nameservers": [], "gateway_ip": "192.168.31.1", "ipv6_ra_mode": null,
        "allocation_pools": [{"start": "192.168.31.2", "end": "192.168.31.254"}],
        "host_routes": [], "ip_version": 4, "ipv6_address_mode": null, "cidr": "192.168.31.0/24",
        "id": "841b5584-f86f-4abd-9bc2-f445b8bc860b", "subnetpool_id": null}, {"name":
        "EmsRefreshSpec-IsolatedSubnetPrivate_1", "enable_dhcp": true, "network_id":
        "560b4210-2b5a-4439-8d24-203e09478f48", "tenant_id": "69f8f7205ade4aa59084c32c83e60b5a",
        "dns_nameservers": [], "gateway_ip": "192.168.40.1", "ipv6_ra_mode": null,
        "allocation_pools": [{"start": "192.168.40.2", "end": "192.168.40.254"}],
        "host_routes": [], "ip_version": 4, "ipv6_address_mode": null, "cidr": "192.168.40.0/24",
        "id": "448a986a-19a9-4684-ab6e-25cbf19ae30d", "subnetpool_id": null}, {"name":
        "EmsRefreshSpec-IsolatedSubnetPrivate_21", "enable_dhcp": true, "network_id":
        "6ad8942f-11ef-4419-bdf5-9ba3561b6281", "tenant_id": "69f8f7205ade4aa59084c32c83e60b5a",
        "dns_nameservers": [], "gateway_ip": "192.168.51.1", "ipv6_ra_mode": null,
        "allocation_pools": [{"start": "192.168.51.2", "end": "192.168.51.254"}],
        "host_routes": [], "ip_version": 4, "ipv6_address_mode": null, "cidr": "192.168.51.0/24",
        "id": "edfcb49b-e917-4897-b8ae-859ef3dae2de", "subnetpool_id": null}, {"name":
        "EmsRefreshSpec-SubnetPrivate_3", "enable_dhcp": true, "network_id": "1c785619-a768-4788-b3b5-ac39ebc2cea1",
        "tenant_id": "69f8f7205ade4aa59084c32c83e60b5a", "dns_nameservers": [], "gateway_ip":
        "192.168.3.1", "ipv6_ra_mode": null, "allocation_pools": [{"start": "192.168.3.2",
        "end": "192.168.3.6"}, {"start": "192.168.3.8", "end": "192.168.3.10"}], "host_routes":
        [], "ip_version": 4, "ipv6_address_mode": null, "cidr": "192.168.3.0/24",
        "id": "82ca5926-43cb-4312-a23f-727d5c0f5bae", "subnetpool_id": null}, {"name":
        "EmsRefreshSpec-SubnetPrivate_30", "enable_dhcp": true, "network_id": "c82b70e9-0847-43e9-9bde-b98b1ae445e9",
        "tenant_id": "69f8f7205ade4aa59084c32c83e60b5a", "dns_nameservers": [], "gateway_ip":
        "192.168.30.1", "ipv6_ra_mode": null, "allocation_pools": [{"start": "192.168.30.2",
        "end": "192.168.30.254"}], "host_routes": [], "ip_version": 4, "ipv6_address_mode":
        null, "cidr": "192.168.30.0/24", "id": "39628ee0-d5ff-4a88-ae66-80442e5feefd",
        "subnetpool_id": null}, {"name": "EmsRefreshSpec-SubnetPublic_50", "enable_dhcp":
        false, "network_id": "6b46d522-85a1-4ce2-a276-2fab7cde0946", "tenant_id":
        "69f8f7205ade4aa59084c32c83e60b5a", "dns_nameservers": [], "gateway_ip": "172.16.50.1",
        "ipv6_ra_mode": null, "allocation_pools": [{"start": "172.16.50.2", "end":
        "172.16.50.254"}], "host_routes": [], "ip_version": 4, "ipv6_address_mode":
        null, "cidr": "172.16.50.0/24", "id": "d71653c5-34d2-47bd-9cd2-d93330a34d44",
        "subnetpool_id": null}, {"name": "EmsRefreshSpec-SubnetPublic_40", "enable_dhcp":
        false, "network_id": "68259081-a5ca-425f-9d9b-816eb62148a3", "tenant_id":
        "69f8f7205ade4aa59084c32c83e60b5a", "dns_nameservers": [], "gateway_ip": "172.16.21.1",
        "ipv6_ra_mode": null, "allocation_pools": [{"start": "172.16.21.2", "end":
        "172.16.21.254"}], "host_routes": [], "ip_version": 4, "ipv6_address_mode":
        null, "cidr": "172.16.21.0/24", "id": "d0065ae4-dffb-4dcc-9e44-a0b1166337f3",
        "subnetpool_id": null}, {"name": "EmsRefreshSpec-SubnetPrivate_12", "enable_dhcp":
        true, "network_id": "c0e8e42b-005e-4183-8f25-fa91b3e441c1", "tenant_id": "69f8f7205ade4aa59084c32c83e60b5a",
        "dns_nameservers": ["8.8.8.8"], "gateway_ip": "192.168.1.1", "ipv6_ra_mode":
        null, "allocation_pools": [{"start": "192.168.1.2", "end": "192.168.1.254"}],
        "host_routes": [], "ip_version": 4, "ipv6_address_mode": null, "cidr": "192.168.1.0/24",
        "id": "d53802a5-f0f6-48ba-9207-dbd9b13acac3", "subnetpool_id": null}, {"name":
        "EmsRefreshSpec-SubnetPrivate", "enable_dhcp": true, "network_id": "c0e8e42b-005e-4183-8f25-fa91b3e441c1",
        "tenant_id": "69f8f7205ade4aa59084c32c83e60b5a", "dns_nameservers": ["8.8.8.8"],
        "gateway_ip": "192.168.0.1", "ipv6_ra_mode": null, "allocation_pools": [{"start":
        "192.168.0.3", "end": "192.168.0.5"}, {"start": "192.168.0.8", "end": "192.168.0.8"}],
        "host_routes": [], "ip_version": 4, "ipv6_address_mode": null, "cidr": "192.168.0.0/24",
        "id": "104c081f-97dd-42b7-8930-98abbd015c74", "subnetpool_id": null}]}'
    http_version: 
  recorded_at: Thu, 14 Nov 2019 14:54:42 GMT
- request:
    method: get
    uri: http://10.8.99.233:9696/v2.0/subnets?limit=1000&marker=104c081f-97dd-42b7-8930-98abbd015c74
    body:
      encoding: US-ASCII
      string: ''
    headers:
      User-Agent:
      - fog-core/1.45.0
      Content-Type:
      - application/json
      Accept:
      - application/json
      X-Auth-Token:
      - 539cbc99ae39411eb226f87bece838cf
  response:
    status:
      code: 200
      message: OK
    headers:
      Content-Type:
      - application/json; charset=UTF-8
      Content-Length:
      - '8299'
      X-Openstack-Request-Id:
      - req-3bb5159f-76f8-4136-a665-7e3d4217ca15
      Date:
      - Thu, 14 Nov 2019 14:54:43 GMT
    body:
      encoding: ASCII-8BIT
      string: '{"subnets": [{"name": "EmsRefreshSpec-SubnetPublic", "enable_dhcp":
        false, "network_id": "20af6027-7aeb-432a-ab3b-d7217faa2f1c", "tenant_id":
        "69f8f7205ade4aa59084c32c83e60b5a", "dns_nameservers": [], "gateway_ip": "172.16.17.1",
        "ipv6_ra_mode": null, "allocation_pools": [{"start": "172.16.17.2", "end":
        "172.16.17.9"}, {"start": "172.16.17.11", "end": "172.16.17.19"}], "host_routes":
        [], "ip_version": 4, "ipv6_address_mode": null, "cidr": "172.16.17.0/24",
        "id": "33da95a6-bded-44d8-be36-6cc97f3d72bd", "subnetpool_id": null}, {"name":
        "EmsRefreshSpec-SubnetPublic_20", "enable_dhcp": false, "network_id": "8da920f8-705d-4777-a938-e081b01ad41c",
        "tenant_id": "69f8f7205ade4aa59084c32c83e60b5a", "dns_nameservers": [], "gateway_ip":
        "172.16.19.1", "ipv6_ra_mode": null, "allocation_pools": [{"start": "172.16.19.21",
        "end": "172.16.19.23"}], "host_routes": [], "ip_version": 4, "ipv6_address_mode":
        null, "cidr": "172.16.19.0/24", "id": "c68ac5c0-9d9e-438b-a10f-6d0faeee0790",
        "subnetpool_id": null}, {"name": "EmsRefreshSpec-IsolatedSubnetPrivate_2",
        "enable_dhcp": true, "network_id": "6ad8942f-11ef-4419-bdf5-9ba3561b6281",
        "tenant_id": "69f8f7205ade4aa59084c32c83e60b5a", "dns_nameservers": [], "gateway_ip":
        "192.168.50.1", "ipv6_ra_mode": null, "allocation_pools": [{"start": "192.168.50.4",
        "end": "192.168.50.4"}, {"start": "192.168.50.2", "end": "192.168.50.2"}],
        "host_routes": [], "ip_version": 4, "ipv6_address_mode": null, "cidr": "192.168.50.0/24",
        "id": "826fd5a9-7a7a-4c40-a9b1-bd69041bbad4", "subnetpool_id": null}, {"name":
        "EmsRefreshSpec-SubnetPrivate_20", "enable_dhcp": true, "network_id": "9e63fc1a-c0d4-4a1d-b91c-07e6c9c85076",
        "tenant_id": "69f8f7205ade4aa59084c32c83e60b5a", "dns_nameservers": [], "gateway_ip":
        "192.168.20.1", "ipv6_ra_mode": null, "allocation_pools": [{"start": "192.168.20.2",
        "end": "192.168.20.254"}], "host_routes": [], "ip_version": 4, "ipv6_address_mode":
        null, "cidr": "192.168.20.0/24", "id": "2092b802-1034-4fb8-9c5e-1ec61d1e463f",
        "subnetpool_id": null}, {"name": "EmsRefreshSpec-SubnetPrivate_2", "enable_dhcp":
        true, "network_id": "4fadcfb0-493b-4a00-a2a8-e357f8115d96", "tenant_id": "69f8f7205ade4aa59084c32c83e60b5a",
        "dns_nameservers": [], "gateway_ip": "192.168.2.1", "ipv6_ra_mode": null,
        "allocation_pools": [{"start": "192.168.2.2", "end": "192.168.2.254"}], "host_routes":
        [], "ip_version": 4, "ipv6_address_mode": null, "cidr": "192.168.2.0/24",
        "id": "bb23bb48-804d-4416-bac3-231db23841e8", "subnetpool_id": null}, {"name":
        "EmsRefreshSpec-SubnetPublic_51", "enable_dhcp": false, "network_id": "6b46d522-85a1-4ce2-a276-2fab7cde0946",
        "tenant_id": "69f8f7205ade4aa59084c32c83e60b5a", "dns_nameservers": [], "gateway_ip":
        "172.16.51.1", "ipv6_ra_mode": null, "allocation_pools": [{"start": "172.16.51.2",
        "end": "172.16.51.254"}], "host_routes": [], "ip_version": 4, "ipv6_address_mode":
        null, "cidr": "172.16.51.0/24", "id": "68682f0f-b0e4-4f6d-9f96-d1dfb6a6c2b2",
        "subnetpool_id": null}, {"name": "EmsRefreshSpec-SubnetPublic_10", "enable_dhcp":
        false, "network_id": "83e63648-5a43-4db0-907c-cf9ca0150336", "tenant_id":
        "69f8f7205ade4aa59084c32c83e60b5a", "dns_nameservers": [], "gateway_ip": "172.16.18.1",
        "ipv6_ra_mode": null, "allocation_pools": [{"start": "172.16.18.2", "end":
        "172.16.18.254"}], "host_routes": [], "ip_version": 4, "ipv6_address_mode":
        null, "cidr": "172.16.18.0/24", "id": "93c2f53c-df39-491e-b45b-ce8b36b29437",
        "subnetpool_id": null}, {"name": "EmsRefreshSpec-SubnetPublic_30", "enable_dhcp":
        false, "network_id": "64bf0546-b600-4bd7-a519-9353bde2e235", "tenant_id":
        "69f8f7205ade4aa59084c32c83e60b5a", "dns_nameservers": [], "gateway_ip": "172.16.20.1",
        "ipv6_ra_mode": null, "allocation_pools": [{"start": "172.16.20.2", "end":
        "172.16.20.254"}], "host_routes": [], "ip_version": 4, "ipv6_address_mode":
        null, "cidr": "172.16.20.0/24", "id": "4d8b0801-addf-4ad4-8f46-e5bffa6a1002",
        "subnetpool_id": null}, {"name": "EmsRefreshSpec-SubnetPrivate_31", "enable_dhcp":
        true, "network_id": "c82b70e9-0847-43e9-9bde-b98b1ae445e9", "tenant_id": "69f8f7205ade4aa59084c32c83e60b5a",
        "dns_nameservers": [], "gateway_ip": "192.168.31.1", "ipv6_ra_mode": null,
        "allocation_pools": [{"start": "192.168.31.2", "end": "192.168.31.254"}],
        "host_routes": [], "ip_version": 4, "ipv6_address_mode": null, "cidr": "192.168.31.0/24",
        "id": "841b5584-f86f-4abd-9bc2-f445b8bc860b", "subnetpool_id": null}, {"name":
        "EmsRefreshSpec-IsolatedSubnetPrivate_1", "enable_dhcp": true, "network_id":
        "560b4210-2b5a-4439-8d24-203e09478f48", "tenant_id": "69f8f7205ade4aa59084c32c83e60b5a",
        "dns_nameservers": [], "gateway_ip": "192.168.40.1", "ipv6_ra_mode": null,
        "allocation_pools": [{"start": "192.168.40.2", "end": "192.168.40.254"}],
        "host_routes": [], "ip_version": 4, "ipv6_address_mode": null, "cidr": "192.168.40.0/24",
        "id": "448a986a-19a9-4684-ab6e-25cbf19ae30d", "subnetpool_id": null}, {"name":
        "EmsRefreshSpec-IsolatedSubnetPrivate_21", "enable_dhcp": true, "network_id":
        "6ad8942f-11ef-4419-bdf5-9ba3561b6281", "tenant_id": "69f8f7205ade4aa59084c32c83e60b5a",
        "dns_nameservers": [], "gateway_ip": "192.168.51.1", "ipv6_ra_mode": null,
        "allocation_pools": [{"start": "192.168.51.2", "end": "192.168.51.254"}],
        "host_routes": [], "ip_version": 4, "ipv6_address_mode": null, "cidr": "192.168.51.0/24",
        "id": "edfcb49b-e917-4897-b8ae-859ef3dae2de", "subnetpool_id": null}, {"name":
        "EmsRefreshSpec-SubnetPrivate_3", "enable_dhcp": true, "network_id": "1c785619-a768-4788-b3b5-ac39ebc2cea1",
        "tenant_id": "69f8f7205ade4aa59084c32c83e60b5a", "dns_nameservers": [], "gateway_ip":
        "192.168.3.1", "ipv6_ra_mode": null, "allocation_pools": [{"start": "192.168.3.2",
        "end": "192.168.3.6"}, {"start": "192.168.3.8", "end": "192.168.3.10"}], "host_routes":
        [], "ip_version": 4, "ipv6_address_mode": null, "cidr": "192.168.3.0/24",
        "id": "82ca5926-43cb-4312-a23f-727d5c0f5bae", "subnetpool_id": null}, {"name":
        "EmsRefreshSpec-SubnetPrivate_30", "enable_dhcp": true, "network_id": "c82b70e9-0847-43e9-9bde-b98b1ae445e9",
        "tenant_id": "69f8f7205ade4aa59084c32c83e60b5a", "dns_nameservers": [], "gateway_ip":
        "192.168.30.1", "ipv6_ra_mode": null, "allocation_pools": [{"start": "192.168.30.2",
        "end": "192.168.30.254"}], "host_routes": [], "ip_version": 4, "ipv6_address_mode":
        null, "cidr": "192.168.30.0/24", "id": "39628ee0-d5ff-4a88-ae66-80442e5feefd",
        "subnetpool_id": null}, {"name": "EmsRefreshSpec-SubnetPublic_50", "enable_dhcp":
        false, "network_id": "6b46d522-85a1-4ce2-a276-2fab7cde0946", "tenant_id":
        "69f8f7205ade4aa59084c32c83e60b5a", "dns_nameservers": [], "gateway_ip": "172.16.50.1",
        "ipv6_ra_mode": null, "allocation_pools": [{"start": "172.16.50.2", "end":
        "172.16.50.254"}], "host_routes": [], "ip_version": 4, "ipv6_address_mode":
        null, "cidr": "172.16.50.0/24", "id": "d71653c5-34d2-47bd-9cd2-d93330a34d44",
        "subnetpool_id": null}, {"name": "EmsRefreshSpec-SubnetPublic_40", "enable_dhcp":
        false, "network_id": "68259081-a5ca-425f-9d9b-816eb62148a3", "tenant_id":
        "69f8f7205ade4aa59084c32c83e60b5a", "dns_nameservers": [], "gateway_ip": "172.16.21.1",
        "ipv6_ra_mode": null, "allocation_pools": [{"start": "172.16.21.2", "end":
        "172.16.21.254"}], "host_routes": [], "ip_version": 4, "ipv6_address_mode":
        null, "cidr": "172.16.21.0/24", "id": "d0065ae4-dffb-4dcc-9e44-a0b1166337f3",
        "subnetpool_id": null}, {"name": "EmsRefreshSpec-SubnetPrivate_12", "enable_dhcp":
        true, "network_id": "c0e8e42b-005e-4183-8f25-fa91b3e441c1", "tenant_id": "69f8f7205ade4aa59084c32c83e60b5a",
        "dns_nameservers": ["8.8.8.8"], "gateway_ip": "192.168.1.1", "ipv6_ra_mode":
        null, "allocation_pools": [{"start": "192.168.1.2", "end": "192.168.1.254"}],
        "host_routes": [], "ip_version": 4, "ipv6_address_mode": null, "cidr": "192.168.1.0/24",
        "id": "d53802a5-f0f6-48ba-9207-dbd9b13acac3", "subnetpool_id": null}, {"name":
        "EmsRefreshSpec-SubnetPrivate", "enable_dhcp": true, "network_id": "c0e8e42b-005e-4183-8f25-fa91b3e441c1",
        "tenant_id": "69f8f7205ade4aa59084c32c83e60b5a", "dns_nameservers": ["8.8.8.8"],
        "gateway_ip": "192.168.0.1", "ipv6_ra_mode": null, "allocation_pools": [{"start":
        "192.168.0.3", "end": "192.168.0.5"}, {"start": "192.168.0.8", "end": "192.168.0.8"}],
        "host_routes": [], "ip_version": 4, "ipv6_address_mode": null, "cidr": "192.168.0.0/24",
        "id": "104c081f-97dd-42b7-8930-98abbd015c74", "subnetpool_id": null}]}'
    http_version: 
  recorded_at: Thu, 14 Nov 2019 14:54:43 GMT
- request:
    method: get
    uri: http://10.8.99.233:9696/v2.0/subnets?limit=1000
    body:
      encoding: US-ASCII
      string: ''
    headers:
      User-Agent:
      - fog-core/1.45.0
      Content-Type:
      - application/json
      Accept:
      - application/json
      X-Auth-Token:
      - 78c5f3b5d77a4998856752253bf30b4b
  response:
    status:
      code: 200
      message: OK
    headers:
      Content-Type:
      - application/json; charset=UTF-8
      Content-Length:
      - '8299'
      X-Openstack-Request-Id:
      - req-b953129e-9b91-463d-aad5-a00418e5553e
      Date:
      - Thu, 14 Nov 2019 14:54:43 GMT
    body:
      encoding: ASCII-8BIT
      string: '{"subnets": [{"name": "EmsRefreshSpec-SubnetPublic", "enable_dhcp":
        false, "network_id": "20af6027-7aeb-432a-ab3b-d7217faa2f1c", "tenant_id":
        "69f8f7205ade4aa59084c32c83e60b5a", "dns_nameservers": [], "gateway_ip": "172.16.17.1",
        "ipv6_ra_mode": null, "allocation_pools": [{"start": "172.16.17.2", "end":
        "172.16.17.9"}, {"start": "172.16.17.11", "end": "172.16.17.19"}], "host_routes":
        [], "ip_version": 4, "ipv6_address_mode": null, "cidr": "172.16.17.0/24",
        "id": "33da95a6-bded-44d8-be36-6cc97f3d72bd", "subnetpool_id": null}, {"name":
        "EmsRefreshSpec-SubnetPublic_20", "enable_dhcp": false, "network_id": "8da920f8-705d-4777-a938-e081b01ad41c",
        "tenant_id": "69f8f7205ade4aa59084c32c83e60b5a", "dns_nameservers": [], "gateway_ip":
        "172.16.19.1", "ipv6_ra_mode": null, "allocation_pools": [{"start": "172.16.19.21",
        "end": "172.16.19.23"}], "host_routes": [], "ip_version": 4, "ipv6_address_mode":
        null, "cidr": "172.16.19.0/24", "id": "c68ac5c0-9d9e-438b-a10f-6d0faeee0790",
        "subnetpool_id": null}, {"name": "EmsRefreshSpec-IsolatedSubnetPrivate_2",
        "enable_dhcp": true, "network_id": "6ad8942f-11ef-4419-bdf5-9ba3561b6281",
        "tenant_id": "69f8f7205ade4aa59084c32c83e60b5a", "dns_nameservers": [], "gateway_ip":
        "192.168.50.1", "ipv6_ra_mode": null, "allocation_pools": [{"start": "192.168.50.4",
        "end": "192.168.50.4"}, {"start": "192.168.50.2", "end": "192.168.50.2"}],
        "host_routes": [], "ip_version": 4, "ipv6_address_mode": null, "cidr": "192.168.50.0/24",
        "id": "826fd5a9-7a7a-4c40-a9b1-bd69041bbad4", "subnetpool_id": null}, {"name":
        "EmsRefreshSpec-SubnetPrivate_20", "enable_dhcp": true, "network_id": "9e63fc1a-c0d4-4a1d-b91c-07e6c9c85076",
        "tenant_id": "69f8f7205ade4aa59084c32c83e60b5a", "dns_nameservers": [], "gateway_ip":
        "192.168.20.1", "ipv6_ra_mode": null, "allocation_pools": [{"start": "192.168.20.2",
        "end": "192.168.20.254"}], "host_routes": [], "ip_version": 4, "ipv6_address_mode":
        null, "cidr": "192.168.20.0/24", "id": "2092b802-1034-4fb8-9c5e-1ec61d1e463f",
        "subnetpool_id": null}, {"name": "EmsRefreshSpec-SubnetPrivate_2", "enable_dhcp":
        true, "network_id": "4fadcfb0-493b-4a00-a2a8-e357f8115d96", "tenant_id": "69f8f7205ade4aa59084c32c83e60b5a",
        "dns_nameservers": [], "gateway_ip": "192.168.2.1", "ipv6_ra_mode": null,
        "allocation_pools": [{"start": "192.168.2.2", "end": "192.168.2.254"}], "host_routes":
        [], "ip_version": 4, "ipv6_address_mode": null, "cidr": "192.168.2.0/24",
        "id": "bb23bb48-804d-4416-bac3-231db23841e8", "subnetpool_id": null}, {"name":
        "EmsRefreshSpec-SubnetPublic_51", "enable_dhcp": false, "network_id": "6b46d522-85a1-4ce2-a276-2fab7cde0946",
        "tenant_id": "69f8f7205ade4aa59084c32c83e60b5a", "dns_nameservers": [], "gateway_ip":
        "172.16.51.1", "ipv6_ra_mode": null, "allocation_pools": [{"start": "172.16.51.2",
        "end": "172.16.51.254"}], "host_routes": [], "ip_version": 4, "ipv6_address_mode":
        null, "cidr": "172.16.51.0/24", "id": "68682f0f-b0e4-4f6d-9f96-d1dfb6a6c2b2",
        "subnetpool_id": null}, {"name": "EmsRefreshSpec-SubnetPublic_10", "enable_dhcp":
        false, "network_id": "83e63648-5a43-4db0-907c-cf9ca0150336", "tenant_id":
        "69f8f7205ade4aa59084c32c83e60b5a", "dns_nameservers": [], "gateway_ip": "172.16.18.1",
        "ipv6_ra_mode": null, "allocation_pools": [{"start": "172.16.18.2", "end":
        "172.16.18.254"}], "host_routes": [], "ip_version": 4, "ipv6_address_mode":
        null, "cidr": "172.16.18.0/24", "id": "93c2f53c-df39-491e-b45b-ce8b36b29437",
        "subnetpool_id": null}, {"name": "EmsRefreshSpec-SubnetPublic_30", "enable_dhcp":
        false, "network_id": "64bf0546-b600-4bd7-a519-9353bde2e235", "tenant_id":
        "69f8f7205ade4aa59084c32c83e60b5a", "dns_nameservers": [], "gateway_ip": "172.16.20.1",
        "ipv6_ra_mode": null, "allocation_pools": [{"start": "172.16.20.2", "end":
        "172.16.20.254"}], "host_routes": [], "ip_version": 4, "ipv6_address_mode":
        null, "cidr": "172.16.20.0/24", "id": "4d8b0801-addf-4ad4-8f46-e5bffa6a1002",
        "subnetpool_id": null}, {"name": "EmsRefreshSpec-SubnetPrivate_31", "enable_dhcp":
        true, "network_id": "c82b70e9-0847-43e9-9bde-b98b1ae445e9", "tenant_id": "69f8f7205ade4aa59084c32c83e60b5a",
        "dns_nameservers": [], "gateway_ip": "192.168.31.1", "ipv6_ra_mode": null,
        "allocation_pools": [{"start": "192.168.31.2", "end": "192.168.31.254"}],
        "host_routes": [], "ip_version": 4, "ipv6_address_mode": null, "cidr": "192.168.31.0/24",
        "id": "841b5584-f86f-4abd-9bc2-f445b8bc860b", "subnetpool_id": null}, {"name":
        "EmsRefreshSpec-IsolatedSubnetPrivate_1", "enable_dhcp": true, "network_id":
        "560b4210-2b5a-4439-8d24-203e09478f48", "tenant_id": "69f8f7205ade4aa59084c32c83e60b5a",
        "dns_nameservers": [], "gateway_ip": "192.168.40.1", "ipv6_ra_mode": null,
        "allocation_pools": [{"start": "192.168.40.2", "end": "192.168.40.254"}],
        "host_routes": [], "ip_version": 4, "ipv6_address_mode": null, "cidr": "192.168.40.0/24",
        "id": "448a986a-19a9-4684-ab6e-25cbf19ae30d", "subnetpool_id": null}, {"name":
        "EmsRefreshSpec-IsolatedSubnetPrivate_21", "enable_dhcp": true, "network_id":
        "6ad8942f-11ef-4419-bdf5-9ba3561b6281", "tenant_id": "69f8f7205ade4aa59084c32c83e60b5a",
        "dns_nameservers": [], "gateway_ip": "192.168.51.1", "ipv6_ra_mode": null,
        "allocation_pools": [{"start": "192.168.51.2", "end": "192.168.51.254"}],
        "host_routes": [], "ip_version": 4, "ipv6_address_mode": null, "cidr": "192.168.51.0/24",
        "id": "edfcb49b-e917-4897-b8ae-859ef3dae2de", "subnetpool_id": null}, {"name":
        "EmsRefreshSpec-SubnetPrivate_3", "enable_dhcp": true, "network_id": "1c785619-a768-4788-b3b5-ac39ebc2cea1",
        "tenant_id": "69f8f7205ade4aa59084c32c83e60b5a", "dns_nameservers": [], "gateway_ip":
        "192.168.3.1", "ipv6_ra_mode": null, "allocation_pools": [{"start": "192.168.3.2",
        "end": "192.168.3.6"}, {"start": "192.168.3.8", "end": "192.168.3.10"}], "host_routes":
        [], "ip_version": 4, "ipv6_address_mode": null, "cidr": "192.168.3.0/24",
        "id": "82ca5926-43cb-4312-a23f-727d5c0f5bae", "subnetpool_id": null}, {"name":
        "EmsRefreshSpec-SubnetPrivate_30", "enable_dhcp": true, "network_id": "c82b70e9-0847-43e9-9bde-b98b1ae445e9",
        "tenant_id": "69f8f7205ade4aa59084c32c83e60b5a", "dns_nameservers": [], "gateway_ip":
        "192.168.30.1", "ipv6_ra_mode": null, "allocation_pools": [{"start": "192.168.30.2",
        "end": "192.168.30.254"}], "host_routes": [], "ip_version": 4, "ipv6_address_mode":
        null, "cidr": "192.168.30.0/24", "id": "39628ee0-d5ff-4a88-ae66-80442e5feefd",
        "subnetpool_id": null}, {"name": "EmsRefreshSpec-SubnetPublic_50", "enable_dhcp":
        false, "network_id": "6b46d522-85a1-4ce2-a276-2fab7cde0946", "tenant_id":
        "69f8f7205ade4aa59084c32c83e60b5a", "dns_nameservers": [], "gateway_ip": "172.16.50.1",
        "ipv6_ra_mode": null, "allocation_pools": [{"start": "172.16.50.2", "end":
        "172.16.50.254"}], "host_routes": [], "ip_version": 4, "ipv6_address_mode":
        null, "cidr": "172.16.50.0/24", "id": "d71653c5-34d2-47bd-9cd2-d93330a34d44",
        "subnetpool_id": null}, {"name": "EmsRefreshSpec-SubnetPublic_40", "enable_dhcp":
        false, "network_id": "68259081-a5ca-425f-9d9b-816eb62148a3", "tenant_id":
        "69f8f7205ade4aa59084c32c83e60b5a", "dns_nameservers": [], "gateway_ip": "172.16.21.1",
        "ipv6_ra_mode": null, "allocation_pools": [{"start": "172.16.21.2", "end":
        "172.16.21.254"}], "host_routes": [], "ip_version": 4, "ipv6_address_mode":
        null, "cidr": "172.16.21.0/24", "id": "d0065ae4-dffb-4dcc-9e44-a0b1166337f3",
        "subnetpool_id": null}, {"name": "EmsRefreshSpec-SubnetPrivate_12", "enable_dhcp":
        true, "network_id": "c0e8e42b-005e-4183-8f25-fa91b3e441c1", "tenant_id": "69f8f7205ade4aa59084c32c83e60b5a",
        "dns_nameservers": ["8.8.8.8"], "gateway_ip": "192.168.1.1", "ipv6_ra_mode":
        null, "allocation_pools": [{"start": "192.168.1.2", "end": "192.168.1.254"}],
        "host_routes": [], "ip_version": 4, "ipv6_address_mode": null, "cidr": "192.168.1.0/24",
        "id": "d53802a5-f0f6-48ba-9207-dbd9b13acac3", "subnetpool_id": null}, {"name":
        "EmsRefreshSpec-SubnetPrivate", "enable_dhcp": true, "network_id": "c0e8e42b-005e-4183-8f25-fa91b3e441c1",
        "tenant_id": "69f8f7205ade4aa59084c32c83e60b5a", "dns_nameservers": ["8.8.8.8"],
        "gateway_ip": "192.168.0.1", "ipv6_ra_mode": null, "allocation_pools": [{"start":
        "192.168.0.3", "end": "192.168.0.5"}, {"start": "192.168.0.8", "end": "192.168.0.8"}],
        "host_routes": [], "ip_version": 4, "ipv6_address_mode": null, "cidr": "192.168.0.0/24",
        "id": "104c081f-97dd-42b7-8930-98abbd015c74", "subnetpool_id": null}]}'
    http_version: 
  recorded_at: Thu, 14 Nov 2019 14:54:44 GMT
- request:
    method: get
    uri: http://10.8.99.233:9696/v2.0/subnets?limit=1000&marker=104c081f-97dd-42b7-8930-98abbd015c74
    body:
      encoding: US-ASCII
      string: ''
    headers:
      User-Agent:
      - fog-core/1.45.0
      Content-Type:
      - application/json
      Accept:
      - application/json
      X-Auth-Token:
      - 78c5f3b5d77a4998856752253bf30b4b
  response:
    status:
      code: 200
      message: OK
    headers:
      Content-Type:
      - application/json; charset=UTF-8
      Content-Length:
      - '8299'
      X-Openstack-Request-Id:
      - req-816a5dd0-a2b8-4dcf-ac2d-a110002814d0
      Date:
      - Thu, 14 Nov 2019 14:54:44 GMT
    body:
      encoding: ASCII-8BIT
      string: '{"subnets": [{"name": "EmsRefreshSpec-SubnetPublic", "enable_dhcp":
        false, "network_id": "20af6027-7aeb-432a-ab3b-d7217faa2f1c", "tenant_id":
        "69f8f7205ade4aa59084c32c83e60b5a", "dns_nameservers": [], "gateway_ip": "172.16.17.1",
        "ipv6_ra_mode": null, "allocation_pools": [{"start": "172.16.17.2", "end":
        "172.16.17.9"}, {"start": "172.16.17.11", "end": "172.16.17.19"}], "host_routes":
        [], "ip_version": 4, "ipv6_address_mode": null, "cidr": "172.16.17.0/24",
        "id": "33da95a6-bded-44d8-be36-6cc97f3d72bd", "subnetpool_id": null}, {"name":
        "EmsRefreshSpec-SubnetPublic_20", "enable_dhcp": false, "network_id": "8da920f8-705d-4777-a938-e081b01ad41c",
        "tenant_id": "69f8f7205ade4aa59084c32c83e60b5a", "dns_nameservers": [], "gateway_ip":
        "172.16.19.1", "ipv6_ra_mode": null, "allocation_pools": [{"start": "172.16.19.21",
        "end": "172.16.19.23"}], "host_routes": [], "ip_version": 4, "ipv6_address_mode":
        null, "cidr": "172.16.19.0/24", "id": "c68ac5c0-9d9e-438b-a10f-6d0faeee0790",
        "subnetpool_id": null}, {"name": "EmsRefreshSpec-IsolatedSubnetPrivate_2",
        "enable_dhcp": true, "network_id": "6ad8942f-11ef-4419-bdf5-9ba3561b6281",
        "tenant_id": "69f8f7205ade4aa59084c32c83e60b5a", "dns_nameservers": [], "gateway_ip":
        "192.168.50.1", "ipv6_ra_mode": null, "allocation_pools": [{"start": "192.168.50.4",
        "end": "192.168.50.4"}, {"start": "192.168.50.2", "end": "192.168.50.2"}],
        "host_routes": [], "ip_version": 4, "ipv6_address_mode": null, "cidr": "192.168.50.0/24",
        "id": "826fd5a9-7a7a-4c40-a9b1-bd69041bbad4", "subnetpool_id": null}, {"name":
        "EmsRefreshSpec-SubnetPrivate_20", "enable_dhcp": true, "network_id": "9e63fc1a-c0d4-4a1d-b91c-07e6c9c85076",
        "tenant_id": "69f8f7205ade4aa59084c32c83e60b5a", "dns_nameservers": [], "gateway_ip":
        "192.168.20.1", "ipv6_ra_mode": null, "allocation_pools": [{"start": "192.168.20.2",
        "end": "192.168.20.254"}], "host_routes": [], "ip_version": 4, "ipv6_address_mode":
        null, "cidr": "192.168.20.0/24", "id": "2092b802-1034-4fb8-9c5e-1ec61d1e463f",
        "subnetpool_id": null}, {"name": "EmsRefreshSpec-SubnetPrivate_2", "enable_dhcp":
        true, "network_id": "4fadcfb0-493b-4a00-a2a8-e357f8115d96", "tenant_id": "69f8f7205ade4aa59084c32c83e60b5a",
        "dns_nameservers": [], "gateway_ip": "192.168.2.1", "ipv6_ra_mode": null,
        "allocation_pools": [{"start": "192.168.2.2", "end": "192.168.2.254"}], "host_routes":
        [], "ip_version": 4, "ipv6_address_mode": null, "cidr": "192.168.2.0/24",
        "id": "bb23bb48-804d-4416-bac3-231db23841e8", "subnetpool_id": null}, {"name":
        "EmsRefreshSpec-SubnetPublic_51", "enable_dhcp": false, "network_id": "6b46d522-85a1-4ce2-a276-2fab7cde0946",
        "tenant_id": "69f8f7205ade4aa59084c32c83e60b5a", "dns_nameservers": [], "gateway_ip":
        "172.16.51.1", "ipv6_ra_mode": null, "allocation_pools": [{"start": "172.16.51.2",
        "end": "172.16.51.254"}], "host_routes": [], "ip_version": 4, "ipv6_address_mode":
        null, "cidr": "172.16.51.0/24", "id": "68682f0f-b0e4-4f6d-9f96-d1dfb6a6c2b2",
        "subnetpool_id": null}, {"name": "EmsRefreshSpec-SubnetPublic_10", "enable_dhcp":
        false, "network_id": "83e63648-5a43-4db0-907c-cf9ca0150336", "tenant_id":
        "69f8f7205ade4aa59084c32c83e60b5a", "dns_nameservers": [], "gateway_ip": "172.16.18.1",
        "ipv6_ra_mode": null, "allocation_pools": [{"start": "172.16.18.2", "end":
        "172.16.18.254"}], "host_routes": [], "ip_version": 4, "ipv6_address_mode":
        null, "cidr": "172.16.18.0/24", "id": "93c2f53c-df39-491e-b45b-ce8b36b29437",
        "subnetpool_id": null}, {"name": "EmsRefreshSpec-SubnetPublic_30", "enable_dhcp":
        false, "network_id": "64bf0546-b600-4bd7-a519-9353bde2e235", "tenant_id":
        "69f8f7205ade4aa59084c32c83e60b5a", "dns_nameservers": [], "gateway_ip": "172.16.20.1",
        "ipv6_ra_mode": null, "allocation_pools": [{"start": "172.16.20.2", "end":
        "172.16.20.254"}], "host_routes": [], "ip_version": 4, "ipv6_address_mode":
        null, "cidr": "172.16.20.0/24", "id": "4d8b0801-addf-4ad4-8f46-e5bffa6a1002",
        "subnetpool_id": null}, {"name": "EmsRefreshSpec-SubnetPrivate_31", "enable_dhcp":
        true, "network_id": "c82b70e9-0847-43e9-9bde-b98b1ae445e9", "tenant_id": "69f8f7205ade4aa59084c32c83e60b5a",
        "dns_nameservers": [], "gateway_ip": "192.168.31.1", "ipv6_ra_mode": null,
        "allocation_pools": [{"start": "192.168.31.2", "end": "192.168.31.254"}],
        "host_routes": [], "ip_version": 4, "ipv6_address_mode": null, "cidr": "192.168.31.0/24",
        "id": "841b5584-f86f-4abd-9bc2-f445b8bc860b", "subnetpool_id": null}, {"name":
        "EmsRefreshSpec-IsolatedSubnetPrivate_1", "enable_dhcp": true, "network_id":
        "560b4210-2b5a-4439-8d24-203e09478f48", "tenant_id": "69f8f7205ade4aa59084c32c83e60b5a",
        "dns_nameservers": [], "gateway_ip": "192.168.40.1", "ipv6_ra_mode": null,
        "allocation_pools": [{"start": "192.168.40.2", "end": "192.168.40.254"}],
        "host_routes": [], "ip_version": 4, "ipv6_address_mode": null, "cidr": "192.168.40.0/24",
        "id": "448a986a-19a9-4684-ab6e-25cbf19ae30d", "subnetpool_id": null}, {"name":
        "EmsRefreshSpec-IsolatedSubnetPrivate_21", "enable_dhcp": true, "network_id":
        "6ad8942f-11ef-4419-bdf5-9ba3561b6281", "tenant_id": "69f8f7205ade4aa59084c32c83e60b5a",
        "dns_nameservers": [], "gateway_ip": "192.168.51.1", "ipv6_ra_mode": null,
        "allocation_pools": [{"start": "192.168.51.2", "end": "192.168.51.254"}],
        "host_routes": [], "ip_version": 4, "ipv6_address_mode": null, "cidr": "192.168.51.0/24",
        "id": "edfcb49b-e917-4897-b8ae-859ef3dae2de", "subnetpool_id": null}, {"name":
        "EmsRefreshSpec-SubnetPrivate_3", "enable_dhcp": true, "network_id": "1c785619-a768-4788-b3b5-ac39ebc2cea1",
        "tenant_id": "69f8f7205ade4aa59084c32c83e60b5a", "dns_nameservers": [], "gateway_ip":
        "192.168.3.1", "ipv6_ra_mode": null, "allocation_pools": [{"start": "192.168.3.2",
        "end": "192.168.3.6"}, {"start": "192.168.3.8", "end": "192.168.3.10"}], "host_routes":
        [], "ip_version": 4, "ipv6_address_mode": null, "cidr": "192.168.3.0/24",
        "id": "82ca5926-43cb-4312-a23f-727d5c0f5bae", "subnetpool_id": null}, {"name":
        "EmsRefreshSpec-SubnetPrivate_30", "enable_dhcp": true, "network_id": "c82b70e9-0847-43e9-9bde-b98b1ae445e9",
        "tenant_id": "69f8f7205ade4aa59084c32c83e60b5a", "dns_nameservers": [], "gateway_ip":
        "192.168.30.1", "ipv6_ra_mode": null, "allocation_pools": [{"start": "192.168.30.2",
        "end": "192.168.30.254"}], "host_routes": [], "ip_version": 4, "ipv6_address_mode":
        null, "cidr": "192.168.30.0/24", "id": "39628ee0-d5ff-4a88-ae66-80442e5feefd",
        "subnetpool_id": null}, {"name": "EmsRefreshSpec-SubnetPublic_50", "enable_dhcp":
        false, "network_id": "6b46d522-85a1-4ce2-a276-2fab7cde0946", "tenant_id":
        "69f8f7205ade4aa59084c32c83e60b5a", "dns_nameservers": [], "gateway_ip": "172.16.50.1",
        "ipv6_ra_mode": null, "allocation_pools": [{"start": "172.16.50.2", "end":
        "172.16.50.254"}], "host_routes": [], "ip_version": 4, "ipv6_address_mode":
        null, "cidr": "172.16.50.0/24", "id": "d71653c5-34d2-47bd-9cd2-d93330a34d44",
        "subnetpool_id": null}, {"name": "EmsRefreshSpec-SubnetPublic_40", "enable_dhcp":
        false, "network_id": "68259081-a5ca-425f-9d9b-816eb62148a3", "tenant_id":
        "69f8f7205ade4aa59084c32c83e60b5a", "dns_nameservers": [], "gateway_ip": "172.16.21.1",
        "ipv6_ra_mode": null, "allocation_pools": [{"start": "172.16.21.2", "end":
        "172.16.21.254"}], "host_routes": [], "ip_version": 4, "ipv6_address_mode":
        null, "cidr": "172.16.21.0/24", "id": "d0065ae4-dffb-4dcc-9e44-a0b1166337f3",
        "subnetpool_id": null}, {"name": "EmsRefreshSpec-SubnetPrivate_12", "enable_dhcp":
        true, "network_id": "c0e8e42b-005e-4183-8f25-fa91b3e441c1", "tenant_id": "69f8f7205ade4aa59084c32c83e60b5a",
        "dns_nameservers": ["8.8.8.8"], "gateway_ip": "192.168.1.1", "ipv6_ra_mode":
        null, "allocation_pools": [{"start": "192.168.1.2", "end": "192.168.1.254"}],
        "host_routes": [], "ip_version": 4, "ipv6_address_mode": null, "cidr": "192.168.1.0/24",
        "id": "d53802a5-f0f6-48ba-9207-dbd9b13acac3", "subnetpool_id": null}, {"name":
        "EmsRefreshSpec-SubnetPrivate", "enable_dhcp": true, "network_id": "c0e8e42b-005e-4183-8f25-fa91b3e441c1",
        "tenant_id": "69f8f7205ade4aa59084c32c83e60b5a", "dns_nameservers": ["8.8.8.8"],
        "gateway_ip": "192.168.0.1", "ipv6_ra_mode": null, "allocation_pools": [{"start":
        "192.168.0.3", "end": "192.168.0.5"}, {"start": "192.168.0.8", "end": "192.168.0.8"}],
        "host_routes": [], "ip_version": 4, "ipv6_address_mode": null, "cidr": "192.168.0.0/24",
        "id": "104c081f-97dd-42b7-8930-98abbd015c74", "subnetpool_id": null}]}'
    http_version: 
  recorded_at: Thu, 14 Nov 2019 14:54:44 GMT
- request:
    method: get
    uri: http://10.8.99.233:9696/v2.0/subnets?limit=1000
    body:
      encoding: US-ASCII
      string: ''
    headers:
      User-Agent:
      - fog-core/1.45.0
      Content-Type:
      - application/json
      Accept:
      - application/json
      X-Auth-Token:
      - 1a1ce130c29b4bc294dae40e6da4de30
  response:
    status:
      code: 200
      message: OK
    headers:
      Content-Type:
      - application/json; charset=UTF-8
      Content-Length:
      - '8299'
      X-Openstack-Request-Id:
      - req-ae51eda6-c318-4dc4-aed6-a8ee4f1075d4
      Date:
      - Thu, 14 Nov 2019 14:54:45 GMT
    body:
      encoding: ASCII-8BIT
      string: '{"subnets": [{"name": "EmsRefreshSpec-SubnetPublic", "enable_dhcp":
        false, "network_id": "20af6027-7aeb-432a-ab3b-d7217faa2f1c", "tenant_id":
        "69f8f7205ade4aa59084c32c83e60b5a", "dns_nameservers": [], "gateway_ip": "172.16.17.1",
        "ipv6_ra_mode": null, "allocation_pools": [{"start": "172.16.17.2", "end":
        "172.16.17.9"}, {"start": "172.16.17.11", "end": "172.16.17.19"}], "host_routes":
        [], "ip_version": 4, "ipv6_address_mode": null, "cidr": "172.16.17.0/24",
        "id": "33da95a6-bded-44d8-be36-6cc97f3d72bd", "subnetpool_id": null}, {"name":
        "EmsRefreshSpec-SubnetPublic_20", "enable_dhcp": false, "network_id": "8da920f8-705d-4777-a938-e081b01ad41c",
        "tenant_id": "69f8f7205ade4aa59084c32c83e60b5a", "dns_nameservers": [], "gateway_ip":
        "172.16.19.1", "ipv6_ra_mode": null, "allocation_pools": [{"start": "172.16.19.21",
        "end": "172.16.19.23"}], "host_routes": [], "ip_version": 4, "ipv6_address_mode":
        null, "cidr": "172.16.19.0/24", "id": "c68ac5c0-9d9e-438b-a10f-6d0faeee0790",
        "subnetpool_id": null}, {"name": "EmsRefreshSpec-IsolatedSubnetPrivate_2",
        "enable_dhcp": true, "network_id": "6ad8942f-11ef-4419-bdf5-9ba3561b6281",
        "tenant_id": "69f8f7205ade4aa59084c32c83e60b5a", "dns_nameservers": [], "gateway_ip":
        "192.168.50.1", "ipv6_ra_mode": null, "allocation_pools": [{"start": "192.168.50.4",
        "end": "192.168.50.4"}, {"start": "192.168.50.2", "end": "192.168.50.2"}],
        "host_routes": [], "ip_version": 4, "ipv6_address_mode": null, "cidr": "192.168.50.0/24",
        "id": "826fd5a9-7a7a-4c40-a9b1-bd69041bbad4", "subnetpool_id": null}, {"name":
        "EmsRefreshSpec-SubnetPrivate_20", "enable_dhcp": true, "network_id": "9e63fc1a-c0d4-4a1d-b91c-07e6c9c85076",
        "tenant_id": "69f8f7205ade4aa59084c32c83e60b5a", "dns_nameservers": [], "gateway_ip":
        "192.168.20.1", "ipv6_ra_mode": null, "allocation_pools": [{"start": "192.168.20.2",
        "end": "192.168.20.254"}], "host_routes": [], "ip_version": 4, "ipv6_address_mode":
        null, "cidr": "192.168.20.0/24", "id": "2092b802-1034-4fb8-9c5e-1ec61d1e463f",
        "subnetpool_id": null}, {"name": "EmsRefreshSpec-SubnetPrivate_2", "enable_dhcp":
        true, "network_id": "4fadcfb0-493b-4a00-a2a8-e357f8115d96", "tenant_id": "69f8f7205ade4aa59084c32c83e60b5a",
        "dns_nameservers": [], "gateway_ip": "192.168.2.1", "ipv6_ra_mode": null,
        "allocation_pools": [{"start": "192.168.2.2", "end": "192.168.2.254"}], "host_routes":
        [], "ip_version": 4, "ipv6_address_mode": null, "cidr": "192.168.2.0/24",
        "id": "bb23bb48-804d-4416-bac3-231db23841e8", "subnetpool_id": null}, {"name":
        "EmsRefreshSpec-SubnetPublic_51", "enable_dhcp": false, "network_id": "6b46d522-85a1-4ce2-a276-2fab7cde0946",
        "tenant_id": "69f8f7205ade4aa59084c32c83e60b5a", "dns_nameservers": [], "gateway_ip":
        "172.16.51.1", "ipv6_ra_mode": null, "allocation_pools": [{"start": "172.16.51.2",
        "end": "172.16.51.254"}], "host_routes": [], "ip_version": 4, "ipv6_address_mode":
        null, "cidr": "172.16.51.0/24", "id": "68682f0f-b0e4-4f6d-9f96-d1dfb6a6c2b2",
        "subnetpool_id": null}, {"name": "EmsRefreshSpec-SubnetPublic_10", "enable_dhcp":
        false, "network_id": "83e63648-5a43-4db0-907c-cf9ca0150336", "tenant_id":
        "69f8f7205ade4aa59084c32c83e60b5a", "dns_nameservers": [], "gateway_ip": "172.16.18.1",
        "ipv6_ra_mode": null, "allocation_pools": [{"start": "172.16.18.2", "end":
        "172.16.18.254"}], "host_routes": [], "ip_version": 4, "ipv6_address_mode":
        null, "cidr": "172.16.18.0/24", "id": "93c2f53c-df39-491e-b45b-ce8b36b29437",
        "subnetpool_id": null}, {"name": "EmsRefreshSpec-SubnetPublic_30", "enable_dhcp":
        false, "network_id": "64bf0546-b600-4bd7-a519-9353bde2e235", "tenant_id":
        "69f8f7205ade4aa59084c32c83e60b5a", "dns_nameservers": [], "gateway_ip": "172.16.20.1",
        "ipv6_ra_mode": null, "allocation_pools": [{"start": "172.16.20.2", "end":
        "172.16.20.254"}], "host_routes": [], "ip_version": 4, "ipv6_address_mode":
        null, "cidr": "172.16.20.0/24", "id": "4d8b0801-addf-4ad4-8f46-e5bffa6a1002",
        "subnetpool_id": null}, {"name": "EmsRefreshSpec-SubnetPrivate_31", "enable_dhcp":
        true, "network_id": "c82b70e9-0847-43e9-9bde-b98b1ae445e9", "tenant_id": "69f8f7205ade4aa59084c32c83e60b5a",
        "dns_nameservers": [], "gateway_ip": "192.168.31.1", "ipv6_ra_mode": null,
        "allocation_pools": [{"start": "192.168.31.2", "end": "192.168.31.254"}],
        "host_routes": [], "ip_version": 4, "ipv6_address_mode": null, "cidr": "192.168.31.0/24",
        "id": "841b5584-f86f-4abd-9bc2-f445b8bc860b", "subnetpool_id": null}, {"name":
        "EmsRefreshSpec-IsolatedSubnetPrivate_1", "enable_dhcp": true, "network_id":
        "560b4210-2b5a-4439-8d24-203e09478f48", "tenant_id": "69f8f7205ade4aa59084c32c83e60b5a",
        "dns_nameservers": [], "gateway_ip": "192.168.40.1", "ipv6_ra_mode": null,
        "allocation_pools": [{"start": "192.168.40.2", "end": "192.168.40.254"}],
        "host_routes": [], "ip_version": 4, "ipv6_address_mode": null, "cidr": "192.168.40.0/24",
        "id": "448a986a-19a9-4684-ab6e-25cbf19ae30d", "subnetpool_id": null}, {"name":
        "EmsRefreshSpec-IsolatedSubnetPrivate_21", "enable_dhcp": true, "network_id":
        "6ad8942f-11ef-4419-bdf5-9ba3561b6281", "tenant_id": "69f8f7205ade4aa59084c32c83e60b5a",
        "dns_nameservers": [], "gateway_ip": "192.168.51.1", "ipv6_ra_mode": null,
        "allocation_pools": [{"start": "192.168.51.2", "end": "192.168.51.254"}],
        "host_routes": [], "ip_version": 4, "ipv6_address_mode": null, "cidr": "192.168.51.0/24",
        "id": "edfcb49b-e917-4897-b8ae-859ef3dae2de", "subnetpool_id": null}, {"name":
        "EmsRefreshSpec-SubnetPrivate_3", "enable_dhcp": true, "network_id": "1c785619-a768-4788-b3b5-ac39ebc2cea1",
        "tenant_id": "69f8f7205ade4aa59084c32c83e60b5a", "dns_nameservers": [], "gateway_ip":
        "192.168.3.1", "ipv6_ra_mode": null, "allocation_pools": [{"start": "192.168.3.2",
        "end": "192.168.3.6"}, {"start": "192.168.3.8", "end": "192.168.3.10"}], "host_routes":
        [], "ip_version": 4, "ipv6_address_mode": null, "cidr": "192.168.3.0/24",
        "id": "82ca5926-43cb-4312-a23f-727d5c0f5bae", "subnetpool_id": null}, {"name":
        "EmsRefreshSpec-SubnetPrivate_30", "enable_dhcp": true, "network_id": "c82b70e9-0847-43e9-9bde-b98b1ae445e9",
        "tenant_id": "69f8f7205ade4aa59084c32c83e60b5a", "dns_nameservers": [], "gateway_ip":
        "192.168.30.1", "ipv6_ra_mode": null, "allocation_pools": [{"start": "192.168.30.2",
        "end": "192.168.30.254"}], "host_routes": [], "ip_version": 4, "ipv6_address_mode":
        null, "cidr": "192.168.30.0/24", "id": "39628ee0-d5ff-4a88-ae66-80442e5feefd",
        "subnetpool_id": null}, {"name": "EmsRefreshSpec-SubnetPublic_50", "enable_dhcp":
        false, "network_id": "6b46d522-85a1-4ce2-a276-2fab7cde0946", "tenant_id":
        "69f8f7205ade4aa59084c32c83e60b5a", "dns_nameservers": [], "gateway_ip": "172.16.50.1",
        "ipv6_ra_mode": null, "allocation_pools": [{"start": "172.16.50.2", "end":
        "172.16.50.254"}], "host_routes": [], "ip_version": 4, "ipv6_address_mode":
        null, "cidr": "172.16.50.0/24", "id": "d71653c5-34d2-47bd-9cd2-d93330a34d44",
        "subnetpool_id": null}, {"name": "EmsRefreshSpec-SubnetPublic_40", "enable_dhcp":
        false, "network_id": "68259081-a5ca-425f-9d9b-816eb62148a3", "tenant_id":
        "69f8f7205ade4aa59084c32c83e60b5a", "dns_nameservers": [], "gateway_ip": "172.16.21.1",
        "ipv6_ra_mode": null, "allocation_pools": [{"start": "172.16.21.2", "end":
        "172.16.21.254"}], "host_routes": [], "ip_version": 4, "ipv6_address_mode":
        null, "cidr": "172.16.21.0/24", "id": "d0065ae4-dffb-4dcc-9e44-a0b1166337f3",
        "subnetpool_id": null}, {"name": "EmsRefreshSpec-SubnetPrivate_12", "enable_dhcp":
        true, "network_id": "c0e8e42b-005e-4183-8f25-fa91b3e441c1", "tenant_id": "69f8f7205ade4aa59084c32c83e60b5a",
        "dns_nameservers": ["8.8.8.8"], "gateway_ip": "192.168.1.1", "ipv6_ra_mode":
        null, "allocation_pools": [{"start": "192.168.1.2", "end": "192.168.1.254"}],
        "host_routes": [], "ip_version": 4, "ipv6_address_mode": null, "cidr": "192.168.1.0/24",
        "id": "d53802a5-f0f6-48ba-9207-dbd9b13acac3", "subnetpool_id": null}, {"name":
        "EmsRefreshSpec-SubnetPrivate", "enable_dhcp": true, "network_id": "c0e8e42b-005e-4183-8f25-fa91b3e441c1",
        "tenant_id": "69f8f7205ade4aa59084c32c83e60b5a", "dns_nameservers": ["8.8.8.8"],
        "gateway_ip": "192.168.0.1", "ipv6_ra_mode": null, "allocation_pools": [{"start":
        "192.168.0.3", "end": "192.168.0.5"}, {"start": "192.168.0.8", "end": "192.168.0.8"}],
        "host_routes": [], "ip_version": 4, "ipv6_address_mode": null, "cidr": "192.168.0.0/24",
        "id": "104c081f-97dd-42b7-8930-98abbd015c74", "subnetpool_id": null}]}'
    http_version: 
  recorded_at: Thu, 14 Nov 2019 14:54:45 GMT
- request:
    method: get
    uri: http://10.8.99.233:9696/v2.0/subnets?limit=1000&marker=104c081f-97dd-42b7-8930-98abbd015c74
    body:
      encoding: US-ASCII
      string: ''
    headers:
      User-Agent:
      - fog-core/1.45.0
      Content-Type:
      - application/json
      Accept:
      - application/json
      X-Auth-Token:
      - 1a1ce130c29b4bc294dae40e6da4de30
  response:
    status:
      code: 200
      message: OK
    headers:
      Content-Type:
      - application/json; charset=UTF-8
      Content-Length:
      - '8299'
      X-Openstack-Request-Id:
      - req-28fec10d-05ca-4d69-ab81-a89433772b57
      Date:
      - Thu, 14 Nov 2019 14:54:45 GMT
    body:
      encoding: ASCII-8BIT
      string: '{"subnets": [{"name": "EmsRefreshSpec-SubnetPublic", "enable_dhcp":
        false, "network_id": "20af6027-7aeb-432a-ab3b-d7217faa2f1c", "tenant_id":
        "69f8f7205ade4aa59084c32c83e60b5a", "dns_nameservers": [], "gateway_ip": "172.16.17.1",
        "ipv6_ra_mode": null, "allocation_pools": [{"start": "172.16.17.2", "end":
        "172.16.17.9"}, {"start": "172.16.17.11", "end": "172.16.17.19"}], "host_routes":
        [], "ip_version": 4, "ipv6_address_mode": null, "cidr": "172.16.17.0/24",
        "id": "33da95a6-bded-44d8-be36-6cc97f3d72bd", "subnetpool_id": null}, {"name":
        "EmsRefreshSpec-SubnetPublic_20", "enable_dhcp": false, "network_id": "8da920f8-705d-4777-a938-e081b01ad41c",
        "tenant_id": "69f8f7205ade4aa59084c32c83e60b5a", "dns_nameservers": [], "gateway_ip":
        "172.16.19.1", "ipv6_ra_mode": null, "allocation_pools": [{"start": "172.16.19.21",
        "end": "172.16.19.23"}], "host_routes": [], "ip_version": 4, "ipv6_address_mode":
        null, "cidr": "172.16.19.0/24", "id": "c68ac5c0-9d9e-438b-a10f-6d0faeee0790",
        "subnetpool_id": null}, {"name": "EmsRefreshSpec-IsolatedSubnetPrivate_2",
        "enable_dhcp": true, "network_id": "6ad8942f-11ef-4419-bdf5-9ba3561b6281",
        "tenant_id": "69f8f7205ade4aa59084c32c83e60b5a", "dns_nameservers": [], "gateway_ip":
        "192.168.50.1", "ipv6_ra_mode": null, "allocation_pools": [{"start": "192.168.50.4",
        "end": "192.168.50.4"}, {"start": "192.168.50.2", "end": "192.168.50.2"}],
        "host_routes": [], "ip_version": 4, "ipv6_address_mode": null, "cidr": "192.168.50.0/24",
        "id": "826fd5a9-7a7a-4c40-a9b1-bd69041bbad4", "subnetpool_id": null}, {"name":
        "EmsRefreshSpec-SubnetPrivate_20", "enable_dhcp": true, "network_id": "9e63fc1a-c0d4-4a1d-b91c-07e6c9c85076",
        "tenant_id": "69f8f7205ade4aa59084c32c83e60b5a", "dns_nameservers": [], "gateway_ip":
        "192.168.20.1", "ipv6_ra_mode": null, "allocation_pools": [{"start": "192.168.20.2",
        "end": "192.168.20.254"}], "host_routes": [], "ip_version": 4, "ipv6_address_mode":
        null, "cidr": "192.168.20.0/24", "id": "2092b802-1034-4fb8-9c5e-1ec61d1e463f",
        "subnetpool_id": null}, {"name": "EmsRefreshSpec-SubnetPrivate_2", "enable_dhcp":
        true, "network_id": "4fadcfb0-493b-4a00-a2a8-e357f8115d96", "tenant_id": "69f8f7205ade4aa59084c32c83e60b5a",
        "dns_nameservers": [], "gateway_ip": "192.168.2.1", "ipv6_ra_mode": null,
        "allocation_pools": [{"start": "192.168.2.2", "end": "192.168.2.254"}], "host_routes":
        [], "ip_version": 4, "ipv6_address_mode": null, "cidr": "192.168.2.0/24",
        "id": "bb23bb48-804d-4416-bac3-231db23841e8", "subnetpool_id": null}, {"name":
        "EmsRefreshSpec-SubnetPublic_51", "enable_dhcp": false, "network_id": "6b46d522-85a1-4ce2-a276-2fab7cde0946",
        "tenant_id": "69f8f7205ade4aa59084c32c83e60b5a", "dns_nameservers": [], "gateway_ip":
        "172.16.51.1", "ipv6_ra_mode": null, "allocation_pools": [{"start": "172.16.51.2",
        "end": "172.16.51.254"}], "host_routes": [], "ip_version": 4, "ipv6_address_mode":
        null, "cidr": "172.16.51.0/24", "id": "68682f0f-b0e4-4f6d-9f96-d1dfb6a6c2b2",
        "subnetpool_id": null}, {"name": "EmsRefreshSpec-SubnetPublic_10", "enable_dhcp":
        false, "network_id": "83e63648-5a43-4db0-907c-cf9ca0150336", "tenant_id":
        "69f8f7205ade4aa59084c32c83e60b5a", "dns_nameservers": [], "gateway_ip": "172.16.18.1",
        "ipv6_ra_mode": null, "allocation_pools": [{"start": "172.16.18.2", "end":
        "172.16.18.254"}], "host_routes": [], "ip_version": 4, "ipv6_address_mode":
        null, "cidr": "172.16.18.0/24", "id": "93c2f53c-df39-491e-b45b-ce8b36b29437",
        "subnetpool_id": null}, {"name": "EmsRefreshSpec-SubnetPublic_30", "enable_dhcp":
        false, "network_id": "64bf0546-b600-4bd7-a519-9353bde2e235", "tenant_id":
        "69f8f7205ade4aa59084c32c83e60b5a", "dns_nameservers": [], "gateway_ip": "172.16.20.1",
        "ipv6_ra_mode": null, "allocation_pools": [{"start": "172.16.20.2", "end":
        "172.16.20.254"}], "host_routes": [], "ip_version": 4, "ipv6_address_mode":
        null, "cidr": "172.16.20.0/24", "id": "4d8b0801-addf-4ad4-8f46-e5bffa6a1002",
        "subnetpool_id": null}, {"name": "EmsRefreshSpec-SubnetPrivate_31", "enable_dhcp":
        true, "network_id": "c82b70e9-0847-43e9-9bde-b98b1ae445e9", "tenant_id": "69f8f7205ade4aa59084c32c83e60b5a",
        "dns_nameservers": [], "gateway_ip": "192.168.31.1", "ipv6_ra_mode": null,
        "allocation_pools": [{"start": "192.168.31.2", "end": "192.168.31.254"}],
        "host_routes": [], "ip_version": 4, "ipv6_address_mode": null, "cidr": "192.168.31.0/24",
        "id": "841b5584-f86f-4abd-9bc2-f445b8bc860b", "subnetpool_id": null}, {"name":
        "EmsRefreshSpec-IsolatedSubnetPrivate_1", "enable_dhcp": true, "network_id":
        "560b4210-2b5a-4439-8d24-203e09478f48", "tenant_id": "69f8f7205ade4aa59084c32c83e60b5a",
        "dns_nameservers": [], "gateway_ip": "192.168.40.1", "ipv6_ra_mode": null,
        "allocation_pools": [{"start": "192.168.40.2", "end": "192.168.40.254"}],
        "host_routes": [], "ip_version": 4, "ipv6_address_mode": null, "cidr": "192.168.40.0/24",
        "id": "448a986a-19a9-4684-ab6e-25cbf19ae30d", "subnetpool_id": null}, {"name":
        "EmsRefreshSpec-IsolatedSubnetPrivate_21", "enable_dhcp": true, "network_id":
        "6ad8942f-11ef-4419-bdf5-9ba3561b6281", "tenant_id": "69f8f7205ade4aa59084c32c83e60b5a",
        "dns_nameservers": [], "gateway_ip": "192.168.51.1", "ipv6_ra_mode": null,
        "allocation_pools": [{"start": "192.168.51.2", "end": "192.168.51.254"}],
        "host_routes": [], "ip_version": 4, "ipv6_address_mode": null, "cidr": "192.168.51.0/24",
        "id": "edfcb49b-e917-4897-b8ae-859ef3dae2de", "subnetpool_id": null}, {"name":
        "EmsRefreshSpec-SubnetPrivate_3", "enable_dhcp": true, "network_id": "1c785619-a768-4788-b3b5-ac39ebc2cea1",
        "tenant_id": "69f8f7205ade4aa59084c32c83e60b5a", "dns_nameservers": [], "gateway_ip":
        "192.168.3.1", "ipv6_ra_mode": null, "allocation_pools": [{"start": "192.168.3.2",
        "end": "192.168.3.6"}, {"start": "192.168.3.8", "end": "192.168.3.10"}], "host_routes":
        [], "ip_version": 4, "ipv6_address_mode": null, "cidr": "192.168.3.0/24",
        "id": "82ca5926-43cb-4312-a23f-727d5c0f5bae", "subnetpool_id": null}, {"name":
        "EmsRefreshSpec-SubnetPrivate_30", "enable_dhcp": true, "network_id": "c82b70e9-0847-43e9-9bde-b98b1ae445e9",
        "tenant_id": "69f8f7205ade4aa59084c32c83e60b5a", "dns_nameservers": [], "gateway_ip":
        "192.168.30.1", "ipv6_ra_mode": null, "allocation_pools": [{"start": "192.168.30.2",
        "end": "192.168.30.254"}], "host_routes": [], "ip_version": 4, "ipv6_address_mode":
        null, "cidr": "192.168.30.0/24", "id": "39628ee0-d5ff-4a88-ae66-80442e5feefd",
        "subnetpool_id": null}, {"name": "EmsRefreshSpec-SubnetPublic_50", "enable_dhcp":
        false, "network_id": "6b46d522-85a1-4ce2-a276-2fab7cde0946", "tenant_id":
        "69f8f7205ade4aa59084c32c83e60b5a", "dns_nameservers": [], "gateway_ip": "172.16.50.1",
        "ipv6_ra_mode": null, "allocation_pools": [{"start": "172.16.50.2", "end":
        "172.16.50.254"}], "host_routes": [], "ip_version": 4, "ipv6_address_mode":
        null, "cidr": "172.16.50.0/24", "id": "d71653c5-34d2-47bd-9cd2-d93330a34d44",
        "subnetpool_id": null}, {"name": "EmsRefreshSpec-SubnetPublic_40", "enable_dhcp":
        false, "network_id": "68259081-a5ca-425f-9d9b-816eb62148a3", "tenant_id":
        "69f8f7205ade4aa59084c32c83e60b5a", "dns_nameservers": [], "gateway_ip": "172.16.21.1",
        "ipv6_ra_mode": null, "allocation_pools": [{"start": "172.16.21.2", "end":
        "172.16.21.254"}], "host_routes": [], "ip_version": 4, "ipv6_address_mode":
        null, "cidr": "172.16.21.0/24", "id": "d0065ae4-dffb-4dcc-9e44-a0b1166337f3",
        "subnetpool_id": null}, {"name": "EmsRefreshSpec-SubnetPrivate_12", "enable_dhcp":
        true, "network_id": "c0e8e42b-005e-4183-8f25-fa91b3e441c1", "tenant_id": "69f8f7205ade4aa59084c32c83e60b5a",
        "dns_nameservers": ["8.8.8.8"], "gateway_ip": "192.168.1.1", "ipv6_ra_mode":
        null, "allocation_pools": [{"start": "192.168.1.2", "end": "192.168.1.254"}],
        "host_routes": [], "ip_version": 4, "ipv6_address_mode": null, "cidr": "192.168.1.0/24",
        "id": "d53802a5-f0f6-48ba-9207-dbd9b13acac3", "subnetpool_id": null}, {"name":
        "EmsRefreshSpec-SubnetPrivate", "enable_dhcp": true, "network_id": "c0e8e42b-005e-4183-8f25-fa91b3e441c1",
        "tenant_id": "69f8f7205ade4aa59084c32c83e60b5a", "dns_nameservers": ["8.8.8.8"],
        "gateway_ip": "192.168.0.1", "ipv6_ra_mode": null, "allocation_pools": [{"start":
        "192.168.0.3", "end": "192.168.0.5"}, {"start": "192.168.0.8", "end": "192.168.0.8"}],
        "host_routes": [], "ip_version": 4, "ipv6_address_mode": null, "cidr": "192.168.0.0/24",
        "id": "104c081f-97dd-42b7-8930-98abbd015c74", "subnetpool_id": null}]}'
    http_version: 
  recorded_at: Thu, 14 Nov 2019 14:54:45 GMT
- request:
    method: get
    uri: http://10.8.99.233:9696/v2.0/subnets?limit=1000
    body:
      encoding: US-ASCII
      string: ''
    headers:
      User-Agent:
      - fog-core/1.45.0
      Content-Type:
      - application/json
      Accept:
      - application/json
      X-Auth-Token:
      - ea3e9b5bfdbe4b7da5dded1ad44c06a2
  response:
    status:
      code: 200
      message: OK
    headers:
      Content-Type:
      - application/json; charset=UTF-8
      Content-Length:
      - '8299'
      X-Openstack-Request-Id:
      - req-fd6cb336-7e0d-4a3e-8f2c-5399abd86c86
      Date:
      - Thu, 14 Nov 2019 14:54:46 GMT
    body:
      encoding: ASCII-8BIT
      string: '{"subnets": [{"name": "EmsRefreshSpec-SubnetPublic", "enable_dhcp":
        false, "network_id": "20af6027-7aeb-432a-ab3b-d7217faa2f1c", "tenant_id":
        "69f8f7205ade4aa59084c32c83e60b5a", "dns_nameservers": [], "gateway_ip": "172.16.17.1",
        "ipv6_ra_mode": null, "allocation_pools": [{"start": "172.16.17.2", "end":
        "172.16.17.9"}, {"start": "172.16.17.11", "end": "172.16.17.19"}], "host_routes":
        [], "ip_version": 4, "ipv6_address_mode": null, "cidr": "172.16.17.0/24",
        "id": "33da95a6-bded-44d8-be36-6cc97f3d72bd", "subnetpool_id": null}, {"name":
        "EmsRefreshSpec-SubnetPublic_20", "enable_dhcp": false, "network_id": "8da920f8-705d-4777-a938-e081b01ad41c",
        "tenant_id": "69f8f7205ade4aa59084c32c83e60b5a", "dns_nameservers": [], "gateway_ip":
        "172.16.19.1", "ipv6_ra_mode": null, "allocation_pools": [{"start": "172.16.19.21",
        "end": "172.16.19.23"}], "host_routes": [], "ip_version": 4, "ipv6_address_mode":
        null, "cidr": "172.16.19.0/24", "id": "c68ac5c0-9d9e-438b-a10f-6d0faeee0790",
        "subnetpool_id": null}, {"name": "EmsRefreshSpec-IsolatedSubnetPrivate_2",
        "enable_dhcp": true, "network_id": "6ad8942f-11ef-4419-bdf5-9ba3561b6281",
        "tenant_id": "69f8f7205ade4aa59084c32c83e60b5a", "dns_nameservers": [], "gateway_ip":
        "192.168.50.1", "ipv6_ra_mode": null, "allocation_pools": [{"start": "192.168.50.4",
        "end": "192.168.50.4"}, {"start": "192.168.50.2", "end": "192.168.50.2"}],
        "host_routes": [], "ip_version": 4, "ipv6_address_mode": null, "cidr": "192.168.50.0/24",
        "id": "826fd5a9-7a7a-4c40-a9b1-bd69041bbad4", "subnetpool_id": null}, {"name":
        "EmsRefreshSpec-SubnetPrivate_20", "enable_dhcp": true, "network_id": "9e63fc1a-c0d4-4a1d-b91c-07e6c9c85076",
        "tenant_id": "69f8f7205ade4aa59084c32c83e60b5a", "dns_nameservers": [], "gateway_ip":
        "192.168.20.1", "ipv6_ra_mode": null, "allocation_pools": [{"start": "192.168.20.2",
        "end": "192.168.20.254"}], "host_routes": [], "ip_version": 4, "ipv6_address_mode":
        null, "cidr": "192.168.20.0/24", "id": "2092b802-1034-4fb8-9c5e-1ec61d1e463f",
        "subnetpool_id": null}, {"name": "EmsRefreshSpec-SubnetPrivate_2", "enable_dhcp":
        true, "network_id": "4fadcfb0-493b-4a00-a2a8-e357f8115d96", "tenant_id": "69f8f7205ade4aa59084c32c83e60b5a",
        "dns_nameservers": [], "gateway_ip": "192.168.2.1", "ipv6_ra_mode": null,
        "allocation_pools": [{"start": "192.168.2.2", "end": "192.168.2.254"}], "host_routes":
        [], "ip_version": 4, "ipv6_address_mode": null, "cidr": "192.168.2.0/24",
        "id": "bb23bb48-804d-4416-bac3-231db23841e8", "subnetpool_id": null}, {"name":
        "EmsRefreshSpec-SubnetPublic_51", "enable_dhcp": false, "network_id": "6b46d522-85a1-4ce2-a276-2fab7cde0946",
        "tenant_id": "69f8f7205ade4aa59084c32c83e60b5a", "dns_nameservers": [], "gateway_ip":
        "172.16.51.1", "ipv6_ra_mode": null, "allocation_pools": [{"start": "172.16.51.2",
        "end": "172.16.51.254"}], "host_routes": [], "ip_version": 4, "ipv6_address_mode":
        null, "cidr": "172.16.51.0/24", "id": "68682f0f-b0e4-4f6d-9f96-d1dfb6a6c2b2",
        "subnetpool_id": null}, {"name": "EmsRefreshSpec-SubnetPublic_10", "enable_dhcp":
        false, "network_id": "83e63648-5a43-4db0-907c-cf9ca0150336", "tenant_id":
        "69f8f7205ade4aa59084c32c83e60b5a", "dns_nameservers": [], "gateway_ip": "172.16.18.1",
        "ipv6_ra_mode": null, "allocation_pools": [{"start": "172.16.18.2", "end":
        "172.16.18.254"}], "host_routes": [], "ip_version": 4, "ipv6_address_mode":
        null, "cidr": "172.16.18.0/24", "id": "93c2f53c-df39-491e-b45b-ce8b36b29437",
        "subnetpool_id": null}, {"name": "EmsRefreshSpec-SubnetPublic_30", "enable_dhcp":
        false, "network_id": "64bf0546-b600-4bd7-a519-9353bde2e235", "tenant_id":
        "69f8f7205ade4aa59084c32c83e60b5a", "dns_nameservers": [], "gateway_ip": "172.16.20.1",
        "ipv6_ra_mode": null, "allocation_pools": [{"start": "172.16.20.2", "end":
        "172.16.20.254"}], "host_routes": [], "ip_version": 4, "ipv6_address_mode":
        null, "cidr": "172.16.20.0/24", "id": "4d8b0801-addf-4ad4-8f46-e5bffa6a1002",
        "subnetpool_id": null}, {"name": "EmsRefreshSpec-SubnetPrivate_31", "enable_dhcp":
        true, "network_id": "c82b70e9-0847-43e9-9bde-b98b1ae445e9", "tenant_id": "69f8f7205ade4aa59084c32c83e60b5a",
        "dns_nameservers": [], "gateway_ip": "192.168.31.1", "ipv6_ra_mode": null,
        "allocation_pools": [{"start": "192.168.31.2", "end": "192.168.31.254"}],
        "host_routes": [], "ip_version": 4, "ipv6_address_mode": null, "cidr": "192.168.31.0/24",
        "id": "841b5584-f86f-4abd-9bc2-f445b8bc860b", "subnetpool_id": null}, {"name":
        "EmsRefreshSpec-IsolatedSubnetPrivate_1", "enable_dhcp": true, "network_id":
        "560b4210-2b5a-4439-8d24-203e09478f48", "tenant_id": "69f8f7205ade4aa59084c32c83e60b5a",
        "dns_nameservers": [], "gateway_ip": "192.168.40.1", "ipv6_ra_mode": null,
        "allocation_pools": [{"start": "192.168.40.2", "end": "192.168.40.254"}],
        "host_routes": [], "ip_version": 4, "ipv6_address_mode": null, "cidr": "192.168.40.0/24",
        "id": "448a986a-19a9-4684-ab6e-25cbf19ae30d", "subnetpool_id": null}, {"name":
        "EmsRefreshSpec-IsolatedSubnetPrivate_21", "enable_dhcp": true, "network_id":
        "6ad8942f-11ef-4419-bdf5-9ba3561b6281", "tenant_id": "69f8f7205ade4aa59084c32c83e60b5a",
        "dns_nameservers": [], "gateway_ip": "192.168.51.1", "ipv6_ra_mode": null,
        "allocation_pools": [{"start": "192.168.51.2", "end": "192.168.51.254"}],
        "host_routes": [], "ip_version": 4, "ipv6_address_mode": null, "cidr": "192.168.51.0/24",
        "id": "edfcb49b-e917-4897-b8ae-859ef3dae2de", "subnetpool_id": null}, {"name":
        "EmsRefreshSpec-SubnetPrivate_3", "enable_dhcp": true, "network_id": "1c785619-a768-4788-b3b5-ac39ebc2cea1",
        "tenant_id": "69f8f7205ade4aa59084c32c83e60b5a", "dns_nameservers": [], "gateway_ip":
        "192.168.3.1", "ipv6_ra_mode": null, "allocation_pools": [{"start": "192.168.3.2",
        "end": "192.168.3.6"}, {"start": "192.168.3.8", "end": "192.168.3.10"}], "host_routes":
        [], "ip_version": 4, "ipv6_address_mode": null, "cidr": "192.168.3.0/24",
        "id": "82ca5926-43cb-4312-a23f-727d5c0f5bae", "subnetpool_id": null}, {"name":
        "EmsRefreshSpec-SubnetPrivate_30", "enable_dhcp": true, "network_id": "c82b70e9-0847-43e9-9bde-b98b1ae445e9",
        "tenant_id": "69f8f7205ade4aa59084c32c83e60b5a", "dns_nameservers": [], "gateway_ip":
        "192.168.30.1", "ipv6_ra_mode": null, "allocation_pools": [{"start": "192.168.30.2",
        "end": "192.168.30.254"}], "host_routes": [], "ip_version": 4, "ipv6_address_mode":
        null, "cidr": "192.168.30.0/24", "id": "39628ee0-d5ff-4a88-ae66-80442e5feefd",
        "subnetpool_id": null}, {"name": "EmsRefreshSpec-SubnetPublic_50", "enable_dhcp":
        false, "network_id": "6b46d522-85a1-4ce2-a276-2fab7cde0946", "tenant_id":
        "69f8f7205ade4aa59084c32c83e60b5a", "dns_nameservers": [], "gateway_ip": "172.16.50.1",
        "ipv6_ra_mode": null, "allocation_pools": [{"start": "172.16.50.2", "end":
        "172.16.50.254"}], "host_routes": [], "ip_version": 4, "ipv6_address_mode":
        null, "cidr": "172.16.50.0/24", "id": "d71653c5-34d2-47bd-9cd2-d93330a34d44",
        "subnetpool_id": null}, {"name": "EmsRefreshSpec-SubnetPublic_40", "enable_dhcp":
        false, "network_id": "68259081-a5ca-425f-9d9b-816eb62148a3", "tenant_id":
        "69f8f7205ade4aa59084c32c83e60b5a", "dns_nameservers": [], "gateway_ip": "172.16.21.1",
        "ipv6_ra_mode": null, "allocation_pools": [{"start": "172.16.21.2", "end":
        "172.16.21.254"}], "host_routes": [], "ip_version": 4, "ipv6_address_mode":
        null, "cidr": "172.16.21.0/24", "id": "d0065ae4-dffb-4dcc-9e44-a0b1166337f3",
        "subnetpool_id": null}, {"name": "EmsRefreshSpec-SubnetPrivate_12", "enable_dhcp":
        true, "network_id": "c0e8e42b-005e-4183-8f25-fa91b3e441c1", "tenant_id": "69f8f7205ade4aa59084c32c83e60b5a",
        "dns_nameservers": ["8.8.8.8"], "gateway_ip": "192.168.1.1", "ipv6_ra_mode":
        null, "allocation_pools": [{"start": "192.168.1.2", "end": "192.168.1.254"}],
        "host_routes": [], "ip_version": 4, "ipv6_address_mode": null, "cidr": "192.168.1.0/24",
        "id": "d53802a5-f0f6-48ba-9207-dbd9b13acac3", "subnetpool_id": null}, {"name":
        "EmsRefreshSpec-SubnetPrivate", "enable_dhcp": true, "network_id": "c0e8e42b-005e-4183-8f25-fa91b3e441c1",
        "tenant_id": "69f8f7205ade4aa59084c32c83e60b5a", "dns_nameservers": ["8.8.8.8"],
        "gateway_ip": "192.168.0.1", "ipv6_ra_mode": null, "allocation_pools": [{"start":
        "192.168.0.3", "end": "192.168.0.5"}, {"start": "192.168.0.8", "end": "192.168.0.8"}],
        "host_routes": [], "ip_version": 4, "ipv6_address_mode": null, "cidr": "192.168.0.0/24",
        "id": "104c081f-97dd-42b7-8930-98abbd015c74", "subnetpool_id": null}]}'
    http_version: 
  recorded_at: Thu, 14 Nov 2019 14:54:46 GMT
- request:
    method: get
    uri: http://10.8.99.233:9696/v2.0/subnets?limit=1000&marker=104c081f-97dd-42b7-8930-98abbd015c74
    body:
      encoding: US-ASCII
      string: ''
    headers:
      User-Agent:
      - fog-core/1.45.0
      Content-Type:
      - application/json
      Accept:
      - application/json
      X-Auth-Token:
      - ea3e9b5bfdbe4b7da5dded1ad44c06a2
  response:
    status:
      code: 200
      message: OK
    headers:
      Content-Type:
      - application/json; charset=UTF-8
      Content-Length:
      - '8299'
      X-Openstack-Request-Id:
      - req-b4a6beae-43c3-4bb9-b823-c4475dfc7c69
      Date:
      - Thu, 14 Nov 2019 14:54:46 GMT
    body:
      encoding: ASCII-8BIT
      string: '{"subnets": [{"name": "EmsRefreshSpec-SubnetPublic", "enable_dhcp":
        false, "network_id": "20af6027-7aeb-432a-ab3b-d7217faa2f1c", "tenant_id":
        "69f8f7205ade4aa59084c32c83e60b5a", "dns_nameservers": [], "gateway_ip": "172.16.17.1",
        "ipv6_ra_mode": null, "allocation_pools": [{"start": "172.16.17.2", "end":
        "172.16.17.9"}, {"start": "172.16.17.11", "end": "172.16.17.19"}], "host_routes":
        [], "ip_version": 4, "ipv6_address_mode": null, "cidr": "172.16.17.0/24",
        "id": "33da95a6-bded-44d8-be36-6cc97f3d72bd", "subnetpool_id": null}, {"name":
        "EmsRefreshSpec-SubnetPublic_20", "enable_dhcp": false, "network_id": "8da920f8-705d-4777-a938-e081b01ad41c",
        "tenant_id": "69f8f7205ade4aa59084c32c83e60b5a", "dns_nameservers": [], "gateway_ip":
        "172.16.19.1", "ipv6_ra_mode": null, "allocation_pools": [{"start": "172.16.19.21",
        "end": "172.16.19.23"}], "host_routes": [], "ip_version": 4, "ipv6_address_mode":
        null, "cidr": "172.16.19.0/24", "id": "c68ac5c0-9d9e-438b-a10f-6d0faeee0790",
        "subnetpool_id": null}, {"name": "EmsRefreshSpec-IsolatedSubnetPrivate_2",
        "enable_dhcp": true, "network_id": "6ad8942f-11ef-4419-bdf5-9ba3561b6281",
        "tenant_id": "69f8f7205ade4aa59084c32c83e60b5a", "dns_nameservers": [], "gateway_ip":
        "192.168.50.1", "ipv6_ra_mode": null, "allocation_pools": [{"start": "192.168.50.4",
        "end": "192.168.50.4"}, {"start": "192.168.50.2", "end": "192.168.50.2"}],
        "host_routes": [], "ip_version": 4, "ipv6_address_mode": null, "cidr": "192.168.50.0/24",
        "id": "826fd5a9-7a7a-4c40-a9b1-bd69041bbad4", "subnetpool_id": null}, {"name":
        "EmsRefreshSpec-SubnetPrivate_20", "enable_dhcp": true, "network_id": "9e63fc1a-c0d4-4a1d-b91c-07e6c9c85076",
        "tenant_id": "69f8f7205ade4aa59084c32c83e60b5a", "dns_nameservers": [], "gateway_ip":
        "192.168.20.1", "ipv6_ra_mode": null, "allocation_pools": [{"start": "192.168.20.2",
        "end": "192.168.20.254"}], "host_routes": [], "ip_version": 4, "ipv6_address_mode":
        null, "cidr": "192.168.20.0/24", "id": "2092b802-1034-4fb8-9c5e-1ec61d1e463f",
        "subnetpool_id": null}, {"name": "EmsRefreshSpec-SubnetPrivate_2", "enable_dhcp":
        true, "network_id": "4fadcfb0-493b-4a00-a2a8-e357f8115d96", "tenant_id": "69f8f7205ade4aa59084c32c83e60b5a",
        "dns_nameservers": [], "gateway_ip": "192.168.2.1", "ipv6_ra_mode": null,
        "allocation_pools": [{"start": "192.168.2.2", "end": "192.168.2.254"}], "host_routes":
        [], "ip_version": 4, "ipv6_address_mode": null, "cidr": "192.168.2.0/24",
        "id": "bb23bb48-804d-4416-bac3-231db23841e8", "subnetpool_id": null}, {"name":
        "EmsRefreshSpec-SubnetPublic_51", "enable_dhcp": false, "network_id": "6b46d522-85a1-4ce2-a276-2fab7cde0946",
        "tenant_id": "69f8f7205ade4aa59084c32c83e60b5a", "dns_nameservers": [], "gateway_ip":
        "172.16.51.1", "ipv6_ra_mode": null, "allocation_pools": [{"start": "172.16.51.2",
        "end": "172.16.51.254"}], "host_routes": [], "ip_version": 4, "ipv6_address_mode":
        null, "cidr": "172.16.51.0/24", "id": "68682f0f-b0e4-4f6d-9f96-d1dfb6a6c2b2",
        "subnetpool_id": null}, {"name": "EmsRefreshSpec-SubnetPublic_10", "enable_dhcp":
        false, "network_id": "83e63648-5a43-4db0-907c-cf9ca0150336", "tenant_id":
        "69f8f7205ade4aa59084c32c83e60b5a", "dns_nameservers": [], "gateway_ip": "172.16.18.1",
        "ipv6_ra_mode": null, "allocation_pools": [{"start": "172.16.18.2", "end":
        "172.16.18.254"}], "host_routes": [], "ip_version": 4, "ipv6_address_mode":
        null, "cidr": "172.16.18.0/24", "id": "93c2f53c-df39-491e-b45b-ce8b36b29437",
        "subnetpool_id": null}, {"name": "EmsRefreshSpec-SubnetPublic_30", "enable_dhcp":
        false, "network_id": "64bf0546-b600-4bd7-a519-9353bde2e235", "tenant_id":
        "69f8f7205ade4aa59084c32c83e60b5a", "dns_nameservers": [], "gateway_ip": "172.16.20.1",
        "ipv6_ra_mode": null, "allocation_pools": [{"start": "172.16.20.2", "end":
        "172.16.20.254"}], "host_routes": [], "ip_version": 4, "ipv6_address_mode":
        null, "cidr": "172.16.20.0/24", "id": "4d8b0801-addf-4ad4-8f46-e5bffa6a1002",
        "subnetpool_id": null}, {"name": "EmsRefreshSpec-SubnetPrivate_31", "enable_dhcp":
        true, "network_id": "c82b70e9-0847-43e9-9bde-b98b1ae445e9", "tenant_id": "69f8f7205ade4aa59084c32c83e60b5a",
        "dns_nameservers": [], "gateway_ip": "192.168.31.1", "ipv6_ra_mode": null,
        "allocation_pools": [{"start": "192.168.31.2", "end": "192.168.31.254"}],
        "host_routes": [], "ip_version": 4, "ipv6_address_mode": null, "cidr": "192.168.31.0/24",
        "id": "841b5584-f86f-4abd-9bc2-f445b8bc860b", "subnetpool_id": null}, {"name":
        "EmsRefreshSpec-IsolatedSubnetPrivate_1", "enable_dhcp": true, "network_id":
        "560b4210-2b5a-4439-8d24-203e09478f48", "tenant_id": "69f8f7205ade4aa59084c32c83e60b5a",
        "dns_nameservers": [], "gateway_ip": "192.168.40.1", "ipv6_ra_mode": null,
        "allocation_pools": [{"start": "192.168.40.2", "end": "192.168.40.254"}],
        "host_routes": [], "ip_version": 4, "ipv6_address_mode": null, "cidr": "192.168.40.0/24",
        "id": "448a986a-19a9-4684-ab6e-25cbf19ae30d", "subnetpool_id": null}, {"name":
        "EmsRefreshSpec-IsolatedSubnetPrivate_21", "enable_dhcp": true, "network_id":
        "6ad8942f-11ef-4419-bdf5-9ba3561b6281", "tenant_id": "69f8f7205ade4aa59084c32c83e60b5a",
        "dns_nameservers": [], "gateway_ip": "192.168.51.1", "ipv6_ra_mode": null,
        "allocation_pools": [{"start": "192.168.51.2", "end": "192.168.51.254"}],
        "host_routes": [], "ip_version": 4, "ipv6_address_mode": null, "cidr": "192.168.51.0/24",
        "id": "edfcb49b-e917-4897-b8ae-859ef3dae2de", "subnetpool_id": null}, {"name":
        "EmsRefreshSpec-SubnetPrivate_3", "enable_dhcp": true, "network_id": "1c785619-a768-4788-b3b5-ac39ebc2cea1",
        "tenant_id": "69f8f7205ade4aa59084c32c83e60b5a", "dns_nameservers": [], "gateway_ip":
        "192.168.3.1", "ipv6_ra_mode": null, "allocation_pools": [{"start": "192.168.3.2",
        "end": "192.168.3.6"}, {"start": "192.168.3.8", "end": "192.168.3.10"}], "host_routes":
        [], "ip_version": 4, "ipv6_address_mode": null, "cidr": "192.168.3.0/24",
        "id": "82ca5926-43cb-4312-a23f-727d5c0f5bae", "subnetpool_id": null}, {"name":
        "EmsRefreshSpec-SubnetPrivate_30", "enable_dhcp": true, "network_id": "c82b70e9-0847-43e9-9bde-b98b1ae445e9",
        "tenant_id": "69f8f7205ade4aa59084c32c83e60b5a", "dns_nameservers": [], "gateway_ip":
        "192.168.30.1", "ipv6_ra_mode": null, "allocation_pools": [{"start": "192.168.30.2",
        "end": "192.168.30.254"}], "host_routes": [], "ip_version": 4, "ipv6_address_mode":
        null, "cidr": "192.168.30.0/24", "id": "39628ee0-d5ff-4a88-ae66-80442e5feefd",
        "subnetpool_id": null}, {"name": "EmsRefreshSpec-SubnetPublic_50", "enable_dhcp":
        false, "network_id": "6b46d522-85a1-4ce2-a276-2fab7cde0946", "tenant_id":
        "69f8f7205ade4aa59084c32c83e60b5a", "dns_nameservers": [], "gateway_ip": "172.16.50.1",
        "ipv6_ra_mode": null, "allocation_pools": [{"start": "172.16.50.2", "end":
        "172.16.50.254"}], "host_routes": [], "ip_version": 4, "ipv6_address_mode":
        null, "cidr": "172.16.50.0/24", "id": "d71653c5-34d2-47bd-9cd2-d93330a34d44",
        "subnetpool_id": null}, {"name": "EmsRefreshSpec-SubnetPublic_40", "enable_dhcp":
        false, "network_id": "68259081-a5ca-425f-9d9b-816eb62148a3", "tenant_id":
        "69f8f7205ade4aa59084c32c83e60b5a", "dns_nameservers": [], "gateway_ip": "172.16.21.1",
        "ipv6_ra_mode": null, "allocation_pools": [{"start": "172.16.21.2", "end":
        "172.16.21.254"}], "host_routes": [], "ip_version": 4, "ipv6_address_mode":
        null, "cidr": "172.16.21.0/24", "id": "d0065ae4-dffb-4dcc-9e44-a0b1166337f3",
        "subnetpool_id": null}, {"name": "EmsRefreshSpec-SubnetPrivate_12", "enable_dhcp":
        true, "network_id": "c0e8e42b-005e-4183-8f25-fa91b3e441c1", "tenant_id": "69f8f7205ade4aa59084c32c83e60b5a",
        "dns_nameservers": ["8.8.8.8"], "gateway_ip": "192.168.1.1", "ipv6_ra_mode":
        null, "allocation_pools": [{"start": "192.168.1.2", "end": "192.168.1.254"}],
        "host_routes": [], "ip_version": 4, "ipv6_address_mode": null, "cidr": "192.168.1.0/24",
        "id": "d53802a5-f0f6-48ba-9207-dbd9b13acac3", "subnetpool_id": null}, {"name":
        "EmsRefreshSpec-SubnetPrivate", "enable_dhcp": true, "network_id": "c0e8e42b-005e-4183-8f25-fa91b3e441c1",
        "tenant_id": "69f8f7205ade4aa59084c32c83e60b5a", "dns_nameservers": ["8.8.8.8"],
        "gateway_ip": "192.168.0.1", "ipv6_ra_mode": null, "allocation_pools": [{"start":
        "192.168.0.3", "end": "192.168.0.5"}, {"start": "192.168.0.8", "end": "192.168.0.8"}],
        "host_routes": [], "ip_version": 4, "ipv6_address_mode": null, "cidr": "192.168.0.0/24",
        "id": "104c081f-97dd-42b7-8930-98abbd015c74", "subnetpool_id": null}]}'
    http_version: 
  recorded_at: Thu, 14 Nov 2019 14:54:47 GMT
recorded_with: VCR 5.0.0
